Archive member included to satisfy reference by file (symbol)

/opt/st/stm32cubeide_1.10.1/plugins/com.st.stm32cube.ide.mcu.externaltools.gnu-tools-for-stm32.10.3-2021.10.linux64_1.0.0.202111181127/tools/bin/../lib/gcc/arm-none-eabi/10.3.1/../../../../arm-none-eabi/lib/thumb/v6-m/nofp/libc_nano.a(lib_a-errno.o)
                              ./Core/Src/syscalls.o (__errno)
/opt/st/stm32cubeide_1.10.1/plugins/com.st.stm32cube.ide.mcu.externaltools.gnu-tools-for-stm32.10.3-2021.10.linux64_1.0.0.202111181127/tools/bin/../lib/gcc/arm-none-eabi/10.3.1/../../../../arm-none-eabi/lib/thumb/v6-m/nofp/libc_nano.a(lib_a-exit.o)
                              /opt/st/stm32cubeide_1.10.1/plugins/com.st.stm32cube.ide.mcu.externaltools.gnu-tools-for-stm32.10.3-2021.10.linux64_1.0.0.202111181127/tools/bin/../lib/gcc/arm-none-eabi/10.3.1/../../../../arm-none-eabi/lib/thumb/v6-m/nofp/crt0.o (exit)
/opt/st/stm32cubeide_1.10.1/plugins/com.st.stm32cube.ide.mcu.externaltools.gnu-tools-for-stm32.10.3-2021.10.linux64_1.0.0.202111181127/tools/bin/../lib/gcc/arm-none-eabi/10.3.1/../../../../arm-none-eabi/lib/thumb/v6-m/nofp/libc_nano.a(lib_a-impure.o)
                              /opt/st/stm32cubeide_1.10.1/plugins/com.st.stm32cube.ide.mcu.externaltools.gnu-tools-for-stm32.10.3-2021.10.linux64_1.0.0.202111181127/tools/bin/../lib/gcc/arm-none-eabi/10.3.1/../../../../arm-none-eabi/lib/thumb/v6-m/nofp/libc_nano.a(lib_a-exit.o) (_global_impure_ptr)
/opt/st/stm32cubeide_1.10.1/plugins/com.st.stm32cube.ide.mcu.externaltools.gnu-tools-for-stm32.10.3-2021.10.linux64_1.0.0.202111181127/tools/bin/../lib/gcc/arm-none-eabi/10.3.1/../../../../arm-none-eabi/lib/thumb/v6-m/nofp/libc_nano.a(lib_a-init.o)
                              /opt/st/stm32cubeide_1.10.1/plugins/com.st.stm32cube.ide.mcu.externaltools.gnu-tools-for-stm32.10.3-2021.10.linux64_1.0.0.202111181127/tools/bin/../lib/gcc/arm-none-eabi/10.3.1/../../../../arm-none-eabi/lib/thumb/v6-m/nofp/crt0.o (__libc_init_array)
/opt/st/stm32cubeide_1.10.1/plugins/com.st.stm32cube.ide.mcu.externaltools.gnu-tools-for-stm32.10.3-2021.10.linux64_1.0.0.202111181127/tools/bin/../lib/gcc/arm-none-eabi/10.3.1/../../../../arm-none-eabi/lib/thumb/v6-m/nofp/libc_nano.a(lib_a-memset.o)
                              /opt/st/stm32cubeide_1.10.1/plugins/com.st.stm32cube.ide.mcu.externaltools.gnu-tools-for-stm32.10.3-2021.10.linux64_1.0.0.202111181127/tools/bin/../lib/gcc/arm-none-eabi/10.3.1/../../../../arm-none-eabi/lib/thumb/v6-m/nofp/crt0.o (memset)
/opt/st/stm32cubeide_1.10.1/plugins/com.st.stm32cube.ide.mcu.externaltools.gnu-tools-for-stm32.10.3-2021.10.linux64_1.0.0.202111181127/tools/bin/../lib/gcc/arm-none-eabi/10.3.1/../../../../arm-none-eabi/lib/thumb/v6-m/nofp/libc_nano.a(lib_a-sprintf.o)
                              ./Core/Src/main.o (sprintf)
/opt/st/stm32cubeide_1.10.1/plugins/com.st.stm32cube.ide.mcu.externaltools.gnu-tools-for-stm32.10.3-2021.10.linux64_1.0.0.202111181127/tools/bin/../lib/gcc/arm-none-eabi/10.3.1/../../../../arm-none-eabi/lib/thumb/v6-m/nofp/libc_nano.a(lib_a-strlen.o)
                              ./Core/Src/SSD1306.o (strlen)
/opt/st/stm32cubeide_1.10.1/plugins/com.st.stm32cube.ide.mcu.externaltools.gnu-tools-for-stm32.10.3-2021.10.linux64_1.0.0.202111181127/tools/bin/../lib/gcc/arm-none-eabi/10.3.1/../../../../arm-none-eabi/lib/thumb/v6-m/nofp/libc_nano.a(lib_a-strncpy.o)
                              ./Core/Src/menu.o (strncpy)
/opt/st/stm32cubeide_1.10.1/plugins/com.st.stm32cube.ide.mcu.externaltools.gnu-tools-for-stm32.10.3-2021.10.linux64_1.0.0.202111181127/tools/bin/../lib/gcc/arm-none-eabi/10.3.1/../../../../arm-none-eabi/lib/thumb/v6-m/nofp/libc_nano.a(lib_a-nano-svfprintf.o)
                              /opt/st/stm32cubeide_1.10.1/plugins/com.st.stm32cube.ide.mcu.externaltools.gnu-tools-for-stm32.10.3-2021.10.linux64_1.0.0.202111181127/tools/bin/../lib/gcc/arm-none-eabi/10.3.1/../../../../arm-none-eabi/lib/thumb/v6-m/nofp/libc_nano.a(lib_a-sprintf.o) (_svfprintf_r)
/opt/st/stm32cubeide_1.10.1/plugins/com.st.stm32cube.ide.mcu.externaltools.gnu-tools-for-stm32.10.3-2021.10.linux64_1.0.0.202111181127/tools/bin/../lib/gcc/arm-none-eabi/10.3.1/../../../../arm-none-eabi/lib/thumb/v6-m/nofp/libc_nano.a(lib_a-nano-vfprintf_i.o)
                              /opt/st/stm32cubeide_1.10.1/plugins/com.st.stm32cube.ide.mcu.externaltools.gnu-tools-for-stm32.10.3-2021.10.linux64_1.0.0.202111181127/tools/bin/../lib/gcc/arm-none-eabi/10.3.1/../../../../arm-none-eabi/lib/thumb/v6-m/nofp/libc_nano.a(lib_a-nano-svfprintf.o) (_printf_i)
/opt/st/stm32cubeide_1.10.1/plugins/com.st.stm32cube.ide.mcu.externaltools.gnu-tools-for-stm32.10.3-2021.10.linux64_1.0.0.202111181127/tools/bin/../lib/gcc/arm-none-eabi/10.3.1/../../../../arm-none-eabi/lib/thumb/v6-m/nofp/libc_nano.a(lib_a-memchr-stub.o)
[...]
Memory Configuration

Name             Origin             Length             Attributes
RAM              0x0000000020000000 0x0000000000002000 xrw
FLASH            0x0000000008000000 0x0000000000010000 xr
*default*        0x0000000000000000 0xffffffffffffffff

Linker script and memory map

LOAD /opt/st/stm32cubeide_1.10.1/plugins/com.st.stm32cube.ide.mcu.externaltools.gnu-tools-for-stm32.10.3-2021.10.linux64_1.0.0.202111181127/tools/bin/../lib/gcc/arm-none-eabi/10.3.1/thumb/v6-m/nofp/crti.o
LOAD /opt/st/stm32cubeide_1.10.1/plugins/com.st.stm32cube.ide.mcu.externaltools.gnu-tools-for-stm32.10.3-2021.10.linux64_1.0.0.202111181127/tools/bin/../lib/gcc/arm-none-eabi/10.3.1/thumb/v6-m/nofp/crtbegin.o
LOAD /opt/st/stm32cubeide_1.10.1/plugins/com.st.stm32cube.ide.mcu.externaltools.gnu-tools-for-stm32.10.3-2021.10.linux64_1.0.0.202111181127/tools/bin/../lib/gcc/arm-none-eabi/10.3.1/../../../../arm-none-eabi/lib/thumb/v6-m/nofp/crt0.o
LOAD ./Core/Src/SSD1306.o
LOAD ./Core/Src/config.o
LOAD ./Core/Src/control.o
LOAD ./Core/Src/debounce.o
LOAD ./Core/Src/main.o
LOAD ./Core/Src/menu.o
LOAD ./Core/Src/stm32f0xx_hal_msp.o
LOAD ./Core/Src/stm32f0xx_it.o
LOAD ./Core/Src/syscalls.o
LOAD ./Core/Src/sysmem.o
LOAD ./Core/Src/system_stm32f0xx.o
LOAD ./Core/Startup/startup_stm32f051c8tx.o
LOAD ./Drivers/STM32F0xx_HAL_Driver/Src/stm32f0xx_hal.o
LOAD ./Drivers/STM32F0xx_HAL_Driver/Src/stm32f0xx_hal_adc.o
LOAD ./Drivers/STM32F0xx_HAL_Driver/Src/stm32f0xx_hal_adc_ex.o
LOAD ./Drivers/STM32F0xx_HAL_Driver/Src/stm32f0xx_hal_cortex.o
LOAD ./Drivers/STM32F0xx_HAL_Driver/Src/stm32f0xx_hal_dma.o
LOAD ./Drivers/STM32F0xx_HAL_Driver/Src/stm32f0xx_hal_exti.o
LOAD ./Drivers/STM32F0xx_HAL_Driver/Src/stm32f0xx_hal_flash.o
LOAD ./Drivers/STM32F0xx_HAL_Driver/Src/stm32f0xx_hal_flash_ex.o
LOAD ./Drivers/STM32F0xx_HAL_Driver/Src/stm32f0xx_hal_gpio.o
LOAD ./Drivers/STM32F0xx_HAL_Driver/Src/stm32f0xx_hal_i2c.o
LOAD ./Drivers/STM32F0xx_HAL_Driver/Src/stm32f0xx_hal_i2c_ex.o
LOAD ./Drivers/STM32F0xx_HAL_Driver/Src/stm32f0xx_hal_iwdg.o
LOAD ./Drivers/STM32F0xx_HAL_Driver/Src/stm32f0xx_hal_pwr.o
LOAD ./Drivers/STM32F0xx_HAL_Driver/Src/stm32f0xx_hal_pwr_ex.o
LOAD ./Drivers/STM32F0xx_HAL_Driver/Src/stm32f0xx_hal_rcc.o
LOAD ./Drivers/STM32F0xx_HAL_Driver/Src/stm32f0xx_hal_rcc_ex.o
LOAD ./Drivers/STM32F0xx_HAL_Driver/Src/stm32f0xx_hal_rtc.o
LOAD ./Drivers/STM32F0xx_HAL_Driver/Src/stm32f0xx_hal_rtc_ex.o
LOAD ./Drivers/STM32F0xx_HAL_Driver/Src/stm32f0xx_hal_spi.o
LOAD ./Drivers/STM32F0xx_HAL_Driver/Src/stm32f0xx_hal_spi_ex.o
LOAD ./Drivers/STM32F0xx_HAL_Driver/Src/stm32f0xx_hal_tim.o
LOAD ./Drivers/STM32F0xx_HAL_Driver/Src/stm32f0xx_hal_tim_ex.o
LOAD ./Drivers/STM32F0xx_HAL_Driver/Src/stm32f0xx_hal_uart.o
LOAD ./Drivers/STM32F0xx_HAL_Driver/Src/stm32f0xx_hal_uart_ex.o
START GROUP
LOAD /opt/st/stm32cubeide_1.10.1/plugins/com.st.stm32cube.ide.mcu.externaltools.gnu-tools-for-stm32.10.3-2021.10.linux64_1.0.0.202111181127/tools/bin/../lib/gcc/arm-none-eabi/10.3.1/../../../../arm-none-eabi/lib/thumb/v6-m/nofp/libc_nano.a
LOAD /opt/st/stm32cubeide_1.10.1/plugins/com.st.stm32cube.ide.mcu.externaltools.gnu-tools-for-stm32.10.3-2021.10.linux64_1.0.0.202111181127/tools/bin/../lib/gcc/arm-none-eabi/10.3.1/../../../../arm-none-eabi/lib/thumb/v6-m/nofp/libm.a
END GROUP
START GROUP
LOAD /opt/st/stm32cubeide_1.10.1/plugins/com.st.stm32cube.ide.mcu.externaltools.gnu-tools-for-stm32.10.3-2021.10.linux64_1.0.0.202111181127/tools/bin/../lib/gcc/arm-none-eabi/10.3.1/thumb/v6-m/nofp/libgcc.a
LOAD /opt/st/stm32cubeide_1.10.1/plugins/com.st.stm32cube.ide.mcu.externaltools.gnu-tools-for-stm32.10.3-2021.10.linux64_1.0.0.202111181127/tools/bin/../lib/gcc/arm-none-eabi/10.3.1/../../../../arm-none-eabi/lib/thumb/v6-m/nofp/libc_nano.a
END GROUP
START GROUP
LOAD /opt/st/stm32cubeide_1.10.1/plugins/com.st.stm32cube.ide.mcu.externaltools.gnu-tools-for-stm32.10.3-2021.10.linux64_1.0.0.202111181127/tools/bin/../lib/gcc/arm-none-eabi/10.3.1/thumb/v6-m/nofp/libgcc.a
LOAD /opt/st/stm32cubeide_1.10.1/plugins/com.st.stm32cube.ide.mcu.externaltools.gnu-tools-for-stm32.10.3-2021.10.linux64_1.0.0.202111181127/tools/bin/../lib/gcc/arm-none-eabi/10.3.1/../../../../arm-none-eabi/lib/thumb/v6-m/nofp/libc_nano.a
LOAD /opt/st/stm32cubeide_1.10.1/plugins/com.st.stm32cube.ide.mcu.externaltools.gnu-tools-for-stm32.10.3-2021.10.linux64_1.0.0.202111181127/tools/bin/../lib/gcc/arm-none-eabi/10.3.1/../../../../arm-none-eabi/lib/thumb/v6-m/nofp/libnosys.a
END GROUP
START GROUP
LOAD /opt/st/stm32cubeide_1.10.1/plugins/com.st.stm32cube.ide.mcu.externaltools.gnu-tools-for-stm32.10.3-2021.10.linux64_1.0.0.202111181127/tools/bin/../lib/gcc/arm-none-eabi/10.3.1/thumb/v6-m/nofp/libgcc.a
LOAD /opt/st/stm32cubeide_1.10.1/plugins/com.st.stm32cube.ide.mcu.externaltools.gnu-tools-for-stm32.10.3-2021.10.linux64_1.0.0.202111181127/tools/bin/../lib/gcc/arm-none-eabi/10.3.1/../../../../arm-none-eabi/lib/thumb/v6-m/nofp/libc_nano.a
LOAD /opt/st/stm32cubeide_1.10.1/plugins/com.st.stm32cube.ide.mcu.externaltools.gnu-tools-for-stm32.10.3-2021.10.linux64_1.0.0.202111181127/tools/bin/../lib/gcc/arm-none-eabi/10.3.1/../../../../arm-none-eabi/lib/thumb/v6-m/nofp/libnosys.a
END GROUP
LOAD /opt/st/stm32cubeide_1.10.1/plugins/com.st.stm32cube.ide.mcu.externaltools.gnu-tools-for-stm32.10.3-2021.10.linux64_1.0.0.202111181127/tools/bin/../lib/gcc/arm-none-eabi/10.3.1/thumb/v6-m/nofp/crtend.o
LOAD /opt/st/stm32cubeide_1.10.1/plugins/com.st.stm32cube.ide.mcu.externaltools.gnu-tools-for-stm32.10.3-2021.10.linux64_1.0.0.202111181127/tools/bin/../lib/gcc/arm-none-eabi/10.3.1/thumb/v6-m/nofp/crtn.o
                0x0000000020002000                _estack = (ORIGIN (RAM) + LENGTH (RAM))
                0x0000000000000200                _Min_Heap_Size = 0x200
                0x0000000000000400                _Min_Stack_Size = 0x400

.isr_vector     0x0000000008000000       0xc0
                0x0000000008000000                . = ALIGN (0x4)
 *(.isr_vector)
 .isr_vector    0x0000000008000000       0xc0 ./Core/Startup/startup_stm32f051c8tx.o
                0x0000000008000000                g_pfnVectors
                0x00000000080000c0                . = ALIGN (0x4)

.text           0x00000000080000c0     0xab44
                0x00000000080000c0                . = ALIGN (0x4)
 *(.text)
 .text          0x00000000080000c0       0x48 /opt/st/stm32cubeide_1.10.1/plugins/com.st.stm32cube.ide.mcu.externaltools.gnu-tools-for-stm32.10.3-2021.10.linux64_1.0.0.202111181127/tools/bin/../lib/gcc/arm-none-eabi/10.3.1/thumb/v6-m/nofp/crtbegin.o
 .text          0x0000000008000108        0xe /opt/st/stm32cubeide_1.10.1/plugins/com.st.stm32cube.ide.mcu.externaltools.gnu-tools-for-stm32.10.3-2021.10.linux64_1.0.0.202111181127/tools/bin/../lib/gcc/arm-none-eabi/10.3.1/../../../../arm-none-eabi/lib/thumb/v6-m/nofp/libc_nano.a(lib_a-strlen.o)
                0x0000000008000108                strlen
 *fill*         0x0000000008000116        0x2 
 .text          0x0000000008000118       0x14 /opt/st/stm32cubeide_1.10.1/plugins/com.st.stm32cube.ide.mcu.externaltools.gnu-tools-for-stm32.10.3-2021.10.linux64_1.0.0.202111181127/tools/bin/../lib/gcc/arm-none-eabi/10.3.1/thumb/v6-m/nofp/libgcc.a(_thumb1_case_shi.o)
                0x0000000008000118                __gnu_thumb1_case_shi
 .text          0x000000000800012c      0x114 /opt/st/stm32cubeide_1.10.1/plugins/com.st.stm32cube.ide.mcu.externaltools.gnu-tools-for-stm32.10.3-2021.10.linux64_1.0.0.202111181127/tools/bin/../lib/gcc/arm-none-eabi/10.3.1/thumb/v6-m/nofp/libgcc.a(_udivsi3.o)
                0x000000000800012c                __udivsi3
                0x000000000800012c                __aeabi_uidiv
                0x0000000008000238                __aeabi_uidivmod
 .text          0x0000000008000240      0x1d4 /opt/st/stm32cubeide_1.10.1/plugins/com.st.stm32cube.ide.mcu.externaltools.gnu-tools-for-stm32.10.3-2021.10.linux64_1.0.0.202111181127/tools/bin/../lib/gcc/arm-none-eabi/10.3.1/thumb/v6-m/nofp/libgcc.a(_divsi3.o)
                0x0000000008000240                __aeabi_idiv
                0x0000000008000240                __divsi3
                0x000000000800040c                __aeabi_idivmod
 .text          0x0000000008000414        0x4 /opt/st/stm32cubeide_1.10.1/plugins/com.st.stm32cube.ide.mcu.externaltools.gnu-tools-for-stm32.10.3-2021.10.linux64_1.0.0.202111181127/tools/bin/../lib/gcc/arm-none-eabi/10.3.1/thumb/v6-m/nofp/libgcc.a(_dvmd_tls.o)
                0x0000000008000414                __aeabi_ldiv0
                0x0000000008000414                __aeabi_idiv0
 .text          0x0000000008000418       0x74 /opt/st/stm32cubeide_1.10.1/plugins/com.st.stm32cube.ide.mcu.externaltools.gnu-tools-for-stm32.10.3-2021.10.linux64_1.0.0.202111181127/tools/bin/../lib/gcc/arm-none-eabi/10.3.1/thumb/v6-m/nofp/libgcc.a(_arm_cmpsf2.o)
                0x0000000008000418                __aeabi_cfrcmple
                0x0000000008000420                __aeabi_cfcmple
                0x0000000008000420                __aeabi_cfcmpeq
                0x0000000008000430                __aeabi_fcmpeq
                0x000000000800043c                __aeabi_fcmplt
                0x0000000008000450                __aeabi_fcmple
                0x0000000008000464                __aeabi_fcmpgt
                0x0000000008000478                __aeabi_fcmpge
 .text          0x000000000800048c      0x33c /opt/st/stm32cubeide_1.10.1/plugins/com.st.stm32cube.ide.mcu.externaltools.gnu-tools-for-stm32.10.3-2021.10.linux64_1.0.0.202111181127/tools/bin/../lib/gcc/arm-none-eabi/10.3.1/thumb/v6-m/nofp/libgcc.a(addsf3.o)
                0x000000000800048c                __aeabi_fadd
 .text          0x00000000080007c8       0x4c /opt/st/stm32cubeide_1.10.1/plugins/com.st.stm32cube.ide.mcu.externaltools.gnu-tools-for-stm32.10.3-2021.10.linux64_1.0.0.202111181127/tools/bin/../lib/gcc/arm-none-eabi/10.3.1/thumb/v6-m/nofp/libgcc.a(eqsf2.o)
                0x00000000080007c8                __nesf2
                0x00000000080007c8                __eqsf2
 .text          0x0000000008000814       0x8c /opt/st/stm32cubeide_1.10.1/plugins/com.st.stm32cube.ide.mcu.externaltools.gnu-tools-for-stm32.10.3-2021.10.linux64_1.0.0.202111181127/tools/bin/../lib/gcc/arm-none-eabi/10.3.1/thumb/v6-m/nofp/libgcc.a(gesf2.o)
                0x0000000008000814                __gtsf2
                0x0000000008000814                __gesf2
 .text          0x00000000080008a0       0x88 /opt/st/stm32cubeide_1.10.1/plugins/com.st.stm32cube.ide.mcu.externaltools.gnu-tools-for-stm32.10.3-2021.10.linux64_1.0.0.202111181127/tools/bin/../lib/gcc/arm-none-eabi/10.3.1/thumb/v6-m/nofp/libgcc.a(lesf2.o)
                0x00000000080008a0                __lesf2
                0x00000000080008a0                __ltsf2
 .text          0x0000000008000928      0x24c /opt/st/stm32cubeide_1.10.1/plugins/com.st.stm32cube.ide.mcu.externaltools.gnu-tools-for-stm32.10.3-2021.10.linux64_1.0.0.202111181127/tools/bin/../lib/gcc/arm-none-eabi/10.3.1/thumb/v6-m/nofp/libgcc.a(mulsf3.o)
                0x0000000008000928                __aeabi_fmul
 .text          0x0000000008000b74      0x35c /opt/st/stm32cubeide_1.10.1/plugins/com.st.stm32cube.ide.mcu.externaltools.gnu-tools-for-stm32.10.3-2021.10.linux64_1.0.0.202111181127/tools/bin/../lib/gcc/arm-none-eabi/10.3.1/thumb/v6-m/nofp/libgcc.a(subsf3.o)
                0x0000000008000b74                __aeabi_fsub
 .text          0x0000000008000ed0       0x40 /opt/st/stm32cubeide_1.10.1/plugins/com.st.stm32cube.ide.mcu.externaltools.gnu-tools-for-stm32.10.3-2021.10.linux64_1.0.0.202111181127/tools/bin/../lib/gcc/arm-none-eabi/10.3.1/thumb/v6-m/nofp/libgcc.a(fixsfsi.o)
                0x0000000008000ed0                __aeabi_f2iz
 .text          0x0000000008000f10       0x9c /opt/st/stm32cubeide_1.10.1/plugins/com.st.stm32cube.ide.mcu.externaltools.gnu-tools-for-stm32.10.3-2021.10.linux64_1.0.0.202111181127/tools/bin/../lib/gcc/arm-none-eabi/10.3.1/thumb/v6-m/nofp/libgcc.a(floatsisf.o)
                0x0000000008000f10                __aeabi_i2f
 .text          0x0000000008000fac       0x3c /opt/st/stm32cubeide_1.10.1/plugins/com.st.stm32cube.ide.mcu.externaltools.gnu-tools-for-stm32.10.3-2021.10.linux64_1.0.0.202111181127/tools/bin/../lib/gcc/arm-none-eabi/10.3.1/thumb/v6-m/nofp/libgcc.a(_clzsi2.o)
                0x0000000008000fac                __clzsi2
 *(.text*)
 .text.SSD1306_InitScreen
                0x0000000008000fe8      0x11c ./Core/Src/SSD1306.o
                0x0000000008000fe8                SSD1306_InitScreen
 .text.SSD1306_i2cWrite
                0x0000000008001104       0x34 ./Core/Src/SSD1306.o
                0x0000000008001104                SSD1306_i2cWrite
 .text.SSD1306_command1
                0x0000000008001138       0x3a ./Core/Src/SSD1306.o
                0x0000000008001138                SSD1306_command1
 .text.SSD1306_sendCommand
                0x0000000008001172       0x5e ./Core/Src/SSD1306.o
                0x0000000008001172                SSD1306_sendCommand
 .text.SSD1306_sendData
                0x00000000080011d0       0x30 ./Core/Src/SSD1306.o
                0x00000000080011d0                SSD1306_sendData
 .text.SSD1306_setPageAddress
                0x0000000008001200       0x2c ./Core/Src/SSD1306.o
                0x0000000008001200                SSD1306_setPageAddress
 .text.SSD1306_setColumnAddress
                0x000000000800122c       0x2c ./Core/Src/SSD1306.o
                0x000000000800122c                SSD1306_setColumnAddress
 .text.SSD1306_writeString
                0x0000000008001258       0x8c ./Core/Src/SSD1306.o
                0x0000000008001258                SSD1306_writeString
 .text.SSD1306_setFont
                0x00000000080012e4       0x50 ./Core/Src/SSD1306.o
                0x00000000080012e4                SSD1306_setFont
 .text.SSD1306_writeCharToBuf
                0x0000000008001334      0x180 ./Core/Src/SSD1306.o
                0x0000000008001334                SSD1306_writeCharToBuf
 .text.SSD1306_writeFrameBufRow
                0x00000000080014b4       0x2c ./Core/Src/SSD1306.o
                0x00000000080014b4                SSD1306_writeFrameBufRow
 .text.SSD1306_WriteRow
                0x00000000080014e0       0x20 ./Core/Src/SSD1306.o
                0x00000000080014e0                SSD1306_WriteRow
 .text.SSD1306_ClearBuf
                0x0000000008001500       0x38 ./Core/Src/SSD1306.o
                0x0000000008001500                SSD1306_ClearBuf
 .text.SSD1306_clearDisplay
                0x0000000008001538       0x5c ./Core/Src/SSD1306.o
                0x0000000008001538                SSD1306_clearDisplay
 .text.SSD1306_SetupFrameBuf
                0x0000000008001594       0x7c ./Core/Src/SSD1306.o
                0x0000000008001594                SSD1306_SetupFrameBuf
 .text.backup_settings
                0x0000000008001610       0x68 ./Core/Src/config.o
                0x0000000008001610                backup_settings
 .text.restore_settings
                0x0000000008001678       0x78 ./Core/Src/config.o
                0x0000000008001678                restore_settings
 .text.reset_defaults
                0x00000000080016f0       0x34 ./Core/Src/config.o
                0x00000000080016f0                reset_defaults
 .text.config_to_setpoints
                0x0000000008001724       0xa0 ./Core/Src/config.o
                0x0000000008001724                config_to_setpoints
 .text.HAL_ADC_ConvCpltCallback
                0x00000000080017c4       0x1c ./Core/Src/control.o
                0x00000000080017c4                HAL_ADC_ConvCpltCallback
 .text.lights_and_buzzers
                0x00000000080017e0       0xd8 ./Core/Src/control.o
                0x00000000080017e0                lights_and_buzzers
 .text.HAL_TIM_PeriodElapsedCallback
                0x00000000080018b8       0x70 ./Core/Src/control.o
                0x00000000080018b8                HAL_TIM_PeriodElapsedCallback
 .text.check_interlocks
                0x0000000008001928       0x88 ./Core/Src/control.o
                0x0000000008001928                check_interlocks
 .text.motor_state_machine
                0x00000000080019b0      0x4e8 ./Core/Src/control.o
                0x00000000080019b0                motor_state_machine
 .text.get_shunt_current
                0x0000000008001e98       0x54 ./Core/Src/control.o
                0x0000000008001e98                get_shunt_current
 .text.motor_pwm_update
                0x0000000008001eec      0x230 ./Core/Src/control.o
                0x0000000008001eec                motor_pwm_update
 .text.read_thermocouples
                0x000000000800211c      0x21c ./Core/Src/control.o
                0x000000000800211c                read_thermocouples
 .text.thermal_control_loop
                0x0000000008002338      0x29c ./Core/Src/control.o
                0x0000000008002338                thermal_control_loop
 .text.debounce
                0x00000000080025d4       0x5e ./Core/Src/debounce.o
                0x00000000080025d4                debounce
 *fill*         0x0000000008002632        0x2 
 .text.debounce_menu_buttons
                0x0000000008002634       0x7c ./Core/Src/debounce.o
                0x0000000008002634                debounce_menu_buttons
 .text.debounce_activate_buttons
                0x00000000080026b0       0x54 ./Core/Src/debounce.o
                0x00000000080026b0                debounce_activate_buttons
 .text.debounce_interlock
                0x0000000008002704       0x7c ./Core/Src/debounce.o
                0x0000000008002704                debounce_interlock
 .text.main     0x0000000008002780      0x4a0 ./Core/Src/main.o
                0x0000000008002780                main
 .text.SystemClock_Config
                0x0000000008002c20       0xd2 ./Core/Src/main.o
                0x0000000008002c20                SystemClock_Config
 *fill*         0x0000000008002cf2        0x2 
 .text.MX_ADC_Init
                0x0000000008002cf4       0xb8 ./Core/Src/main.o
 .text.MX_I2C2_Init
                0x0000000008002dac       0x80 ./Core/Src/main.o
 .text.MX_IWDG_Init
                0x0000000008002e2c       0x40 ./Core/Src/main.o
 .text.MX_RTC_Init
                0x0000000008002e6c       0x50 ./Core/Src/main.o
 .text.MX_SPI1_Init
                0x0000000008002ebc       0x7c ./Core/Src/main.o
 .text.MX_TIM1_Init
                0x0000000008002f38      0x144 ./Core/Src/main.o
 .text.MX_TIM2_Init
                0x000000000800307c       0xc4 ./Core/Src/main.o
 .text.MX_USART2_UART_Init
                0x0000000008003140       0x60 ./Core/Src/main.o
 .text.MX_DMA_Init
                0x00000000080031a0       0x4c ./Core/Src/main.o
 .text.MX_GPIO_Init
                0x00000000080031ec      0x170 ./Core/Src/main.o
 .text.Error_Handler
                0x000000000800335c        0xa ./Core/Src/main.o
                0x000000000800335c                Error_Handler
 *fill*         0x0000000008003366        0x2 
 .text.init_menus
                0x0000000008003368       0xe0 ./Core/Src/menu.o
                0x0000000008003368                init_menus
 .text.link_menus
                0x0000000008003448       0x3a ./Core/Src/menu.o
                0x0000000008003448                link_menus
 *fill*         0x0000000008003482        0x2 
 .text.menu_up  0x0000000008003484       0xec ./Core/Src/menu.o
                0x0000000008003484                menu_up
 .text.menu_down
                0x0000000008003570      0x15c ./Core/Src/menu.o
                0x0000000008003570                menu_down
 .text.menu_enter
                0x00000000080036cc      0x234 ./Core/Src/menu.o
                0x00000000080036cc                menu_enter
 .text.menu_return_home
                0x0000000008003900       0x3c ./Core/Src/menu.o
                0x0000000008003900                menu_return_home
 .text.debug_display
                0x000000000800393c      0x270 ./Core/Src/menu.o
                0x000000000800393c                debug_display
 .text.status_display
                0x0000000008003bac      0x198 ./Core/Src/menu.o
                0x0000000008003bac                status_display
 .text.generic_display
                0x0000000008003d44      0x198 ./Core/Src/menu.o
                0x0000000008003d44                generic_display
 .text.temperature_display
                0x0000000008003edc       0xa4 ./Core/Src/menu.o
                0x0000000008003edc                temperature_display
 .text.press_time_display
                0x0000000008003f80       0x88 ./Core/Src/menu.o
                0x0000000008003f80                press_time_display
 .text.manual_mode_display
                0x0000000008004008       0x5c ./Core/Src/menu.o
                0x0000000008004008                manual_mode_display
 .text.reset_display
                0x0000000008004064       0x64 ./Core/Src/menu.o
                0x0000000008004064                reset_display
 .text.units_display
                0x00000000080040c8       0x5c ./Core/Src/menu.o
                0x00000000080040c8                units_display
 .text.jog_display
                0x0000000008004124       0x48 ./Core/Src/menu.o
                0x0000000008004124                jog_display
 .text.write_row
                0x000000000800416c       0x44 ./Core/Src/menu.o
                0x000000000800416c                write_row
 .text.write_row_innerfunc
                0x00000000080041b0       0xa8 ./Core/Src/menu.o
                0x00000000080041b0                write_row_innerfunc
 .text.set_row  0x0000000008004258       0x80 ./Core/Src/menu.o
                0x0000000008004258                set_row
 .text.HAL_MspInit
                0x00000000080042d8       0x48 ./Core/Src/stm32f0xx_hal_msp.o
                0x00000000080042d8                HAL_MspInit
 .text.HAL_ADC_MspInit
                0x0000000008004320       0xf4 ./Core/Src/stm32f0xx_hal_msp.o
                0x0000000008004320                HAL_ADC_MspInit
 .text.HAL_I2C_MspInit
                0x0000000008004414       0xf8 ./Core/Src/stm32f0xx_hal_msp.o
                0x0000000008004414                HAL_I2C_MspInit
 .text.HAL_RTC_MspInit
                0x000000000800450c       0x30 ./Core/Src/stm32f0xx_hal_msp.o
                0x000000000800450c                HAL_RTC_MspInit
 .text.HAL_SPI_MspInit
                0x000000000800453c       0x9c ./Core/Src/stm32f0xx_hal_msp.o
                0x000000000800453c                HAL_SPI_MspInit
 .text.HAL_TIM_PWM_MspInit
                0x00000000080045d8       0x74 ./Core/Src/stm32f0xx_hal_msp.o
                0x00000000080045d8                HAL_TIM_PWM_MspInit
 .text.HAL_TIM_MspPostInit
                0x000000000800464c      0x120 ./Core/Src/stm32f0xx_hal_msp.o
                0x000000000800464c                HAL_TIM_MspPostInit
 .text.HAL_UART_MspInit
                0x000000000800476c       0x98 ./Core/Src/stm32f0xx_hal_msp.o
                0x000000000800476c                HAL_UART_MspInit
 .text.NMI_Handler
                0x0000000008004804        0x6 ./Core/Src/stm32f0xx_it.o
                0x0000000008004804                NMI_Handler
 .text.HardFault_Handler
                0x000000000800480a        0x6 ./Core/Src/stm32f0xx_it.o
                0x000000000800480a                HardFault_Handler
 .text.SVC_Handler
                0x0000000008004810        0xa ./Core/Src/stm32f0xx_it.o
                0x0000000008004810                SVC_Handler
 .text.PendSV_Handler
                0x000000000800481a        0xa ./Core/Src/stm32f0xx_it.o
                0x000000000800481a                PendSV_Handler
 .text.SysTick_Handler
                0x0000000008004824        0xe ./Core/Src/stm32f0xx_it.o
                0x0000000008004824                SysTick_Handler
 *fill*         0x0000000008004832        0x2 
 .text.DMA1_Channel1_IRQHandler
                0x0000000008004834       0x18 ./Core/Src/stm32f0xx_it.o
                0x0000000008004834                DMA1_Channel1_IRQHandler
 .text.DMA1_Channel4_5_IRQHandler
                0x000000000800484c       0x18 ./Core/Src/stm32f0xx_it.o
                0x000000000800484c                DMA1_Channel4_5_IRQHandler
 .text.ADC1_COMP_IRQHandler
                0x0000000008004864       0x18 ./Core/Src/stm32f0xx_it.o
                0x0000000008004864                ADC1_COMP_IRQHandler
 .text.TIM1_BRK_UP_TRG_COM_IRQHandler
                0x000000000800487c       0x18 ./Core/Src/stm32f0xx_it.o
                0x000000000800487c                TIM1_BRK_UP_TRG_COM_IRQHandler
 .text.I2C2_IRQHandler
                0x0000000008004894       0x30 ./Core/Src/stm32f0xx_it.o
                0x0000000008004894                I2C2_IRQHandler
 .text._sbrk    0x00000000080048c4       0x6c ./Core/Src/sysmem.o
                0x00000000080048c4                _sbrk
 .text.SystemInit
                0x0000000008004930        0xa ./Core/Src/system_stm32f0xx.o
                0x0000000008004930                SystemInit
 *fill*         0x000000000800493a        0x2 
 .text.Reset_Handler
                0x000000000800493c       0x50 ./Core/Startup/startup_stm32f051c8tx.o
                0x000000000800493c                Reset_Handler
 .text.Default_Handler
                0x000000000800498c        0x2 ./Core/Startup/startup_stm32f051c8tx.o
                0x000000000800498c                TIM1_CC_IRQHandler
                0x000000000800498c                TSC_IRQHandler
                0x000000000800498c                PVD_IRQHandler
                0x000000000800498c                I2C1_IRQHandler
                0x000000000800498c                RCC_CRS_IRQHandler
                0x000000000800498c                SPI1_IRQHandler
                0x000000000800498c                TIM6_DAC_IRQHandler
                0x000000000800498c                EXTI2_3_IRQHandler
                0x000000000800498c                TIM17_IRQHandler
                0x000000000800498c                CEC_CAN_IRQHandler
                0x000000000800498c                RTC_IRQHandler
                0x000000000800498c                TIM16_IRQHandler
                0x000000000800498c                TIM3_IRQHandler
                0x000000000800498c                EXTI4_15_IRQHandler
                0x000000000800498c                Default_Handler
                0x000000000800498c                TIM14_IRQHandler
                0x000000000800498c                TIM15_IRQHandler
                0x000000000800498c                EXTI0_1_IRQHandler
                0x000000000800498c                SPI2_IRQHandler
                0x000000000800498c                WWDG_IRQHandler
                0x000000000800498c                TIM2_IRQHandler
                0x000000000800498c                DMA1_Channel2_3_IRQHandler
                0x000000000800498c                USART2_IRQHandler
                0x000000000800498c                FLASH_IRQHandler
                0x000000000800498c                USART1_IRQHandler
 *fill*         0x000000000800498e        0x2 
 .text.HAL_Init
                0x0000000008004990       0x28 ./Drivers/STM32F0xx_HAL_Driver/Src/stm32f0xx_hal.o
                0x0000000008004990                HAL_Init
 .text.HAL_InitTick
                0x00000000080049b8       0x68 ./Drivers/STM32F0xx_HAL_Driver/Src/stm32f0xx_hal.o
                0x00000000080049b8                HAL_InitTick
 .text.HAL_IncTick
                0x0000000008004a20       0x24 ./Drivers/STM32F0xx_HAL_Driver/Src/stm32f0xx_hal.o
                0x0000000008004a20                HAL_IncTick
 .text.HAL_GetTick
                0x0000000008004a44       0x14 ./Drivers/STM32F0xx_HAL_Driver/Src/stm32f0xx_hal.o
                0x0000000008004a44                HAL_GetTick
 .text.HAL_Delay
                0x0000000008004a58       0x48 ./Drivers/STM32F0xx_HAL_Driver/Src/stm32f0xx_hal.o
                0x0000000008004a58                HAL_Delay
 .text.HAL_ADC_Init
                0x0000000008004aa0      0x280 ./Drivers/STM32F0xx_HAL_Driver/Src/stm32f0xx_hal_adc.o
                0x0000000008004aa0                HAL_ADC_Init
 .text.HAL_ADC_Start_DMA
                0x0000000008004d20      0x104 ./Drivers/STM32F0xx_HAL_Driver/Src/stm32f0xx_hal_adc.o
                0x0000000008004d20                HAL_ADC_Start_DMA
 .text.HAL_ADC_IRQHandler
                0x0000000008004e24      0x170 ./Drivers/STM32F0xx_HAL_Driver/Src/stm32f0xx_hal_adc.o
                0x0000000008004e24                HAL_ADC_IRQHandler
 .text.HAL_ADC_ConvHalfCpltCallback
                0x0000000008004f94       0x10 ./Drivers/STM32F0xx_HAL_Driver/Src/stm32f0xx_hal_adc.o
                0x0000000008004f94                HAL_ADC_ConvHalfCpltCallback
 .text.HAL_ADC_LevelOutOfWindowCallback
                0x0000000008004fa4       0x10 ./Drivers/STM32F0xx_HAL_Driver/Src/stm32f0xx_hal_adc.o
                0x0000000008004fa4                HAL_ADC_LevelOutOfWindowCallback
 .text.HAL_ADC_ErrorCallback
                0x0000000008004fb4       0x10 ./Drivers/STM32F0xx_HAL_Driver/Src/stm32f0xx_hal_adc.o
                0x0000000008004fb4                HAL_ADC_ErrorCallback
 .text.HAL_ADC_ConfigChannel
                0x0000000008004fc4      0x21c ./Drivers/STM32F0xx_HAL_Driver/Src/stm32f0xx_hal_adc.o
                0x0000000008004fc4                HAL_ADC_ConfigChannel
 .text.ADC_Enable
                0x00000000080051e0      0x108 ./Drivers/STM32F0xx_HAL_Driver/Src/stm32f0xx_hal_adc.o
 .text.ADC_DMAConvCplt
                0x00000000080052e8       0xb4 ./Drivers/STM32F0xx_HAL_Driver/Src/stm32f0xx_hal_adc.o
 .text.ADC_DMAHalfConvCplt
                0x000000000800539c       0x1e ./Drivers/STM32F0xx_HAL_Driver/Src/stm32f0xx_hal_adc.o
 .text.ADC_DMAError
                0x00000000080053ba       0x36 ./Drivers/STM32F0xx_HAL_Driver/Src/stm32f0xx_hal_adc.o
 .text.HAL_ADCEx_Calibration_Start
                0x00000000080053f0      0x150 ./Drivers/STM32F0xx_HAL_Driver/Src/stm32f0xx_hal_adc_ex.o
                0x00000000080053f0                HAL_ADCEx_Calibration_Start
 .text.__NVIC_EnableIRQ
                0x0000000008005540       0x34 ./Drivers/STM32F0xx_HAL_Driver/Src/stm32f0xx_hal_cortex.o
 .text.__NVIC_SetPriority
                0x0000000008005574       0xdc ./Drivers/STM32F0xx_HAL_Driver/Src/stm32f0xx_hal_cortex.o
 .text.SysTick_Config
                0x0000000008005650       0x48 ./Drivers/STM32F0xx_HAL_Driver/Src/stm32f0xx_hal_cortex.o
 .text.HAL_NVIC_SetPriority
                0x0000000008005698       0x2a ./Drivers/STM32F0xx_HAL_Driver/Src/stm32f0xx_hal_cortex.o
                0x0000000008005698                HAL_NVIC_SetPriority
 .text.HAL_NVIC_EnableIRQ
                0x00000000080056c2       0x20 ./Drivers/STM32F0xx_HAL_Driver/Src/stm32f0xx_hal_cortex.o
                0x00000000080056c2                HAL_NVIC_EnableIRQ
 .text.HAL_SYSTICK_Config
                0x00000000080056e2       0x1a ./Drivers/STM32F0xx_HAL_Driver/Src/stm32f0xx_hal_cortex.o
                0x00000000080056e2                HAL_SYSTICK_Config
 .text.HAL_DMA_Init
                0x00000000080056fc       0x90 ./Drivers/STM32F0xx_HAL_Driver/Src/stm32f0xx_hal_dma.o
                0x00000000080056fc                HAL_DMA_Init
 .text.HAL_DMA_Start_IT
                0x000000000800578c       0xcc ./Drivers/STM32F0xx_HAL_Driver/Src/stm32f0xx_hal_dma.o
                0x000000000800578c                HAL_DMA_Start_IT
 .text.HAL_DMA_Abort_IT
                0x0000000008005858       0x8a ./Drivers/STM32F0xx_HAL_Driver/Src/stm32f0xx_hal_dma.o
                0x0000000008005858                HAL_DMA_Abort_IT
 .text.HAL_DMA_IRQHandler
                0x00000000080058e2      0x144 ./Drivers/STM32F0xx_HAL_Driver/Src/stm32f0xx_hal_dma.o
                0x00000000080058e2                HAL_DMA_IRQHandler
 .text.HAL_DMA_GetState
                0x0000000008005a26       0x18 ./Drivers/STM32F0xx_HAL_Driver/Src/stm32f0xx_hal_dma.o
                0x0000000008005a26                HAL_DMA_GetState
 .text.DMA_SetConfig
                0x0000000008005a3e       0x58 ./Drivers/STM32F0xx_HAL_Driver/Src/stm32f0xx_hal_dma.o
 *fill*         0x0000000008005a96        0x2 
 .text.DMA_CalcBaseAndBitshift
                0x0000000008005a98       0x38 ./Drivers/STM32F0xx_HAL_Driver/Src/stm32f0xx_hal_dma.o
 .text.HAL_GPIO_Init
                0x0000000008005ad0      0x2e0 ./Drivers/STM32F0xx_HAL_Driver/Src/stm32f0xx_hal_gpio.o
                0x0000000008005ad0                HAL_GPIO_Init
 .text.HAL_GPIO_ReadPin
                0x0000000008005db0       0x3a ./Drivers/STM32F0xx_HAL_Driver/Src/stm32f0xx_hal_gpio.o
                0x0000000008005db0                HAL_GPIO_ReadPin
 .text.HAL_GPIO_WritePin
                0x0000000008005dea       0x3a ./Drivers/STM32F0xx_HAL_Driver/Src/stm32f0xx_hal_gpio.o
                0x0000000008005dea                HAL_GPIO_WritePin
 .text.HAL_GPIO_TogglePin
                0x0000000008005e24       0x36 ./Drivers/STM32F0xx_HAL_Driver/Src/stm32f0xx_hal_gpio.o
                0x0000000008005e24                HAL_GPIO_TogglePin
 *fill*         0x0000000008005e5a        0x2 
 .text.HAL_I2C_Init
                0x0000000008005e5c      0x12c ./Drivers/STM32F0xx_HAL_Driver/Src/stm32f0xx_hal_i2c.o
                0x0000000008005e5c                HAL_I2C_Init
 .text.HAL_I2C_Master_Transmit
                0x0000000008005f88      0x210 ./Drivers/STM32F0xx_HAL_Driver/Src/stm32f0xx_hal_i2c.o
                0x0000000008005f88                HAL_I2C_Master_Transmit
 .text.HAL_I2C_EV_IRQHandler
                0x0000000008006198       0x34 ./Drivers/STM32F0xx_HAL_Driver/Src/stm32f0xx_hal_i2c.o
                0x0000000008006198                HAL_I2C_EV_IRQHandler
 .text.HAL_I2C_ER_IRQHandler
                0x00000000080061cc       0xc4 ./Drivers/STM32F0xx_HAL_Driver/Src/stm32f0xx_hal_i2c.o
                0x00000000080061cc                HAL_I2C_ER_IRQHandler
 .text.HAL_I2C_SlaveTxCpltCallback
                0x0000000008006290       0x10 ./Drivers/STM32F0xx_HAL_Driver/Src/stm32f0xx_hal_i2c.o
                0x0000000008006290                HAL_I2C_SlaveTxCpltCallback
 .text.HAL_I2C_SlaveRxCpltCallback
                0x00000000080062a0       0x10 ./Drivers/STM32F0xx_HAL_Driver/Src/stm32f0xx_hal_i2c.o
                0x00000000080062a0                HAL_I2C_SlaveRxCpltCallback
 .text.HAL_I2C_AddrCallback
                0x00000000080062b0       0x20 ./Drivers/STM32F0xx_HAL_Driver/Src/stm32f0xx_hal_i2c.o
                0x00000000080062b0                HAL_I2C_AddrCallback
 .text.HAL_I2C_ListenCpltCallback
                0x00000000080062d0       0x10 ./Drivers/STM32F0xx_HAL_Driver/Src/stm32f0xx_hal_i2c.o
                0x00000000080062d0                HAL_I2C_ListenCpltCallback
 .text.HAL_I2C_ErrorCallback
                0x00000000080062e0       0x10 ./Drivers/STM32F0xx_HAL_Driver/Src/stm32f0xx_hal_i2c.o
                0x00000000080062e0                HAL_I2C_ErrorCallback
 .text.HAL_I2C_AbortCpltCallback
                0x00000000080062f0       0x10 ./Drivers/STM32F0xx_HAL_Driver/Src/stm32f0xx_hal_i2c.o
                0x00000000080062f0                HAL_I2C_AbortCpltCallback
 .text.I2C_Slave_ISR_IT
                0x0000000008006300      0x228 ./Drivers/STM32F0xx_HAL_Driver/Src/stm32f0xx_hal_i2c.o
 .text.I2C_ITAddrCplt
                0x0000000008006528      0x148 ./Drivers/STM32F0xx_HAL_Driver/Src/stm32f0xx_hal_i2c.o
 .text.I2C_ITSlaveSeqCplt
                0x0000000008006670       0xcc ./Drivers/STM32F0xx_HAL_Driver/Src/stm32f0xx_hal_i2c.o
 .text.I2C_ITSlaveCplt
                0x000000000800673c      0x248 ./Drivers/STM32F0xx_HAL_Driver/Src/stm32f0xx_hal_i2c.o
 .text.I2C_ITListenCplt
                0x0000000008006984       0xb4 ./Drivers/STM32F0xx_HAL_Driver/Src/stm32f0xx_hal_i2c.o
 .text.I2C_ITError
                0x0000000008006a38      0x1c4 ./Drivers/STM32F0xx_HAL_Driver/Src/stm32f0xx_hal_i2c.o
 .text.I2C_TreatErrorCallback
                0x0000000008006bfc       0x52 ./Drivers/STM32F0xx_HAL_Driver/Src/stm32f0xx_hal_i2c.o
 .text.I2C_Flush_TXDR
                0x0000000008006c4e       0x44 ./Drivers/STM32F0xx_HAL_Driver/Src/stm32f0xx_hal_i2c.o
 .text.I2C_DMAAbort
                0x0000000008006c92       0x3e ./Drivers/STM32F0xx_HAL_Driver/Src/stm32f0xx_hal_i2c.o
 .text.I2C_WaitOnFlagUntilTimeout
                0x0000000008006cd0       0x7e ./Drivers/STM32F0xx_HAL_Driver/Src/stm32f0xx_hal_i2c.o
 .text.I2C_WaitOnTXISFlagUntilTimeout
                0x0000000008006d4e       0x7e ./Drivers/STM32F0xx_HAL_Driver/Src/stm32f0xx_hal_i2c.o
 .text.I2C_WaitOnSTOPFlagUntilTimeout
                0x0000000008006dcc       0x78 ./Drivers/STM32F0xx_HAL_Driver/Src/stm32f0xx_hal_i2c.o
 .text.I2C_IsAcknowledgeFailed
                0x0000000008006e44       0xf4 ./Drivers/STM32F0xx_HAL_Driver/Src/stm32f0xx_hal_i2c.o
 .text.I2C_TransferConfig
                0x0000000008006f38       0x6c ./Drivers/STM32F0xx_HAL_Driver/Src/stm32f0xx_hal_i2c.o
 .text.I2C_Disable_IRQ
                0x0000000008006fa4       0xc6 ./Drivers/STM32F0xx_HAL_Driver/Src/stm32f0xx_hal_i2c.o
 *fill*         0x000000000800706a        0x2 
 .text.HAL_I2CEx_ConfigAnalogFilter
                0x000000000800706c       0x98 ./Drivers/STM32F0xx_HAL_Driver/Src/stm32f0xx_hal_i2c_ex.o
                0x000000000800706c                HAL_I2CEx_ConfigAnalogFilter
 .text.HAL_I2CEx_ConfigDigitalFilter
                0x0000000008007104       0x98 ./Drivers/STM32F0xx_HAL_Driver/Src/stm32f0xx_hal_i2c_ex.o
                0x0000000008007104                HAL_I2CEx_ConfigDigitalFilter
 .text.HAL_IWDG_Init
                0x000000000800719c       0xa4 ./Drivers/STM32F0xx_HAL_Driver/Src/stm32f0xx_hal_iwdg.o
                0x000000000800719c                HAL_IWDG_Init
 .text.HAL_IWDG_Refresh
                0x0000000008007240       0x20 ./Drivers/STM32F0xx_HAL_Driver/Src/stm32f0xx_hal_iwdg.o
                0x0000000008007240                HAL_IWDG_Refresh
 .text.HAL_PWR_EnableBkUpAccess
                0x0000000008007260       0x1c ./Drivers/STM32F0xx_HAL_Driver/Src/stm32f0xx_hal_pwr.o
                0x0000000008007260                HAL_PWR_EnableBkUpAccess
 .text.HAL_RCC_OscConfig
                0x000000000800727c      0x634 ./Drivers/STM32F0xx_HAL_Driver/Src/stm32f0xx_hal_rcc.o
                0x000000000800727c                HAL_RCC_OscConfig
 .text.HAL_RCC_ClockConfig
                0x00000000080078b0      0x19c ./Drivers/STM32F0xx_HAL_Driver/Src/stm32f0xx_hal_rcc.o
                0x00000000080078b0                HAL_RCC_ClockConfig
 .text.HAL_RCC_GetSysClockFreq
                0x0000000008007a4c       0xc8 ./Drivers/STM32F0xx_HAL_Driver/Src/stm32f0xx_hal_rcc.o
                0x0000000008007a4c                HAL_RCC_GetSysClockFreq
 .text.HAL_RCC_GetHCLKFreq
                0x0000000008007b14       0x14 ./Drivers/STM32F0xx_HAL_Driver/Src/stm32f0xx_hal_rcc.o
                0x0000000008007b14                HAL_RCC_GetHCLKFreq
 .text.HAL_RCC_GetPCLK1Freq
                0x0000000008007b28       0x2c ./Drivers/STM32F0xx_HAL_Driver/Src/stm32f0xx_hal_rcc.o
                0x0000000008007b28                HAL_RCC_GetPCLK1Freq
 .text.HAL_RCCEx_PeriphCLKConfig
                0x0000000008007b54      0x1bc ./Drivers/STM32F0xx_HAL_Driver/Src/stm32f0xx_hal_rcc_ex.o
                0x0000000008007b54                HAL_RCCEx_PeriphCLKConfig
 .text.HAL_RTC_Init
                0x0000000008007d10      0x128 ./Drivers/STM32F0xx_HAL_Driver/Src/stm32f0xx_hal_rtc.o
                0x0000000008007d10                HAL_RTC_Init
 .text.HAL_RTC_WaitForSynchro
                0x0000000008007e38       0x52 ./Drivers/STM32F0xx_HAL_Driver/Src/stm32f0xx_hal_rtc.o
                0x0000000008007e38                HAL_RTC_WaitForSynchro
 .text.RTC_EnterInitMode
                0x0000000008007e8a       0x58 ./Drivers/STM32F0xx_HAL_Driver/Src/stm32f0xx_hal_rtc.o
                0x0000000008007e8a                RTC_EnterInitMode
 .text.HAL_RTCEx_BKUPWrite
                0x0000000008007ee2       0x30 ./Drivers/STM32F0xx_HAL_Driver/Src/stm32f0xx_hal_rtc_ex.o
                0x0000000008007ee2                HAL_RTCEx_BKUPWrite
 .text.HAL_RTCEx_BKUPRead
                0x0000000008007f12       0x2c ./Drivers/STM32F0xx_HAL_Driver/Src/stm32f0xx_hal_rtc_ex.o
                0x0000000008007f12                HAL_RTCEx_BKUPRead
 *fill*         0x0000000008007f3e        0x2 
 .text.HAL_SPI_Init
                0x0000000008007f40      0x170 ./Drivers/STM32F0xx_HAL_Driver/Src/stm32f0xx_hal_spi.o
                0x0000000008007f40                HAL_SPI_Init
 .text.HAL_SPI_Receive
                0x00000000080080b0      0x298 ./Drivers/STM32F0xx_HAL_Driver/Src/stm32f0xx_hal_spi.o
                0x00000000080080b0                HAL_SPI_Receive
 .text.HAL_SPI_TransmitReceive
                0x0000000008008348      0x3a4 ./Drivers/STM32F0xx_HAL_Driver/Src/stm32f0xx_hal_spi.o
                0x0000000008008348                HAL_SPI_TransmitReceive
 .text.SPI_WaitFlagStateUntilTimeout
                0x00000000080086ec      0x11c ./Drivers/STM32F0xx_HAL_Driver/Src/stm32f0xx_hal_spi.o
 .text.SPI_WaitFifoStateUntilTimeout
                0x0000000008008808      0x144 ./Drivers/STM32F0xx_HAL_Driver/Src/stm32f0xx_hal_spi.o
 .text.SPI_EndRxTransaction
                0x000000000800894c       0xbc ./Drivers/STM32F0xx_HAL_Driver/Src/stm32f0xx_hal_spi.o
 .text.SPI_EndRxTxTransaction
                0x0000000008008a08       0x8c ./Drivers/STM32F0xx_HAL_Driver/Src/stm32f0xx_hal_spi.o
 .text.HAL_TIM_Base_Start_IT
                0x0000000008008a94       0xa4 ./Drivers/STM32F0xx_HAL_Driver/Src/stm32f0xx_hal_tim.o
                0x0000000008008a94                HAL_TIM_Base_Start_IT
 .text.HAL_TIM_PWM_Init
                0x0000000008008b38       0xa0 ./Drivers/STM32F0xx_HAL_Driver/Src/stm32f0xx_hal_tim.o
                0x0000000008008b38                HAL_TIM_PWM_Init
 .text.HAL_TIM_PWM_Start
                0x0000000008008bd8      0x170 ./Drivers/STM32F0xx_HAL_Driver/Src/stm32f0xx_hal_tim.o
                0x0000000008008bd8                HAL_TIM_PWM_Start
 .text.HAL_TIM_PWM_Stop
                0x0000000008008d48       0xf8 ./Drivers/STM32F0xx_HAL_Driver/Src/stm32f0xx_hal_tim.o
                0x0000000008008d48                HAL_TIM_PWM_Stop
 .text.HAL_TIM_IRQHandler
                0x0000000008008e40      0x22c ./Drivers/STM32F0xx_HAL_Driver/Src/stm32f0xx_hal_tim.o
                0x0000000008008e40                HAL_TIM_IRQHandler
 .text.HAL_TIM_PWM_ConfigChannel
                0x000000000800906c      0x18c ./Drivers/STM32F0xx_HAL_Driver/Src/stm32f0xx_hal_tim.o
                0x000000000800906c                HAL_TIM_PWM_ConfigChannel
 .text.HAL_TIM_OC_DelayElapsedCallback
                0x00000000080091f8       0x10 ./Drivers/STM32F0xx_HAL_Driver/Src/stm32f0xx_hal_tim.o
                0x00000000080091f8                HAL_TIM_OC_DelayElapsedCallback
 .text.HAL_TIM_IC_CaptureCallback
                0x0000000008009208       0x10 ./Drivers/STM32F0xx_HAL_Driver/Src/stm32f0xx_hal_tim.o
                0x0000000008009208                HAL_TIM_IC_CaptureCallback
 .text.HAL_TIM_PWM_PulseFinishedCallback
                0x0000000008009218       0x10 ./Drivers/STM32F0xx_HAL_Driver/Src/stm32f0xx_hal_tim.o
                0x0000000008009218                HAL_TIM_PWM_PulseFinishedCallback
 .text.HAL_TIM_TriggerCallback
                0x0000000008009228       0x10 ./Drivers/STM32F0xx_HAL_Driver/Src/stm32f0xx_hal_tim.o
                0x0000000008009228                HAL_TIM_TriggerCallback
 .text.TIM_Base_SetConfig
                0x0000000008009238      0x100 ./Drivers/STM32F0xx_HAL_Driver/Src/stm32f0xx_hal_tim.o
                0x0000000008009238                TIM_Base_SetConfig
 .text.TIM_OC1_SetConfig
                0x0000000008009338      0x110 ./Drivers/STM32F0xx_HAL_Driver/Src/stm32f0xx_hal_tim.o
 .text.TIM_OC2_SetConfig
                0x0000000008009448      0x108 ./Drivers/STM32F0xx_HAL_Driver/Src/stm32f0xx_hal_tim.o
                0x0000000008009448                TIM_OC2_SetConfig
 .text.TIM_OC3_SetConfig
                0x0000000008009550      0x10c ./Drivers/STM32F0xx_HAL_Driver/Src/stm32f0xx_hal_tim.o
 .text.TIM_OC4_SetConfig
                0x000000000800965c       0xd4 ./Drivers/STM32F0xx_HAL_Driver/Src/stm32f0xx_hal_tim.o
 .text.TIM_CCxChannelCmd
                0x0000000008009730       0x46 ./Drivers/STM32F0xx_HAL_Driver/Src/stm32f0xx_hal_tim.o
                0x0000000008009730                TIM_CCxChannelCmd
 *fill*         0x0000000008009776        0x2 
 .text.HAL_TIMEx_PWMN_Start
                0x0000000008009778      0x138 ./Drivers/STM32F0xx_HAL_Driver/Src/stm32f0xx_hal_tim_ex.o
                0x0000000008009778                HAL_TIMEx_PWMN_Start
 .text.HAL_TIMEx_MasterConfigSynchronization
                0x00000000080098b0       0xbc ./Drivers/STM32F0xx_HAL_Driver/Src/stm32f0xx_hal_tim_ex.o
                0x00000000080098b0                HAL_TIMEx_MasterConfigSynchronization
 .text.HAL_TIMEx_ConfigBreakDeadTime
                0x000000000800996c       0xbc ./Drivers/STM32F0xx_HAL_Driver/Src/stm32f0xx_hal_tim_ex.o
                0x000000000800996c                HAL_TIMEx_ConfigBreakDeadTime
 .text.HAL_TIMEx_CommutCallback
                0x0000000008009a28       0x10 ./Drivers/STM32F0xx_HAL_Driver/Src/stm32f0xx_hal_tim_ex.o
                0x0000000008009a28                HAL_TIMEx_CommutCallback
 .text.HAL_TIMEx_BreakCallback
                0x0000000008009a38       0x10 ./Drivers/STM32F0xx_HAL_Driver/Src/stm32f0xx_hal_tim_ex.o
                0x0000000008009a38                HAL_TIMEx_BreakCallback
 .text.TIM_CCxNChannelCmd
                0x0000000008009a48       0x46 ./Drivers/STM32F0xx_HAL_Driver/Src/stm32f0xx_hal_tim_ex.o
 *fill*         0x0000000008009a8e        0x2 
 .text.HAL_UART_Init
                0x0000000008009a90       0xa8 ./Drivers/STM32F0xx_HAL_Driver/Src/stm32f0xx_hal_uart.o
                0x0000000008009a90                HAL_UART_Init
 .text.HAL_UART_Transmit
                0x0000000008009b38      0x152 ./Drivers/STM32F0xx_HAL_Driver/Src/stm32f0xx_hal_uart.o
                0x0000000008009b38                HAL_UART_Transmit
 *fill*         0x0000000008009c8a        0x2 
 .text.UART_SetConfig
                0x0000000008009c8c      0x280 ./Drivers/STM32F0xx_HAL_Driver/Src/stm32f0xx_hal_uart.o
                0x0000000008009c8c                UART_SetConfig
 .text.UART_AdvFeatureConfig
                0x0000000008009f0c      0x168 ./Drivers/STM32F0xx_HAL_Driver/Src/stm32f0xx_hal_uart.o
                0x0000000008009f0c                UART_AdvFeatureConfig
 .text.UART_CheckIdleState
                0x000000000800a074       0x90 ./Drivers/STM32F0xx_HAL_Driver/Src/stm32f0xx_hal_uart.o
                0x000000000800a074                UART_CheckIdleState
 .text.UART_WaitOnFlagUntilTimeout
                0x000000000800a104      0x188 ./Drivers/STM32F0xx_HAL_Driver/Src/stm32f0xx_hal_uart.o
                0x000000000800a104                UART_WaitOnFlagUntilTimeout
 .text.__errno  0x000000000800a28c        0xc /opt/st/stm32cubeide_1.10.1/plugins/com.st.stm32cube.ide.mcu.externaltools.gnu-tools-for-stm32.10.3-2021.10.linux64_1.0.0.202111181127/tools/bin/../lib/gcc/arm-none-eabi/10.3.1/../../../../arm-none-eabi/lib/thumb/v6-m/nofp/libc_nano.a(lib_a-errno.o)
                0x000000000800a28c                __errno
 .text.__libc_init_array
                0x000000000800a298       0x48 /opt/st/stm32cubeide_1.10.1/plugins/com.st.stm32cube.ide.mcu.externaltools.gnu-tools-for-stm32.10.3-2021.10.linux64_1.0.0.202111181127/tools/bin/../lib/gcc/arm-none-eabi/10.3.1/../../../../arm-none-eabi/lib/thumb/v6-m/nofp/libc_nano.a(lib_a-init.o)
                0x000000000800a298                __libc_init_array
 .text.memset   0x000000000800a2e0       0x10 /opt/st/stm32cubeide_1.10.1/plugins/com.st.stm32cube.ide.mcu.externaltools.gnu-tools-for-stm32.10.3-2021.10.linux64_1.0.0.202111181127/tools/bin/../lib/gcc/arm-none-eabi/10.3.1/../../../../arm-none-eabi/lib/thumb/v6-m/nofp/libc_nano.a(lib_a-memset.o)
                0x000000000800a2e0                memset
 .text.sprintf  0x000000000800a2f0       0x40 /opt/st/stm32cubeide_1.10.1/plugins/com.st.stm32cube.ide.mcu.externaltools.gnu-tools-for-stm32.10.3-2021.10.linux64_1.0.0.202111181127/tools/bin/../lib/gcc/arm-none-eabi/10.3.1/../../../../arm-none-eabi/lib/thumb/v6-m/nofp/libc_nano.a(lib_a-sprintf.o)
                0x000000000800a2f0                sprintf
                0x000000000800a2f0                siprintf
 .text.strncpy  0x000000000800a330       0x28 /opt/st/stm32cubeide_1.10.1/plugins/com.st.stm32cube.ide.mcu.externaltools.gnu-tools-for-stm32.10.3-2021.10.linux64_1.0.0.202111181127/tools/bin/../lib/gcc/arm-none-eabi/10.3.1/../../../../arm-none-eabi/lib/thumb/v6-m/nofp/libc_nano.a(lib_a-strncpy.o)
                0x000000000800a330                strncpy
 .text.__ssputs_r
                0x000000000800a358       0xc4 /opt/st/stm32cubeide_1.10.1/plugins/com.st.stm32cube.ide.mcu.externaltools.gnu-tools-for-stm32.10.3-2021.10.linux64_1.0.0.202111181127/tools/bin/../lib/gcc/arm-none-eabi/10.3.1/../../../../arm-none-eabi/lib/thumb/v6-m/nofp/libc_nano.a(lib_a-nano-svfprintf.o)
                0x000000000800a358                __ssputs_r
 .text._svfprintf_r
                0x000000000800a41c      0x200 /opt/st/stm32cubeide_1.10.1/plugins/com.st.stm32cube.ide.mcu.externaltools.gnu-tools-for-stm32.10.3-2021.10.linux64_1.0.0.202111181127/tools/bin/../lib/gcc/arm-none-eabi/10.3.1/../../../../arm-none-eabi/lib/thumb/v6-m/nofp/libc_nano.a(lib_a-nano-svfprintf.o)
                0x000000000800a41c                _svfprintf_r
                0x000000000800a41c                _svfiprintf_r
 .text._printf_common
                0x000000000800a61c       0xde /opt/st/stm32cubeide_1.10.1/plugins/com.st.stm32cube.ide.mcu.externaltools.gnu-tools-for-stm32.10.3-2021.10.linux64_1.0.0.202111181127/tools/bin/../lib/gcc/arm-none-eabi/10.3.1/../../../../arm-none-eabi/lib/thumb/v6-m/nofp/libc_nano.a(lib_a-nano-vfprintf_i.o)
                0x000000000800a61c                _printf_common
 *fill*         0x000000000800a6fa        0x2 
 .text._printf_i
                0x000000000800a6fc      0x224 /opt/st/stm32cubeide_1.10.1/plugins/com.st.stm32cube.ide.mcu.externaltools.gnu-tools-for-stm32.10.3-2021.10.linux64_1.0.0.202111181127/tools/bin/../lib/gcc/arm-none-eabi/10.3.1/../../../../arm-none-eabi/lib/thumb/v6-m/nofp/libc_nano.a(lib_a-nano-vfprintf_i.o)
                0x000000000800a6fc                _printf_i
 .text.memchr   0x000000000800a920       0x16 /opt/st/stm32cubeide_1.10.1/plugins/com.st.stm32cube.ide.mcu.externaltools.gnu-tools-for-stm32.10.3-2021.10.linux64_1.0.0.202111181127/tools/bin/../lib/gcc/arm-none-eabi/10.3.1/../../../../arm-none-eabi/lib/thumb/v6-m/nofp/libc_nano.a(lib_a-memchr-stub.o)
                0x000000000800a920                memchr
 .text.memcpy   0x000000000800a936       0x12 /opt/st/stm32cubeide_1.10.1/plugins/com.st.stm32cube.ide.mcu.externaltools.gnu-tools-for-stm32.10.3-2021.10.linux64_1.0.0.202111181127/tools/bin/../lib/gcc/arm-none-eabi/10.3.1/../../../../arm-none-eabi/lib/thumb/v6-m/nofp/libc_nano.a(lib_a-memcpy-stub.o)
                0x000000000800a936                memcpy
 .text.memmove  0x000000000800a948       0x26 /opt/st/stm32cubeide_1.10.1/plugins/com.st.stm32cube.ide.mcu.externaltools.gnu-tools-for-stm32.10.3-2021.10.linux64_1.0.0.202111181127/tools/bin/../lib/gcc/arm-none-eabi/10.3.1/../../../../arm-none-eabi/lib/thumb/v6-m/nofp/libc_nano.a(lib_a-memmove.o)
                0x000000000800a948                memmove
 *fill*         0x000000000800a96e        0x2 
 .text._free_r  0x000000000800a970       0x94 /opt/st/stm32cubeide_1.10.1/plugins/com.st.stm32cube.ide.mcu.externaltools.gnu-tools-for-stm32.10.3-2021.10.linux64_1.0.0.202111181127/tools/bin/../lib/gcc/arm-none-eabi/10.3.1/../../../../arm-none-eabi/lib/thumb/v6-m/nofp/libc_nano.a(lib_a-nano-freer.o)
                0x000000000800a970                _free_r
 .text.sbrk_aligned
                0x000000000800aa04       0x44 /opt/st/stm32cubeide_1.10.1/plugins/com.st.stm32cube.ide.mcu.externaltools.gnu-tools-for-stm32.10.3-2021.10.linux64_1.0.0.202111181127/tools/bin/../lib/gcc/arm-none-eabi/10.3.1/../../../../arm-none-eabi/lib/thumb/v6-m/nofp/libc_nano.a(lib_a-nano-mallocr.o)
 .text._malloc_r
                0x000000000800aa48       0xec /opt/st/stm32cubeide_1.10.1/plugins/com.st.stm32cube.ide.mcu.externaltools.gnu-tools-for-stm32.10.3-2021.10.linux64_1.0.0.202111181127/tools/bin/../lib/gcc/arm-none-eabi/10.3.1/../../../../arm-none-eabi/lib/thumb/v6-m/nofp/libc_nano.a(lib_a-nano-mallocr.o)
                0x000000000800aa48                _malloc_r
 .text._realloc_r
                0x000000000800ab34       0x5e /opt/st/stm32cubeide_1.10.1/plugins/com.st.stm32cube.ide.mcu.externaltools.gnu-tools-for-stm32.10.3-2021.10.linux64_1.0.0.202111181127/tools/bin/../lib/gcc/arm-none-eabi/10.3.1/../../../../arm-none-eabi/lib/thumb/v6-m/nofp/libc_nano.a(lib_a-nano-reallocr.o)
                0x000000000800ab34                _realloc_r
 *fill*         0x000000000800ab92        0x2 
 .text._sbrk_r  0x000000000800ab94       0x24 /opt/st/stm32cubeide_1.10.1/plugins/com.st.stm32cube.ide.mcu.externaltools.gnu-tools-for-stm32.10.3-2021.10.linux64_1.0.0.202111181127/tools/bin/../lib/gcc/arm-none-eabi/10.3.1/../../../../arm-none-eabi/lib/thumb/v6-m/nofp/libc_nano.a(lib_a-sbrkr.o)
                0x000000000800ab94                _sbrk_r
 .text.__malloc_lock
                0x000000000800abb8       0x10 /opt/st/stm32cubeide_1.10.1/plugins/com.st.stm32cube.ide.mcu.externaltools.gnu-tools-for-stm32.10.3-2021.10.linux64_1.0.0.202111181127/tools/bin/../lib/gcc/arm-none-eabi/10.3.1/../../../../arm-none-eabi/lib/thumb/v6-m/nofp/libc_nano.a(lib_a-mlock.o)
                0x000000000800abb8                __malloc_lock
 .text.__malloc_unlock
                0x000000000800abc8       0x10 /opt/st/stm32cubeide_1.10.1/plugins/com.st.stm32cube.ide.mcu.externaltools.gnu-tools-for-stm32.10.3-2021.10.linux64_1.0.0.202111181127/tools/bin/../lib/gcc/arm-none-eabi/10.3.1/../../../../arm-none-eabi/lib/thumb/v6-m/nofp/libc_nano.a(lib_a-mlock.o)
                0x000000000800abc8                __malloc_unlock
 .text._malloc_usable_size_r
                0x000000000800abd8       0x10 /opt/st/stm32cubeide_1.10.1/plugins/com.st.stm32cube.ide.mcu.externaltools.gnu-tools-for-stm32.10.3-2021.10.linux64_1.0.0.202111181127/tools/bin/../lib/gcc/arm-none-eabi/10.3.1/../../../../arm-none-eabi/lib/thumb/v6-m/nofp/libc_nano.a(lib_a-nano-msizer.o)
                0x000000000800abd8                _malloc_usable_size_r
 .text.__retarget_lock_acquire_recursive
                0x000000000800abe8        0x2 /opt/st/stm32cubeide_1.10.1/plugins/com.st.stm32cube.ide.mcu.externaltools.gnu-tools-for-stm32.10.3-2021.10.linux64_1.0.0.202111181127/tools/bin/../lib/gcc/arm-none-eabi/10.3.1/../../../../arm-none-eabi/lib/thumb/v6-m/nofp/libc_nano.a(lib_a-lock.o)
                0x000000000800abe8                __retarget_lock_acquire_recursive
 .text.__retarget_lock_release_recursive
                0x000000000800abea        0x2 /opt/st/stm32cubeide_1.10.1/plugins/com.st.stm32cube.ide.mcu.externaltools.gnu-tools-for-stm32.10.3-2021.10.linux64_1.0.0.202111181127/tools/bin/../lib/gcc/arm-none-eabi/10.3.1/../../../../arm-none-eabi/lib/thumb/v6-m/nofp/libc_nano.a(lib_a-lock.o)
                0x000000000800abea                __retarget_lock_release_recursive
 *(.glue_7)
 .glue_7        0x000000000800abec        0x0 linker stubs
 *(.glue_7t)
 .glue_7t       0x000000000800abec        0x0 linker stubs
 *(.eh_frame)
 .eh_frame      0x000000000800abec        0x0 /opt/st/stm32cubeide_1.10.1/plugins/com.st.stm32cube.ide.mcu.externaltools.gnu-tools-for-stm32.10.3-2021.10.linux64_1.0.0.202111181127/tools/bin/../lib/gcc/arm-none-eabi/10.3.1/thumb/v6-m/nofp/crtbegin.o
 *(.init)
 .init          0x000000000800abec        0x4 /opt/st/stm32cubeide_1.10.1/plugins/com.st.stm32cube.ide.mcu.externaltools.gnu-tools-for-stm32.10.3-2021.10.linux64_1.0.0.202111181127/tools/bin/../lib/gcc/arm-none-eabi/10.3.1/thumb/v6-m/nofp/crti.o
                0x000000000800abec                _init
 .init          0x000000000800abf0        0x8 /opt/st/stm32cubeide_1.10.1/plugins/com.st.stm32cube.ide.mcu.externaltools.gnu-tools-for-stm32.10.3-2021.10.linux64_1.0.0.202111181127/tools/bin/../lib/gcc/arm-none-eabi/10.3.1/thumb/v6-m/nofp/crtn.o
 *(.fini)
 .fini          0x000000000800abf8        0x4 /opt/st/stm32cubeide_1.10.1/plugins/com.st.stm32cube.ide.mcu.externaltools.gnu-tools-for-stm32.10.3-2021.10.linux64_1.0.0.202111181127/tools/bin/../lib/gcc/arm-none-eabi/10.3.1/thumb/v6-m/nofp/crti.o
                0x000000000800abf8                _fini
 .fini          0x000000000800abfc        0x8 /opt/st/stm32cubeide_1.10.1/plugins/com.st.stm32cube.ide.mcu.externaltools.gnu-tools-for-stm32.10.3-2021.10.linux64_1.0.0.202111181127/tools/bin/../lib/gcc/arm-none-eabi/10.3.1/thumb/v6-m/nofp/crtn.o
                0x000000000800ac04                . = ALIGN (0x4)
                0x000000000800ac04                _etext = .

.vfp11_veneer   0x000000000800ac04        0x0
 .vfp11_veneer  0x000000000800ac04        0x0 linker stubs

.v4_bx          0x000000000800ac04        0x0
 .v4_bx         0x000000000800ac04        0x0 linker stubs

.iplt           0x000000000800ac04        0x0
 .iplt          0x000000000800ac04        0x0 /opt/st/stm32cubeide_1.10.1/plugins/com.st.stm32cube.ide.mcu.externaltools.gnu-tools-for-stm32.10.3-2021.10.linux64_1.0.0.202111181127/tools/bin/../lib/gcc/arm-none-eabi/10.3.1/thumb/v6-m/nofp/crtbegin.o

.rodata         0x000000000800ac04      0xf34
                0x000000000800ac04                . = ALIGN (0x4)
 *(.rodata)
 .rodata        0x000000000800ac04       0x7b ./Core/Src/main.o
 *fill*         0x000000000800ac7f        0x1 
 .rodata        0x000000000800ac80      0x1e4 ./Core/Src/menu.o
 .rodata        0x000000000800ae64       0x20 ./Drivers/STM32F0xx_HAL_Driver/Src/stm32f0xx_hal_rcc.o
 .rodata        0x000000000800ae84       0x40 /opt/st/stm32cubeide_1.10.1/plugins/com.st.stm32cube.ide.mcu.externaltools.gnu-tools-for-stm32.10.3-2021.10.linux64_1.0.0.202111181127/tools/bin/../lib/gcc/arm-none-eabi/10.3.1/thumb/v6-m/nofp/libgcc.a(mulsf3.o)
 *(.rodata*)
 .rodata.font_8x8
                0x000000000800aec4      0x2a0 ./Core/Src/SSD1306.o
 .rodata.font_16x12_0
                0x000000000800b164      0x480 ./Core/Src/SSD1306.o
 .rodata.font_16x12_1
                0x000000000800b5e4      0x480 ./Core/Src/SSD1306.o
 .rodata.motor_state_machine
                0x000000000800ba64       0x1c ./Core/Src/control.o
 .rodata.menu_up
                0x000000000800ba80       0x24 ./Core/Src/menu.o
 .rodata.menu_down
                0x000000000800baa4       0x24 ./Core/Src/menu.o
 .rodata.menu_enter
                0x000000000800bac8       0x24 ./Core/Src/menu.o
 .rodata.AHBPrescTable
                0x000000000800baec       0x10 ./Core/Src/system_stm32f0xx.o
                0x000000000800baec                AHBPrescTable
 .rodata.APBPrescTable
                0x000000000800bafc        0x8 ./Core/Src/system_stm32f0xx.o
                0x000000000800bafc                APBPrescTable
 .rodata._svfprintf_r.str1.1
                0x000000000800bb04       0x11 /opt/st/stm32cubeide_1.10.1/plugins/com.st.stm32cube.ide.mcu.externaltools.gnu-tools-for-stm32.10.3-2021.10.linux64_1.0.0.202111181127/tools/bin/../lib/gcc/arm-none-eabi/10.3.1/../../../../arm-none-eabi/lib/thumb/v6-m/nofp/libc_nano.a(lib_a-nano-svfprintf.o)
 .rodata._printf_i.str1.1
                0x000000000800bb15       0x22 /opt/st/stm32cubeide_1.10.1/plugins/com.st.stm32cube.ide.mcu.externaltools.gnu-tools-for-stm32.10.3-2021.10.linux64_1.0.0.202111181127/tools/bin/../lib/gcc/arm-none-eabi/10.3.1/../../../../arm-none-eabi/lib/thumb/v6-m/nofp/libc_nano.a(lib_a-nano-vfprintf_i.o)
                0x000000000800bb38                . = ALIGN (0x4)
 *fill*         0x000000000800bb37        0x1 

.rel.dyn        0x000000000800bb38        0x0
 .rel.iplt      0x000000000800bb38        0x0 /opt/st/stm32cubeide_1.10.1/plugins/com.st.stm32cube.ide.mcu.externaltools.gnu-tools-for-stm32.10.3-2021.10.linux64_1.0.0.202111181127/tools/bin/../lib/gcc/arm-none-eabi/10.3.1/thumb/v6-m/nofp/crtbegin.o

.ARM.extab      0x000000000800bb38        0x0
                0x000000000800bb38                . = ALIGN (0x4)
 *(.ARM.extab* .gnu.linkonce.armextab.*)
                0x000000000800bb38                . = ALIGN (0x4)

.ARM            0x000000000800bb38        0x0
                0x000000000800bb38                . = ALIGN (0x4)
                0x000000000800bb38                __exidx_start = .
 *(.ARM.exidx*)
                0x000000000800bb38                __exidx_end = .
                0x000000000800bb38                . = ALIGN (0x4)

.preinit_array  0x000000000800bb38        0x0
                0x000000000800bb38                . = ALIGN (0x4)
                0x000000000800bb38                PROVIDE (__preinit_array_start = .)
 *(.preinit_array*)
                0x000000000800bb38                PROVIDE (__preinit_array_end = .)
                0x000000000800bb38                . = ALIGN (0x4)

.init_array     0x000000000800bb38        0x4
                0x000000000800bb38                . = ALIGN (0x4)
                0x000000000800bb38                PROVIDE (__init_array_start = .)
 *(SORT_BY_NAME(.init_array.*))
 *(.init_array*)
 .init_array    0x000000000800bb38        0x4 /opt/st/stm32cubeide_1.10.1/plugins/com.st.stm32cube.ide.mcu.externaltools.gnu-tools-for-stm32.10.3-2021.10.linux64_1.0.0.202111181127/tools/bin/../lib/gcc/arm-none-eabi/10.3.1/thumb/v6-m/nofp/crtbegin.o
                0x000000000800bb3c                PROVIDE (__init_array_end = .)
                0x000000000800bb3c                . = ALIGN (0x4)

.fini_array     0x000000000800bb3c        0x4
                0x000000000800bb3c                . = ALIGN (0x4)
                [!provide]                        PROVIDE (__fini_array_start = .)
 *(SORT_BY_NAME(.fini_array.*))
 *(.fini_array*)
 .fini_array    0x000000000800bb3c        0x4 /opt/st/stm32cubeide_1.10.1/plugins/com.st.stm32cube.ide.mcu.externaltools.gnu-tools-for-stm32.10.3-2021.10.linux64_1.0.0.202111181127/tools/bin/../lib/gcc/arm-none-eabi/10.3.1/thumb/v6-m/nofp/crtbegin.o
                [!provide]                        PROVIDE (__fini_array_end = .)
                0x000000000800bb40                . = ALIGN (0x4)
                0x000000000800bb40                _sidata = LOADADDR (.data)

.data           0x0000000020000000      0x688 load address 0x000000000800bb40
                0x0000000020000000                . = ALIGN (0x4)
                0x0000000020000000                _sdata = .
 *(.data)
 *(.data*)
 .data.press    0x0000000020000000       0x64 ./Core/Src/config.o
                0x0000000020000000                press
 .data.status_menu
                0x0000000020000064       0x68 ./Core/Src/menu.o
                0x0000000020000064                status_menu
 .data.main_menu
                0x00000000200000cc       0x68 ./Core/Src/menu.o
                0x00000000200000cc                main_menu
 .data.top_temp_menu
                0x0000000020000134       0x68 ./Core/Src/menu.o
                0x0000000020000134                top_temp_menu
 .data.bottom_temp_menu
                0x000000002000019c       0x68 ./Core/Src/menu.o
                0x000000002000019c                bottom_temp_menu
 .data.mode_menu
                0x0000000020000204       0x68 ./Core/Src/menu.o
                0x0000000020000204                mode_menu
 .data.press_time_menu
                0x000000002000026c       0x68 ./Core/Src/menu.o
                0x000000002000026c                press_time_menu
 .data.burps_menu
                0x00000000200002d4       0x68 ./Core/Src/menu.o
                0x00000000200002d4                burps_menu
 .data.eco_mode_menu
                0x000000002000033c       0x68 ./Core/Src/menu.o
                0x000000002000033c                eco_mode_menu
 .data.buzzer_menu
                0x00000000200003a4       0x68 ./Core/Src/menu.o
                0x00000000200003a4                buzzer_menu
 .data.service_menu
                0x000000002000040c       0x68 ./Core/Src/menu.o
                0x000000002000040c                service_menu
 .data.reset_menu
                0x0000000020000474       0x68 ./Core/Src/menu.o
                0x0000000020000474                reset_menu
 .data.units_menu
                0x00000000200004dc       0x68 ./Core/Src/menu.o
                0x00000000200004dc                units_menu
 .data.jog_menu
                0x0000000020000544       0x68 ./Core/Src/menu.o
                0x0000000020000544                jog_menu
 .data.debug_menu
                0x00000000200005ac       0x68 ./Core/Src/menu.o
                0x00000000200005ac                debug_menu
 .data.current_menu
                0x0000000020000614        0x4 ./Core/Src/menu.o
                0x0000000020000614                current_menu
 .data.SystemCoreClock
                0x0000000020000618        0x4 ./Core/Src/system_stm32f0xx.o
                0x0000000020000618                SystemCoreClock
 .data.uwTickPrio
                0x000000002000061c        0x4 ./Drivers/STM32F0xx_HAL_Driver/Src/stm32f0xx_hal.o
                0x000000002000061c                uwTickPrio
 .data.uwTickFreq
                0x0000000020000620        0x1 ./Drivers/STM32F0xx_HAL_Driver/Src/stm32f0xx_hal.o
                0x0000000020000620                uwTickFreq
 *fill*         0x0000000020000621        0x3 
 .data._impure_ptr
                0x0000000020000624        0x4 /opt/st/stm32cubeide_1.10.1/plugins/com.st.stm32cube.ide.mcu.externaltools.gnu-tools-for-stm32.10.3-2021.10.linux64_1.0.0.202111181127/tools/bin/../lib/gcc/arm-none-eabi/10.3.1/../../../../arm-none-eabi/lib/thumb/v6-m/nofp/libc_nano.a(lib_a-impure.o)
                0x0000000020000624                _impure_ptr
 .data.impure_data
                0x0000000020000628       0x60 /opt/st/stm32cubeide_1.10.1/plugins/com.st.stm32cube.ide.mcu.externaltools.gnu-tools-for-stm32.10.3-2021.10.linux64_1.0.0.202111181127/tools/bin/../lib/gcc/arm-none-eabi/10.3.1/../../../../arm-none-eabi/lib/thumb/v6-m/nofp/libc_nano.a(lib_a-impure.o)
 *(.RamFunc)
 *(.RamFunc*)
                0x0000000020000688                . = ALIGN (0x4)
                0x0000000020000688                _edata = .

.igot.plt       0x0000000020000688        0x0 load address 0x000000000800c1c8
 .igot.plt      0x0000000020000688        0x0 /opt/st/stm32cubeide_1.10.1/plugins/com.st.stm32cube.ide.mcu.externaltools.gnu-tools-for-stm32.10.3-2021.10.linux64_1.0.0.202111181127/tools/bin/../lib/gcc/arm-none-eabi/10.3.1/thumb/v6-m/nofp/crtbegin.o
                0x0000000020000688                . = ALIGN (0x4)

.bss            0x0000000020000688      0x508 load address 0x000000000800c1c8
                0x0000000020000688                _sbss = .
                0x0000000020000688                __bss_start__ = _sbss
 *(.bss)
 .bss           0x0000000020000688       0x1c /opt/st/stm32cubeide_1.10.1/plugins/com.st.stm32cube.ide.mcu.externaltools.gnu-tools-for-stm32.10.3-2021.10.linux64_1.0.0.202111181127/tools/bin/../lib/gcc/arm-none-eabi/10.3.1/thumb/v6-m/nofp/crtbegin.o
 *(.bss*)
 .bss.framebuf  0x00000000200006a4       0x8d ./Core/Src/SSD1306.o
                0x00000000200006a4                framebuf
 *fill*         0x0000000020000731        0x3 
 .bss.timeout_cnt
                0x0000000020000734        0x4 ./Core/Src/SSD1306.o
                0x0000000020000734                timeout_cnt
 .bss._char_width
                0x0000000020000738        0x1 ./Core/Src/SSD1306.o
                0x0000000020000738                _char_width
 .bss._font     0x0000000020000739        0x1 ./Core/Src/SSD1306.o
                0x0000000020000739                _font
 *fill*         0x000000002000073a        0x2 
 .bss.ssd1306_i2c
                0x000000002000073c        0x4 ./Core/Src/SSD1306.o
                0x000000002000073c                ssd1306_i2c
 .bss.ticks     0x0000000020000740        0x4 ./Core/Src/control.o
                0x0000000020000740                ticks
 .bss.shunt_current_sqr_filt
                0x0000000020000744        0x4 ./Core/Src/control.o
                0x0000000020000744                shunt_current_sqr_filt
 .bss.active_thermocouple
                0x0000000020000748        0x1 ./Core/Src/control.o
                0x0000000020000748                active_thermocouple
 *fill*         0x0000000020000749        0x3 
 .bss.thermo_buf
                0x000000002000074c        0x4 ./Core/Src/control.o
                0x000000002000074c                thermo_buf
 .bss.adc_ready
                0x0000000020000750        0x1 ./Core/Src/control.o
                0x0000000020000750                adc_ready
 *fill*         0x0000000020000751        0x1 
 .bss.buzzer_ctr
                0x0000000020000752        0x2 ./Core/Src/control.o
                0x0000000020000752                buzzer_ctr
 .bss.white_led_ctr
                0x0000000020000754        0x2 ./Core/Src/control.o
                0x0000000020000754                white_led_ctr
 .bss.blue_led_ctr
                0x0000000020000756        0x2 ./Core/Src/control.o
                0x0000000020000756                blue_led_ctr
 .bss.menu_up_button
                0x0000000020000758        0x8 ./Core/Src/debounce.o
                0x0000000020000758                menu_up_button
 .bss.menu_down_button
                0x0000000020000760        0x8 ./Core/Src/debounce.o
                0x0000000020000760                menu_down_button
 .bss.menu_enter_button
                0x0000000020000768        0x8 ./Core/Src/debounce.o
                0x0000000020000768                menu_enter_button
 .bss.activate_left_button
                0x0000000020000770        0x8 ./Core/Src/debounce.o
                0x0000000020000770                activate_left_button
 .bss.activate_right_button
                0x0000000020000778        0x8 ./Core/Src/debounce.o
                0x0000000020000778                activate_right_button
 .bss.press_top_limit
                0x0000000020000780        0x8 ./Core/Src/debounce.o
                0x0000000020000780                press_top_limit
 .bss.press_bottom_limit
                0x0000000020000788        0x8 ./Core/Src/debounce.o
                0x0000000020000788                press_bottom_limit
 .bss.tray_interlock
                0x0000000020000790        0x8 ./Core/Src/debounce.o
                0x0000000020000790                tray_interlock
 .bss.hadc      0x0000000020000798       0x40 ./Core/Src/main.o
                0x0000000020000798                hadc
 .bss.hdma_adc  0x00000000200007d8       0x44 ./Core/Src/main.o
                0x00000000200007d8                hdma_adc
 .bss.hi2c2     0x000000002000081c       0x4c ./Core/Src/main.o
                0x000000002000081c                hi2c2
 .bss.hdma_i2c2_tx
                0x0000000020000868       0x44 ./Core/Src/main.o
                0x0000000020000868                hdma_i2c2_tx
 .bss.hiwdg     0x00000000200008ac       0x10 ./Core/Src/main.o
                0x00000000200008ac                hiwdg
 .bss.hrtc      0x00000000200008bc       0x20 ./Core/Src/main.o
                0x00000000200008bc                hrtc
 .bss.hspi1     0x00000000200008dc       0x64 ./Core/Src/main.o
                0x00000000200008dc                hspi1
 .bss.htim1     0x0000000020000940       0x48 ./Core/Src/main.o
                0x0000000020000940                htim1
 .bss.htim2     0x0000000020000988       0x48 ./Core/Src/main.o
                0x0000000020000988                htim2
 .bss.huart2    0x00000000200009d0       0x84 ./Core/Src/main.o
                0x00000000200009d0                huart2
 .bss.menu_last_used
                0x0000000020000a54        0x4 ./Core/Src/main.o
                0x0000000020000a54                menu_last_used
 .bss.menu_awake
                0x0000000020000a58        0x1 ./Core/Src/main.o
                0x0000000020000a58                menu_awake
 *fill*         0x0000000020000a59        0x3 
 .bss.last_button_press
                0x0000000020000a5c        0x4 ./Core/Src/main.o
                0x0000000020000a5c                last_button_press
 .bss.shunt_current
                0x0000000020000a60        0x4 ./Core/Src/main.o
                0x0000000020000a60                shunt_current
 .bss.max_current
                0x0000000020000a64        0x4 ./Core/Src/main.o
                0x0000000020000a64                max_current
 .bss.adc_output
                0x0000000020000a68        0x2 ./Core/Src/main.o
                0x0000000020000a68                adc_output
 .bss.display_row
                0x0000000020000a6a        0x1 ./Core/Src/menu.o
                0x0000000020000a6a                display_row
 *fill*         0x0000000020000a6b        0x1 
 .bss.screen_buf
                0x0000000020000a6c      0x100 ./Core/Src/menu.o
                0x0000000020000a6c                screen_buf
 .bss.screen_fonts
                0x0000000020000b6c        0x8 ./Core/Src/menu.o
                0x0000000020000b6c                screen_fonts
 .bss.busy_flag
                0x0000000020000b74        0x1 ./Core/Src/menu.o
                0x0000000020000b74                busy_flag
 *fill*         0x0000000020000b75        0x3 
 .bss.__sbrk_heap_end
                0x0000000020000b78        0x4 ./Core/Src/sysmem.o
 .bss.uwTick    0x0000000020000b7c        0x4 ./Drivers/STM32F0xx_HAL_Driver/Src/stm32f0xx_hal.o
                0x0000000020000b7c                uwTick
 .bss.__malloc_free_list
                0x0000000020000b80        0x4 /opt/st/stm32cubeide_1.10.1/plugins/com.st.stm32cube.ide.mcu.externaltools.gnu-tools-for-stm32.10.3-2021.10.linux64_1.0.0.202111181127/tools/bin/../lib/gcc/arm-none-eabi/10.3.1/../../../../arm-none-eabi/lib/thumb/v6-m/nofp/libc_nano.a(lib_a-nano-mallocr.o)
                0x0000000020000b80                __malloc_free_list
 .bss.__malloc_sbrk_start
                0x0000000020000b84        0x4 /opt/st/stm32cubeide_1.10.1/plugins/com.st.stm32cube.ide.mcu.externaltools.gnu-tools-for-stm32.10.3-2021.10.linux64_1.0.0.202111181127/tools/bin/../lib/gcc/arm-none-eabi/10.3.1/../../../../arm-none-eabi/lib/thumb/v6-m/nofp/libc_nano.a(lib_a-nano-mallocr.o)
                0x0000000020000b84                __malloc_sbrk_start
 .bss.errno     0x0000000020000b88        0x4 /opt/st/stm32cubeide_1.10.1/plugins/com.st.stm32cube.ide.mcu.externaltools.gnu-tools-for-stm32.10.3-2021.10.linux64_1.0.0.202111181127/tools/bin/../lib/gcc/arm-none-eabi/10.3.1/../../../../arm-none-eabi/lib/thumb/v6-m/nofp/libc_nano.a(lib_a-reent.o)
                0x0000000020000b88                errno
 .bss.__lock___malloc_recursive_mutex
                0x0000000020000b8c        0x1 /opt/st/stm32cubeide_1.10.1/plugins/com.st.stm32cube.ide.mcu.externaltools.gnu-tools-for-stm32.10.3-2021.10.linux64_1.0.0.202111181127/tools/bin/../lib/gcc/arm-none-eabi/10.3.1/../../../../arm-none-eabi/lib/thumb/v6-m/nofp/libc_nano.a(lib_a-lock.o)
                0x0000000020000b8c                __lock___malloc_recursive_mutex
 *(COMMON)
                0x0000000020000b90                . = ALIGN (0x4)
 *fill*         0x0000000020000b8d        0x3 
                0x0000000020000b90                _ebss = .
                0x0000000020000b90                __bss_end__ = _ebss

._user_heap_stack
                0x0000000020000b90      0x600 load address 0x000000000800c1c8
                0x0000000020000b90                . = ALIGN (0x8)
                [!provide]                        PROVIDE (end = .)
                0x0000000020000b90                PROVIDE (_end = .)
                0x0000000020000d90                . = (. + _Min_Heap_Size)
 *fill*         0x0000000020000b90      0x200 
                0x0000000020001190                . = (. + _Min_Stack_Size)
 *fill*         0x0000000020000d90      0x400 
                0x0000000020001190                . = ALIGN (0x8)

/DISCARD/
 libc.a(*)
 libm.a(*)
 libgcc.a(*)

.ARM.attributes
                0x0000000000000000       0x28
 *(.ARM.attributes)
 .ARM.attributes
                0x0000000000000000       0x1e /opt/st/stm32cubeide_1.10.1/plugins/com.st.stm32cube.ide.mcu.externaltools.gnu-tools-for-stm32.10.3-2021.10.linux64_1.0.0.202111181127/tools/bin/../lib/gcc/arm-none-eabi/10.3.1/thumb/v6-m/nofp/crti.o
 .ARM.attributes
                0x000000000000001e       0x2c /opt/st/stm32cubeide_1.10.1/plugins/com.st.stm32cube.ide.mcu.externaltools.gnu-tools-for-stm32.10.3-2021.10.linux64_1.0.0.202111181127/tools/bin/../lib/gcc/arm-none-eabi/10.3.1/thumb/v6-m/nofp/crtbegin.o
 .ARM.attributes
                0x000000000000004a       0x2c ./Core/Src/SSD1306.o
 .ARM.attributes
                0x0000000000000076       0x2c ./Core/Src/config.o
 .ARM.attributes
                0x00000000000000a2       0x2c ./Core/Src/control.o
 .ARM.attributes
                0x00000000000000ce       0x2c ./Core/Src/debounce.o
 .ARM.attributes
                0x00000000000000fa       0x2c ./Core/Src/main.o
 .ARM.attributes
                0x0000000000000126       0x2c ./Core/Src/menu.o
 .ARM.attributes
                0x0000000000000152       0x2c ./Core/Src/stm32f0xx_hal_msp.o
 .ARM.attributes
                0x000000000000017e       0x2c ./Core/Src/stm32f0xx_it.o
 .ARM.attributes
                0x00000000000001aa       0x2c ./Core/Src/sysmem.o
 .ARM.attributes
                0x00000000000001d6       0x2c ./Core/Src/system_stm32f0xx.o
 .ARM.attributes
                0x0000000000000202       0x21 ./Core/Startup/startup_stm32f051c8tx.o
 .ARM.attributes
                0x0000000000000223       0x2c ./Drivers/STM32F0xx_HAL_Driver/Src/stm32f0xx_hal.o
 .ARM.attributes
                0x000000000000024f       0x2c ./Drivers/STM32F0xx_HAL_Driver/Src/stm32f0xx_hal_adc.o
 .ARM.attributes
                0x000000000000027b       0x2c ./Drivers/STM32F0xx_HAL_Driver/Src/stm32f0xx_hal_adc_ex.o
 .ARM.attributes
                0x00000000000002a7       0x2c ./Drivers/STM32F0xx_HAL_Driver/Src/stm32f0xx_hal_cortex.o
 .ARM.attributes
                0x00000000000002d3       0x2c ./Drivers/STM32F0xx_HAL_Driver/Src/stm32f0xx_hal_dma.o
 .ARM.attributes
                0x00000000000002ff       0x2c ./Drivers/STM32F0xx_HAL_Driver/Src/stm32f0xx_hal_gpio.o
 .ARM.attributes
                0x000000000000032b       0x2c ./Drivers/STM32F0xx_HAL_Driver/Src/stm32f0xx_hal_i2c.o
 .ARM.attributes
                0x0000000000000357       0x2c ./Drivers/STM32F0xx_HAL_Driver/Src/stm32f0xx_hal_i2c_ex.o
 .ARM.attributes
                0x0000000000000383       0x2c ./Drivers/STM32F0xx_HAL_Driver/Src/stm32f0xx_hal_iwdg.o
 .ARM.attributes
                0x00000000000003af       0x2c ./Drivers/STM32F0xx_HAL_Driver/Src/stm32f0xx_hal_pwr.o
 .ARM.attributes
                0x00000000000003db       0x2c ./Drivers/STM32F0xx_HAL_Driver/Src/stm32f0xx_hal_rcc.o
 .ARM.attributes
                0x0000000000000407       0x2c ./Drivers/STM32F0xx_HAL_Driver/Src/stm32f0xx_hal_rcc_ex.o
 .ARM.attributes
                0x0000000000000433       0x2c ./Drivers/STM32F0xx_HAL_Driver/Src/stm32f0xx_hal_rtc.o
 .ARM.attributes
                0x000000000000045f       0x2c ./Drivers/STM32F0xx_HAL_Driver/Src/stm32f0xx_hal_rtc_ex.o
 .ARM.attributes
                0x000000000000048b       0x2c ./Drivers/STM32F0xx_HAL_Driver/Src/stm32f0xx_hal_spi.o
 .ARM.attributes
                0x00000000000004b7       0x2c ./Drivers/STM32F0xx_HAL_Driver/Src/stm32f0xx_hal_tim.o
 .ARM.attributes
                0x00000000000004e3       0x2c ./Drivers/STM32F0xx_HAL_Driver/Src/stm32f0xx_hal_tim_ex.o
 .ARM.attributes
                0x000000000000050f       0x2c ./Drivers/STM32F0xx_HAL_Driver/Src/stm32f0xx_hal_uart.o
 .ARM.attributes
                0x000000000000053b       0x2c /opt/st/stm32cubeide_1.10.1/plugins/com.st.stm32cube.ide.mcu.externaltools.gnu-tools-for-stm32.10.3-2021.10.linux64_1.0.0.202111181127/tools/bin/../lib/gcc/arm-none-eabi/10.3.1/../../../../arm-none-eabi/lib/thumb/v6-m/nofp/libc_nano.a(lib_a-errno.o)
 .ARM.attributes
                0x0000000000000567       0x2c /opt/st/stm32cubeide_1.10.1/plugins/com.st.stm32cube.ide.mcu.externaltools.gnu-tools-for-stm32.10.3-2021.10.linux64_1.0.0.202111181127/tools/bin/../lib/gcc/arm-none-eabi/10.3.1/../../../../arm-none-eabi/lib/thumb/v6-m/nofp/libc_nano.a(lib_a-impure.o)
 .ARM.attributes
                0x0000000000000593       0x2c /opt/st/stm32cubeide_1.10.1/plugins/com.st.stm32cube.ide.mcu.externaltools.gnu-tools-for-stm32.10.3-2021.10.linux64_1.0.0.202111181127/tools/bin/../lib/gcc/arm-none-eabi/10.3.1/../../../../arm-none-eabi/lib/thumb/v6-m/nofp/libc_nano.a(lib_a-init.o)
 .ARM.attributes
                0x00000000000005bf       0x2c /opt/st/stm32cubeide_1.10.1/plugins/com.st.stm32cube.ide.mcu.externaltools.gnu-tools-for-stm32.10.3-2021.10.linux64_1.0.0.202111181127/tools/bin/../lib/gcc/arm-none-eabi/10.3.1/../../../../arm-none-eabi/lib/thumb/v6-m/nofp/libc_nano.a(lib_a-memset.o)
 .ARM.attributes
                0x00000000000005eb       0x2c /opt/st/stm32cubeide_1.10.1/plugins/com.st.stm32cube.ide.mcu.externaltools.gnu-tools-for-stm32.10.3-2021.10.linux64_1.0.0.202111181127/tools/bin/../lib/gcc/arm-none-eabi/10.3.1/../../../../arm-none-eabi/lib/thumb/v6-m/nofp/libc_nano.a(lib_a-sprintf.o)
 .ARM.attributes
                0x0000000000000617       0x1c /opt/st/stm32cubeide_1.10.1/plugins/com.st.stm32cube.ide.mcu.externaltools.gnu-tools-for-stm32.10.3-2021.10.linux64_1.0.0.202111181127/tools/bin/../lib/gcc/arm-none-eabi/10.3.1/../../../../arm-none-eabi/lib/thumb/v6-m/nofp/libc_nano.a(lib_a-strlen.o)
 .ARM.attributes
                0x0000000000000633       0x2c /opt/st/stm32cubeide_1.10.1/plugins/com.st.stm32cube.ide.mcu.externaltools.gnu-tools-for-stm32.10.3-2021.10.linux64_1.0.0.202111181127/tools/bin/../lib/gcc/arm-none-eabi/10.3.1/../../../../arm-none-eabi/lib/thumb/v6-m/nofp/libc_nano.a(lib_a-strncpy.o)
 .ARM.attributes
                0x000000000000065f       0x2c /opt/st/stm32cubeide_1.10.1/plugins/com.st.stm32cube.ide.mcu.externaltools.gnu-tools-for-stm32.10.3-2021.10.linux64_1.0.0.202111181127/tools/bin/../lib/gcc/arm-none-eabi/10.3.1/../../../../arm-none-eabi/lib/thumb/v6-m/nofp/libc_nano.a(lib_a-nano-svfprintf.o)
 .ARM.attributes
                0x000000000000068b       0x2c /opt/st/stm32cubeide_1.10.1/plugins/com.st.stm32cube.ide.mcu.externaltools.gnu-tools-for-stm32.10.3-2021.10.linux64_1.0.0.202111181127/tools/bin/../lib/gcc/arm-none-eabi/10.3.1/../../../../arm-none-eabi/lib/thumb/v6-m/nofp/libc_nano.a(lib_a-nano-vfprintf_i.o)
 .ARM.attributes
                0x00000000000006b7       0x2c /opt/st/stm32cubeide_1.10.1/plugins/com.st.stm32cube.ide.mcu.externaltools.gnu-tools-for-stm32.10.3-2021.10.linux64_1.0.0.202111181127/tools/bin/../lib/gcc/arm-none-eabi/10.3.1/../../../../arm-none-eabi/lib/thumb/v6-m/nofp/libc_nano.a(lib_a-memchr-stub.o)
 .ARM.attributes
                0x00000000000006e3       0x2c /opt/st/stm32cubeide_1.10.1/plugins/com.st.stm32cube.ide.mcu.externaltools.gnu-tools-for-stm32.10.3-2021.10.linux64_1.0.0.202111181127/tools/bin/../lib/gcc/arm-none-eabi/10.3.1/../../../../arm-none-eabi/lib/thumb/v6-m/nofp/libc_nano.a(lib_a-memcpy-stub.o)
 .ARM.attributes
                0x000000000000070f       0x2c /opt/st/stm32cubeide_1.10.1/plugins/com.st.stm32cube.ide.mcu.externaltools.gnu-tools-for-stm32.10.3-2021.10.linux64_1.0.0.202111181127/tools/bin/../lib/gcc/arm-none-eabi/10.3.1/../../../../arm-none-eabi/lib/thumb/v6-m/nofp/libc_nano.a(lib_a-memmove.o)
 .ARM.attributes
                0x000000000000073b       0x2c /opt/st/stm32cubeide_1.10.1/plugins/com.st.stm32cube.ide.mcu.externaltools.gnu-tools-for-stm32.10.3-2021.10.linux64_1.0.0.202111181127/tools/bin/../lib/gcc/arm-none-eabi/10.3.1/../../../../arm-none-eabi/lib/thumb/v6-m/nofp/libc_nano.a(lib_a-nano-freer.o)
 .ARM.attributes
                0x0000000000000767       0x2c /opt/st/stm32cubeide_1.10.1/plugins/com.st.stm32cube.ide.mcu.externaltools.gnu-tools-for-stm32.10.3-2021.10.linux64_1.0.0.202111181127/tools/bin/../lib/gcc/arm-none-eabi/10.3.1/../../../../arm-none-eabi/lib/thumb/v6-m/nofp/libc_nano.a(lib_a-nano-mallocr.o)
 .ARM.attributes
                0x0000000000000793       0x2c /opt/st/stm32cubeide_1.10.1/plugins/com.st.stm32cube.ide.mcu.externaltools.gnu-tools-for-stm32.10.3-2021.10.linux64_1.0.0.202111181127/tools/bin/../lib/gcc/arm-none-eabi/10.3.1/../../../../arm-none-eabi/lib/thumb/v6-m/nofp/libc_nano.a(lib_a-nano-reallocr.o)
 .ARM.attributes
                0x00000000000007bf       0x2c /opt/st/stm32cubeide_1.10.1/plugins/com.st.stm32cube.ide.mcu.externaltools.gnu-tools-for-stm32.10.3-2021.10.linux64_1.0.0.202111181127/tools/bin/../lib/gcc/arm-none-eabi/10.3.1/../../../../arm-none-eabi/lib/thumb/v6-m/nofp/libc_nano.a(lib_a-sbrkr.o)
 .ARM.attributes
                0x00000000000007eb       0x2c /opt/st/stm32cubeide_1.10.1/plugins/com.st.stm32cube.ide.mcu.externaltools.gnu-tools-for-stm32.10.3-2021.10.linux64_1.0.0.202111181127/tools/bin/../lib/gcc/arm-none-eabi/10.3.1/../../../../arm-none-eabi/lib/thumb/v6-m/nofp/libc_nano.a(lib_a-mlock.o)
 .ARM.attributes
                0x0000000000000817       0x2c /opt/st/stm32cubeide_1.10.1/plugins/com.st.stm32cube.ide.mcu.externaltools.gnu-tools-for-stm32.10.3-2021.10.linux64_1.0.0.202111181127/tools/bin/../lib/gcc/arm-none-eabi/10.3.1/../../../../arm-none-eabi/lib/thumb/v6-m/nofp/libc_nano.a(lib_a-nano-msizer.o)
 .ARM.attributes
                0x0000000000000843       0x2c /opt/st/stm32cubeide_1.10.1/plugins/com.st.stm32cube.ide.mcu.externaltools.gnu-tools-for-stm32.10.3-2021.10.linux64_1.0.0.202111181127/tools/bin/../lib/gcc/arm-none-eabi/10.3.1/../../../../arm-none-eabi/lib/thumb/v6-m/nofp/libc_nano.a(lib_a-reent.o)
 .ARM.attributes
                0x000000000000086f       0x2c /opt/st/stm32cubeide_1.10.1/plugins/com.st.stm32cube.ide.mcu.externaltools.gnu-tools-for-stm32.10.3-2021.10.linux64_1.0.0.202111181127/tools/bin/../lib/gcc/arm-none-eabi/10.3.1/../../../../arm-none-eabi/lib/thumb/v6-m/nofp/libc_nano.a(lib_a-lock.o)
 .ARM.attributes
                0x000000000000089b       0x1e /opt/st/stm32cubeide_1.10.1/plugins/com.st.stm32cube.ide.mcu.externaltools.gnu-tools-for-stm32.10.3-2021.10.linux64_1.0.0.202111181127/tools/bin/../lib/gcc/arm-none-eabi/10.3.1/thumb/v6-m/nofp/libgcc.a(_thumb1_case_shi.o)
 .ARM.attributes
                0x00000000000008b9       0x1e /opt/st/stm32cubeide_1.10.1/plugins/com.st.stm32cube.ide.mcu.externaltools.gnu-tools-for-stm32.10.3-2021.10.linux64_1.0.0.202111181127/tools/bin/../lib/gcc/arm-none-eabi/10.3.1/thumb/v6-m/nofp/libgcc.a(_udivsi3.o)
 .ARM.attributes
                0x00000000000008d7       0x1e /opt/st/stm32cubeide_1.10.1/plugins/com.st.stm32cube.ide.mcu.externaltools.gnu-tools-for-stm32.10.3-2021.10.linux64_1.0.0.202111181127/tools/bin/../lib/gcc/arm-none-eabi/10.3.1/thumb/v6-m/nofp/libgcc.a(_divsi3.o)
 .ARM.attributes
                0x00000000000008f5       0x1e /opt/st/stm32cubeide_1.10.1/plugins/com.st.stm32cube.ide.mcu.externaltools.gnu-tools-for-stm32.10.3-2021.10.linux64_1.0.0.202111181127/tools/bin/../lib/gcc/arm-none-eabi/10.3.1/thumb/v6-m/nofp/libgcc.a(_dvmd_tls.o)
 .ARM.attributes
                0x0000000000000913       0x1e /opt/st/stm32cubeide_1.10.1/plugins/com.st.stm32cube.ide.mcu.externaltools.gnu-tools-for-stm32.10.3-2021.10.linux64_1.0.0.202111181127/tools/bin/../lib/gcc/arm-none-eabi/10.3.1/thumb/v6-m/nofp/libgcc.a(_arm_cmpsf2.o)
 .ARM.attributes
                0x0000000000000931       0x2c /opt/st/stm32cubeide_1.10.1/plugins/com.st.stm32cube.ide.mcu.externaltools.gnu-tools-for-stm32.10.3-2021.10.linux64_1.0.0.202111181127/tools/bin/../lib/gcc/arm-none-eabi/10.3.1/thumb/v6-m/nofp/libgcc.a(addsf3.o)
 .ARM.attributes
                0x000000000000095d       0x2c /opt/st/stm32cubeide_1.10.1/plugins/com.st.stm32cube.ide.mcu.externaltools.gnu-tools-for-stm32.10.3-2021.10.linux64_1.0.0.202111181127/tools/bin/../lib/gcc/arm-none-eabi/10.3.1/thumb/v6-m/nofp/libgcc.a(eqsf2.o)
 .ARM.attributes
                0x0000000000000989       0x2c /opt/st/stm32cubeide_1.10.1/plugins/com.st.stm32cube.ide.mcu.externaltools.gnu-tools-for-stm32.10.3-2021.10.linux64_1.0.0.202111181127/tools/bin/../lib/gcc/arm-none-eabi/10.3.1/thumb/v6-m/nofp/libgcc.a(gesf2.o)
 .ARM.attributes
                0x00000000000009b5       0x2c /opt/st/stm32cubeide_1.10.1/plugins/com.st.stm32cube.ide.mcu.externaltools.gnu-tools-for-stm32.10.3-2021.10.linux64_1.0.0.202111181127/tools/bin/../lib/gcc/arm-none-eabi/10.3.1/thumb/v6-m/nofp/libgcc.a(lesf2.o)
 .ARM.attributes
                0x00000000000009e1       0x2c /opt/st/stm32cubeide_1.10.1/plugins/com.st.stm32cube.ide.mcu.externaltools.gnu-tools-for-stm32.10.3-2021.10.linux64_1.0.0.202111181127/tools/bin/../lib/gcc/arm-none-eabi/10.3.1/thumb/v6-m/nofp/libgcc.a(mulsf3.o)
 .ARM.attributes
                0x0000000000000a0d       0x2c /opt/st/stm32cubeide_1.10.1/plugins/com.st.stm32cube.ide.mcu.externaltools.gnu-tools-for-stm32.10.3-2021.10.linux64_1.0.0.202111181127/tools/bin/../lib/gcc/arm-none-eabi/10.3.1/thumb/v6-m/nofp/libgcc.a(subsf3.o)
 .ARM.attributes
                0x0000000000000a39       0x2c /opt/st/stm32cubeide_1.10.1/plugins/com.st.stm32cube.ide.mcu.externaltools.gnu-tools-for-stm32.10.3-2021.10.linux64_1.0.0.202111181127/tools/bin/../lib/gcc/arm-none-eabi/10.3.1/thumb/v6-m/nofp/libgcc.a(fixsfsi.o)
 .ARM.attributes
                0x0000000000000a65       0x2c /opt/st/stm32cubeide_1.10.1/plugins/com.st.stm32cube.ide.mcu.externaltools.gnu-tools-for-stm32.10.3-2021.10.linux64_1.0.0.202111181127/tools/bin/../lib/gcc/arm-none-eabi/10.3.1/thumb/v6-m/nofp/libgcc.a(floatsisf.o)
 .ARM.attributes
                0x0000000000000a91       0x1e /opt/st/stm32cubeide_1.10.1/plugins/com.st.stm32cube.ide.mcu.externaltools.gnu-tools-for-stm32.10.3-2021.10.linux64_1.0.0.202111181127/tools/bin/../lib/gcc/arm-none-eabi/10.3.1/thumb/v6-m/nofp/libgcc.a(_clzsi2.o)
 .ARM.attributes
                0x0000000000000aaf       0x1e /opt/st/stm32cubeide_1.10.1/plugins/com.st.stm32cube.ide.mcu.externaltools.gnu-tools-for-stm32.10.3-2021.10.linux64_1.0.0.202111181127/tools/bin/../lib/gcc/arm-none-eabi/10.3.1/thumb/v6-m/nofp/crtn.o
OUTPUT(Pizza_Press_F0_ayeiser_rev5.elf elf32-littlearm)
LOAD linker stubs
LOAD /opt/st/stm32cubeide_1.10.1/plugins/com.st.stm32cube.ide.mcu.externaltools.gnu-tools-for-stm32.10.3-2021.10.linux64_1.0.0.202111181127/tools/bin/../lib/gcc/arm-none-eabi/10.3.1/../../../../arm-none-eabi/lib/thumb/v6-m/nofp/libc.a
LOAD /opt/st/stm32cubeide_1.10.1/plugins/com.st.stm32cube.ide.mcu.externaltools.gnu-tools-for-stm32.10.3-2021.10.linux64_1.0.0.202111181127/tools/bin/../lib/gcc/arm-none-eabi/10.3.1/../../../../arm-none-eabi/lib/thumb/v6-m/nofp/libm.a
LOAD /opt/st/stm32cubeide_1.10.1/plugins/com.st.stm32cube.ide.mcu.externaltools.gnu-tools-for-stm32.10.3-2021.10.linux64_1.0.0.202111181127/tools/bin/../lib/gcc/arm-none-eabi/10.3.1/thumb/v6-m/nofp/libgcc.a

.debug_info     0x0000000000000000    0x1a75c
 .debug_info    0x0000000000000000      0xc69 ./Core/Src/SSD1306.o
 .debug_info    0x0000000000000c69      0x7a9 ./Core/Src/config.o
 .debug_info    0x0000000000001412     0x1573 ./Core/Src/control.o
 .debug_info    0x0000000000002985      0x359 ./Core/Src/debounce.o
 .debug_info    0x0000000000002cde     0x2903 ./Core/Src/main.o
 .debug_info    0x00000000000055e1      0xf4d ./Core/Src/menu.o
 .debug_info    0x000000000000652e     0x1b91 ./Core/Src/stm32f0xx_hal_msp.o
 .debug_info    0x00000000000080bf      0xcf6 ./Core/Src/stm32f0xx_it.o
 .debug_info    0x0000000000008db5      0x171 ./Core/Src/sysmem.o
 .debug_info    0x0000000000008f26      0x269 ./Core/Src/system_stm32f0xx.o
 .debug_info    0x000000000000918f       0x22 ./Core/Startup/startup_stm32f051c8tx.o
 .debug_info    0x00000000000091b1      0x6de ./Drivers/STM32F0xx_HAL_Driver/Src/stm32f0xx_hal.o
 .debug_info    0x000000000000988f      0xcf3 ./Drivers/STM32F0xx_HAL_Driver/Src/stm32f0xx_hal_adc.o
 .debug_info    0x000000000000a582      0x5a4 ./Drivers/STM32F0xx_HAL_Driver/Src/stm32f0xx_hal_adc_ex.o
 .debug_info    0x000000000000ab26      0x711 ./Drivers/STM32F0xx_HAL_Driver/Src/stm32f0xx_hal_cortex.o
 .debug_info    0x000000000000b237      0x752 ./Drivers/STM32F0xx_HAL_Driver/Src/stm32f0xx_hal_dma.o
 .debug_info    0x000000000000b989      0x621 ./Drivers/STM32F0xx_HAL_Driver/Src/stm32f0xx_hal_gpio.o
 .debug_info    0x000000000000bfaa     0x2149 ./Drivers/STM32F0xx_HAL_Driver/Src/stm32f0xx_hal_i2c.o
 .debug_info    0x000000000000e0f3      0x89a ./Drivers/STM32F0xx_HAL_Driver/Src/stm32f0xx_hal_i2c_ex.o
 .debug_info    0x000000000000e98d      0x209 ./Drivers/STM32F0xx_HAL_Driver/Src/stm32f0xx_hal_iwdg.o
 .debug_info    0x000000000000eb96      0x3cb ./Drivers/STM32F0xx_HAL_Driver/Src/stm32f0xx_hal_pwr.o
 .debug_info    0x000000000000ef61      0x89f ./Drivers/STM32F0xx_HAL_Driver/Src/stm32f0xx_hal_rcc.o
 .debug_info    0x000000000000f800      0x389 ./Drivers/STM32F0xx_HAL_Driver/Src/stm32f0xx_hal_rcc_ex.o
 .debug_info    0x000000000000fb89      0xb91 ./Drivers/STM32F0xx_HAL_Driver/Src/stm32f0xx_hal_rtc.o
 .debug_info    0x000000000001071a      0xbc8 ./Drivers/STM32F0xx_HAL_Driver/Src/stm32f0xx_hal_rtc_ex.o
 .debug_info    0x00000000000112e2     0x1777 ./Drivers/STM32F0xx_HAL_Driver/Src/stm32f0xx_hal_spi.o
 .debug_info    0x0000000000012a59     0x2b69 ./Drivers/STM32F0xx_HAL_Driver/Src/stm32f0xx_hal_tim.o
 .debug_info    0x00000000000155c2     0x158e ./Drivers/STM32F0xx_HAL_Driver/Src/stm32f0xx_hal_tim_ex.o
 .debug_info    0x0000000000016b50     0x3c0c ./Drivers/STM32F0xx_HAL_Driver/Src/stm32f0xx_hal_uart.o

.debug_abbrev   0x0000000000000000     0x3970
 .debug_abbrev  0x0000000000000000      0x300 ./Core/Src/SSD1306.o
 .debug_abbrev  0x0000000000000300      0x1c0 ./Core/Src/config.o
 .debug_abbrev  0x00000000000004c0      0x2e1 ./Core/Src/control.o
 .debug_abbrev  0x00000000000007a1      0x174 ./Core/Src/debounce.o
 .debug_abbrev  0x0000000000000915      0x338 ./Core/Src/main.o
 .debug_abbrev  0x0000000000000c4d      0x333 ./Core/Src/menu.o
 .debug_abbrev  0x0000000000000f80      0x267 ./Core/Src/stm32f0xx_hal_msp.o
 .debug_abbrev  0x00000000000011e7      0x1a0 ./Core/Src/stm32f0xx_it.o
 .debug_abbrev  0x0000000000001387       0xbb ./Core/Src/sysmem.o
 .debug_abbrev  0x0000000000001442      0x116 ./Core/Src/system_stm32f0xx.o
 .debug_abbrev  0x0000000000001558       0x12 ./Core/Startup/startup_stm32f051c8tx.o
 .debug_abbrev  0x000000000000156a      0x23f ./Drivers/STM32F0xx_HAL_Driver/Src/stm32f0xx_hal.o