../Core/Src/menu.c:166:6:link_menus	0	static
../Core/Src/menu.c:144:6:init_menus	16	static
../Core/Src/menu.c:173:11:menu_up	8	static
../Core/Src/menu.c:216:11:menu_down	16	static
../Core/Src/menu.c:264:11:menu_enter	24	static
../Core/Src/menu.c:341:19:menu_return_home	8	static
../Core/Src/menu.c:580:19:write_row_innerfunc	48	static
../Core/Src/menu.c:570:19:write_row	8	static
../Core/Src/menu.c:600:6:set_row	24	static
../Core/Src/menu.c:349:19:thermocouple_readout	56	static
../Core/Src/menu.c:359:19:debug_display	56	static
../Core/Src/menu.c:402:19:status_display	48	static
../Core/Src/menu.c:458:19:generic_display	56	static
../Core/Src/menu.c:503:19:temperature_display	40	static
../Core/Src/menu.c:521:19:press_time_display	48	static
../Core/Src/menu.c:529:19:manual_mode_display	8	static
../Core/Src/menu.c:540:19:reset_display	8	static
../Core/Src/menu.c:551:19:units_display	8	static
../Core/Src/menu.c:561:19:jog_display	8	static
