../Core/Src/SSD1306.c:92:19:SSD1306_i2cWrite	16	static
../Core/Src/SSD1306.c:117:19:SSD1306_DMAi2cWrite	8	static
../Core/Src/SSD1306.c:172:19:SSD1306_command1	16	static
../Core/Src/SSD1306.c:183:19:SSD1306_sendCommand	16	static
../Core/Src/SSD1306.c:200:19:SSD1306_sendData	16	static
../Core/Src/SSD1306.c:209:19:SSD1306_setPageAddress	8	static
../Core/Src/SSD1306.c:212:19:SSD1306_setColumnAddress	8	static
../Core/Src/SSD1306.c:285:6:SSD1306_setFont	0	static
../Core/Src/SSD1306.c:297:6:SSD1306_writeCharToBuf	8	static
../Core/Src/SSD1306.c:235:6:SSD1306_writeString	16	static
../Core/Src/SSD1306.c:253:6:SSD1306_writeInt	24	static
../Core/Src/SSD1306.c:330:19:SSD1306_writeFrameBufRow	8	static
../Core/Src/SSD1306.c:338:19:SSD1306_WriteRow	8	static
../Core/Src/SSD1306.c:342:6:SSD1306_ClearBuf	8	static
../Core/Src/SSD1306.c:349:6:SSD1306_clearDisplay	16	static
../Core/Src/SSD1306.c:364:6:SSD1306_SetupFrameBuf	0	static
../Core/Src/SSD1306.c:16:6:SSD1306_InitScreen	8	static
