../Core/Src/main.c:104:5:main	616	static
../Core/Src/main.c:299:6:SystemClock_Config	104	static
../Core/Src/main.c:348:13:MX_ADC_Init	24	static
../Core/Src/main.c:402:13:MX_I2C2_Init	8	static
../Core/Src/main.c:450:13:MX_IWDG_Init	8	static
../Core/Src/main.c:479:13:MX_RTC_Init	8	static
../Core/Src/main.c:514:13:MX_SPI1_Init	8	static
../Core/Src/main.c:554:13:MX_TIM1_Init	80	static
../Core/Src/main.c:623:13:MX_TIM2_Init	48	static
../Core/Src/main.c:672:13:MX_USART2_UART_Init	8	static
../Core/Src/main.c:705:13:MX_DMA_Init	16	static
../Core/Src/main.c:726:13:MX_GPIO_Init	56	static
../Core/Src/main.c:790:6:Error_Handler	8	static,ignoring_inline_asm
