../Core/Src/menu.c:128:6:init_menus	8	static
../Core/Src/menu.c:146:6:link_menus	16	static
../Core/Src/menu.c:153:11:menu_up	24	static
../Core/Src/menu.c:194:11:menu_down	24	static
../Core/Src/menu.c:240:11:menu_enter	32	static
../Core/Src/menu.c:305:19:menu_return_home	8	static
../Core/Src/menu.c:313:19:thermocouple_readout	48	static
../Core/Src/menu.c:323:19:debug_display	64	static
../Core/Src/menu.c:365:19:status_display	64	static
../Core/Src/menu.c:409:19:generic_display	72	static
../Core/Src/menu.c:454:19:temperature_display	64	static
../Core/Src/menu.c:472:19:press_time_display	56	static
../Core/Src/menu.c:480:19:manual_mode_display	16	static
../Core/Src/menu.c:491:19:reset_display	16	static
../Core/Src/menu.c:502:19:units_display	16	static
../Core/Src/menu.c:512:19:jog_display	16	static
../Core/Src/menu.c:521:19:write_row	16	static
../Core/Src/menu.c:531:19:write_row_innerfunc	64	static
../Core/Src/menu.c:551:6:set_row	24	static
