Archive member included to satisfy reference by file (symbol)

/opt/st/stm32cubeide_1.10.1/plugins/com.st.stm32cube.ide.mcu.externaltools.gnu-tools-for-stm32.10.3-2021.10.linux64_1.0.0.202111181127/tools/bin/../lib/gcc/arm-none-eabi/10.3.1/../../../../arm-none-eabi/lib/thumb/v6-m/nofp/libc_nano.a(lib_a-errno.o)
                              ./Core/Src/syscalls.o (__errno)
/opt/st/stm32cubeide_1.10.1/plugins/com.st.stm32cube.ide.mcu.externaltools.gnu-tools-for-stm32.10.3-2021.10.linux64_1.0.0.202111181127/tools/bin/../lib/gcc/arm-none-eabi/10.3.1/../../../../arm-none-eabi/lib/thumb/v6-m/nofp/libc_nano.a(lib_a-exit.o)
                              /opt/st/stm32cubeide_1.10.1/plugins/com.st.stm32cube.ide.mcu.externaltools.gnu-tools-for-stm32.10.3-2021.10.linux64_1.0.0.202111181127/tools/bin/../lib/gcc/arm-none-eabi/10.3.1/../../../../arm-none-eabi/lib/thumb/v6-m/nofp/crt0.o (exit)
/opt/st/stm32cubeide_1.10.1/plugins/com.st.stm32cube.ide.mcu.externaltools.gnu-tools-for-stm32.10.3-2021.10.linux64_1.0.0.202111181127/tools/bin/../lib/gcc/arm-none-eabi/10.3.1/../../../../arm-none-eabi/lib/thumb/v6-m/nofp/libc_nano.a(lib_a-impure.o)
                              /opt/st/stm32cubeide_1.10.1/plugins/com.st.stm32cube.ide.mcu.externaltools.gnu-tools-for-stm32.10.3-2021.10.linux64_1.0.0.202111181127/tools/bin/../lib/gcc/arm-none-eabi/10.3.1/../../../../arm-none-eabi/lib/thumb/v6-m/nofp/libc_nano.a(lib_a-exit.o) (_global_impure_ptr)
/opt/st/stm32cubeide_1.10.1/plugins/com.st.stm32cube.ide.mcu.externaltools.gnu-tools-for-stm32.10.3-2021.10.linux64_1.0.0.202111181127/tools/bin/../lib/gcc/arm-none-eabi/10.3.1/../../../../arm-none-eabi/lib/thumb/v6-m/nofp/libc_nano.a(lib_a-init.o)
                              /opt/st/stm32cubeide_1.10.1/plugins/com.st.stm32cube.ide.mcu.externaltools.gnu-tools-for-stm32.10.3-2021.10.linux64_1.0.0.202111181127/tools/bin/../lib/gcc/arm-none-eabi/10.3.1/../../../../arm-none-eabi/lib/thumb/v6-m/nofp/crt0.o (__libc_init_array)
/opt/st/stm32cubeide_1.10.1/plugins/com.st.stm32cube.ide.mcu.externaltools.gnu-tools-for-stm32.10.3-2021.10.linux64_1.0.0.202111181127/tools/bin/../lib/gcc/arm-none-eabi/10.3.1/../../../../arm-none-eabi/lib/thumb/v6-m/nofp/libc_nano.a(lib_a-memcpy-stub.o)
                              ./Drivers/STM32F0xx_HAL_Driver/Src/stm32f0xx_hal_rcc.o (memcpy)
/opt/st/stm32cubeide_1.10.1/plugins/com.st.stm32cube.ide.mcu.externaltools.gnu-tools-for-stm32.10.3-2021.10.linux64_1.0.0.202111181127/tools/bin/../lib/gcc/arm-none-eabi/10.3.1/../../../../arm-none-eabi/lib/thumb/v6-m/nofp/libc_nano.a(lib_a-memset.o)
                              /opt/st/stm32cubeide_1.10.1/plugins/com.st.stm32cube.ide.mcu.externaltools.gnu-tools-for-stm32.10.3-2021.10.linux64_1.0.0.202111181127/tools/bin/../lib/gcc/arm-none-eabi/10.3.1/../../../../arm-none-eabi/lib/thumb/v6-m/nofp/crt0.o (memset)
/opt/st/stm32cubeide_1.10.1/plugins/com.st.stm32cube.ide.mcu.externaltools.gnu-tools-for-stm32.10.3-2021.10.linux64_1.0.0.202111181127/tools/bin/../lib/gcc/arm-none-eabi/10.3.1/../../../../arm-none-eabi/lib/thumb/v6-m/nofp/libc_nano.a(lib_a-sprintf.o)
                              ./Core/Src/main.o (sprintf)
/opt/st/stm32cubeide_1.10.1/plugins/com.st.stm32cube.ide.mcu.externaltools.gnu-tools-for-stm32.10.3-2021.10.linux64_1.0.0.202111181127/tools/bin/../lib/gcc/arm-none-eabi/10.3.1/../../../../arm-none-eabi/lib/thumb/v6-m/nofp/libc_nano.a(lib_a-strlen.o)
                              ./Core/Src/SSD1306.o (strlen)
/opt/st/stm32cubeide_1.10.1/plugins/com.st.stm32cube.ide.mcu.externaltools.gnu-tools-for-stm32.10.3-2021.10.linux64_1.0.0.202111181127/tools/bin/../lib/gcc/arm-none-eabi/10.3.1/../../../../arm-none-eabi/lib/thumb/v6-m/nofp/libc_nano.a(lib_a-strncpy.o)
                              ./Core/Src/menu.o (strncpy)
/opt/st/stm32cubeide_1.10.1/plugins/com.st.stm32cube.ide.mcu.externaltools.gnu-tools-for-stm32.10.3-2021.10.linux64_1.0.0.202111181127/tools/bin/../lib/gcc/arm-none-eabi/10.3.1/../../../../arm-none-eabi/lib/thumb/v6-m/nofp/libc_nano.a(lib_a-nano-svfprintf.o)
                              /opt/st/stm32cubeide_1.10.1/plugins/com.st.stm32cube.ide.mcu.externaltools.gnu-tools-for-stm32.10.3-2021.10.linux64_1.0.0.202111181127/tools/bin/../lib/gcc/arm-none-eabi/10.3.1/../../../../arm-none-eabi/lib/thumb/v6-m/nofp/libc_nano.a(lib_a-sprintf.o) (_svfprintf_r)
/opt/st/stm32cubeide_1.10.1/plugins/com.st.stm32cube.ide.mcu.externaltools.gnu-tools-for-stm32.10.3-2021.10.linux64_1.0.0.202111181127/tools/bin/../lib/gcc/arm-none-eabi/10.3.1/../../../../arm-none-eabi/lib/thumb/v6-m/nofp/libc_nano.a(lib_a-nano-vfprintf_i.o)
                              /opt/st/stm32cubeide_1.10.1/plugins/com.st.stm32cube.ide.mcu.externaltools.gnu-tools-for-stm32.10.3-2021.10.linux64_1.0.0.202111181127/tools/bin/../lib/gcc/arm-none-eabi/10.3.1/../../../../arm-none-eabi/lib/thumb/v6-m/nofp/libc_nano.a(lib_a-nano-svfprintf.o) (_printf_i)
[...]
Memory Configuration

Name             Origin             Length             Attributes
RAM              0x0000000020000000 0x0000000000002000 xrw
FLASH            0x0000000008000000 0x0000000000010000 xr
*default*        0x0000000000000000 0xffffffffffffffff

Linker script and memory map

LOAD /opt/st/stm32cubeide_1.10.1/plugins/com.st.stm32cube.ide.mcu.externaltools.gnu-tools-for-stm32.10.3-2021.10.linux64_1.0.0.202111181127/tools/bin/../lib/gcc/arm-none-eabi/10.3.1/thumb/v6-m/nofp/crti.o
LOAD /opt/st/stm32cubeide_1.10.1/plugins/com.st.stm32cube.ide.mcu.externaltools.gnu-tools-for-stm32.10.3-2021.10.linux64_1.0.0.202111181127/tools/bin/../lib/gcc/arm-none-eabi/10.3.1/thumb/v6-m/nofp/crtbegin.o
LOAD /opt/st/stm32cubeide_1.10.1/plugins/com.st.stm32cube.ide.mcu.externaltools.gnu-tools-for-stm32.10.3-2021.10.linux64_1.0.0.202111181127/tools/bin/../lib/gcc/arm-none-eabi/10.3.1/../../../../arm-none-eabi/lib/thumb/v6-m/nofp/crt0.o
LOAD ./Core/Src/SSD1306.o
LOAD ./Core/Src/config.o
LOAD ./Core/Src/control.o
LOAD ./Core/Src/debounce.o
LOAD ./Core/Src/main.o
LOAD ./Core/Src/menu.o
LOAD ./Core/Src/stm32f0xx_hal_msp.o
LOAD ./Core/Src/stm32f0xx_it.o
LOAD ./Core/Src/syscalls.o
LOAD ./Core/Src/sysmem.o
LOAD ./Core/Src/system_stm32f0xx.o
LOAD ./Core/Startup/startup_stm32f051c8tx.o
LOAD ./Drivers/STM32F0xx_HAL_Driver/Src/stm32f0xx_hal.o
LOAD ./Drivers/STM32F0xx_HAL_Driver/Src/stm32f0xx_hal_adc.o
LOAD ./Drivers/STM32F0xx_HAL_Driver/Src/stm32f0xx_hal_adc_ex.o
LOAD ./Drivers/STM32F0xx_HAL_Driver/Src/stm32f0xx_hal_cortex.o
LOAD ./Drivers/STM32F0xx_HAL_Driver/Src/stm32f0xx_hal_dma.o
LOAD ./Drivers/STM32F0xx_HAL_Driver/Src/stm32f0xx_hal_exti.o
LOAD ./Drivers/STM32F0xx_HAL_Driver/Src/stm32f0xx_hal_flash.o
LOAD ./Drivers/STM32F0xx_HAL_Driver/Src/stm32f0xx_hal_flash_ex.o
LOAD ./Drivers/STM32F0xx_HAL_Driver/Src/stm32f0xx_hal_gpio.o
LOAD ./Drivers/STM32F0xx_HAL_Driver/Src/stm32f0xx_hal_i2c.o
LOAD ./Drivers/STM32F0xx_HAL_Driver/Src/stm32f0xx_hal_i2c_ex.o
LOAD ./Drivers/STM32F0xx_HAL_Driver/Src/stm32f0xx_hal_iwdg.o
LOAD ./Drivers/STM32F0xx_HAL_Driver/Src/stm32f0xx_hal_pwr.o
LOAD ./Drivers/STM32F0xx_HAL_Driver/Src/stm32f0xx_hal_pwr_ex.o
LOAD ./Drivers/STM32F0xx_HAL_Driver/Src/stm32f0xx_hal_rcc.o
LOAD ./Drivers/STM32F0xx_HAL_Driver/Src/stm32f0xx_hal_rcc_ex.o
LOAD ./Drivers/STM32F0xx_HAL_Driver/Src/stm32f0xx_hal_rtc.o
LOAD ./Drivers/STM32F0xx_HAL_Driver/Src/stm32f0xx_hal_rtc_ex.o
LOAD ./Drivers/STM32F0xx_HAL_Driver/Src/stm32f0xx_hal_spi.o
LOAD ./Drivers/STM32F0xx_HAL_Driver/Src/stm32f0xx_hal_spi_ex.o
LOAD ./Drivers/STM32F0xx_HAL_Driver/Src/stm32f0xx_hal_tim.o
LOAD ./Drivers/STM32F0xx_HAL_Driver/Src/stm32f0xx_hal_tim_ex.o
LOAD ./Drivers/STM32F0xx_HAL_Driver/Src/stm32f0xx_hal_uart.o
LOAD ./Drivers/STM32F0xx_HAL_Driver/Src/stm32f0xx_hal_uart_ex.o
START GROUP
LOAD /opt/st/stm32cubeide_1.10.1/plugins/com.st.stm32cube.ide.mcu.externaltools.gnu-tools-for-stm32.10.3-2021.10.linux64_1.0.0.202111181127/tools/bin/../lib/gcc/arm-none-eabi/10.3.1/../../../../arm-none-eabi/lib/thumb/v6-m/nofp/libc_nano.a
LOAD /opt/st/stm32cubeide_1.10.1/plugins/com.st.stm32cube.ide.mcu.externaltools.gnu-tools-for-stm32.10.3-2021.10.linux64_1.0.0.202111181127/tools/bin/../lib/gcc/arm-none-eabi/10.3.1/../../../../arm-none-eabi/lib/thumb/v6-m/nofp/libm.a
END GROUP
START GROUP
LOAD /opt/st/stm32cubeide_1.10.1/plugins/com.st.stm32cube.ide.mcu.externaltools.gnu-tools-for-stm32.10.3-2021.10.linux64_1.0.0.202111181127/tools/bin/../lib/gcc/arm-none-eabi/10.3.1/thumb/v6-m/nofp/libgcc.a
LOAD /opt/st/stm32cubeide_1.10.1/plugins/com.st.stm32cube.ide.mcu.externaltools.gnu-tools-for-stm32.10.3-2021.10.linux64_1.0.0.202111181127/tools/bin/../lib/gcc/arm-none-eabi/10.3.1/../../../../arm-none-eabi/lib/thumb/v6-m/nofp/libc_nano.a
END GROUP
START GROUP
LOAD /opt/st/stm32cubeide_1.10.1/plugins/com.st.stm32cube.ide.mcu.externaltools.gnu-tools-for-stm32.10.3-2021.10.linux64_1.0.0.202111181127/tools/bin/../lib/gcc/arm-none-eabi/10.3.1/thumb/v6-m/nofp/libgcc.a
LOAD /opt/st/stm32cubeide_1.10.1/plugins/com.st.stm32cube.ide.mcu.externaltools.gnu-tools-for-stm32.10.3-2021.10.linux64_1.0.0.202111181127/tools/bin/../lib/gcc/arm-none-eabi/10.3.1/../../../../arm-none-eabi/lib/thumb/v6-m/nofp/libc_nano.a
LOAD /opt/st/stm32cubeide_1.10.1/plugins/com.st.stm32cube.ide.mcu.externaltools.gnu-tools-for-stm32.10.3-2021.10.linux64_1.0.0.202111181127/tools/bin/../lib/gcc/arm-none-eabi/10.3.1/../../../../arm-none-eabi/lib/thumb/v6-m/nofp/libnosys.a
END GROUP
START GROUP
LOAD /opt/st/stm32cubeide_1.10.1/plugins/com.st.stm32cube.ide.mcu.externaltools.gnu-tools-for-stm32.10.3-2021.10.linux64_1.0.0.202111181127/tools/bin/../lib/gcc/arm-none-eabi/10.3.1/thumb/v6-m/nofp/libgcc.a
LOAD /opt/st/stm32cubeide_1.10.1/plugins/com.st.stm32cube.ide.mcu.externaltools.gnu-tools-for-stm32.10.3-2021.10.linux64_1.0.0.202111181127/tools/bin/../lib/gcc/arm-none-eabi/10.3.1/../../../../arm-none-eabi/lib/thumb/v6-m/nofp/libc_nano.a
LOAD /opt/st/stm32cubeide_1.10.1/plugins/com.st.stm32cube.ide.mcu.externaltools.gnu-tools-for-stm32.10.3-2021.10.linux64_1.0.0.202111181127/tools/bin/../lib/gcc/arm-none-eabi/10.3.1/../../../../arm-none-eabi/lib/thumb/v6-m/nofp/libnosys.a
END GROUP
LOAD /opt/st/stm32cubeide_1.10.1/plugins/com.st.stm32cube.ide.mcu.externaltools.gnu-tools-for-stm32.10.3-2021.10.linux64_1.0.0.202111181127/tools/bin/../lib/gcc/arm-none-eabi/10.3.1/thumb/v6-m/nofp/crtend.o
LOAD /opt/st/stm32cubeide_1.10.1/plugins/com.st.stm32cube.ide.mcu.externaltools.gnu-tools-for-stm32.10.3-2021.10.linux64_1.0.0.202111181127/tools/bin/../lib/gcc/arm-none-eabi/10.3.1/thumb/v6-m/nofp/crtn.o
                0x0000000020002000                _estack = (ORIGIN (RAM) + LENGTH (RAM))
                0x0000000000000200                _Min_Heap_Size = 0x200
                0x0000000000000400                _Min_Stack_Size = 0x400

.isr_vector     0x0000000008000000       0xc0
                0x0000000008000000                . = ALIGN (0x4)
 *(.isr_vector)
 .isr_vector    0x0000000008000000       0xc0 ./Core/Startup/startup_stm32f051c8tx.o
                0x0000000008000000                g_pfnVectors
                0x00000000080000c0                . = ALIGN (0x4)

.text           0x00000000080000c0     0x6da4
                0x00000000080000c0                . = ALIGN (0x4)
 *(.text)
 .text          0x00000000080000c0       0x48 /opt/st/stm32cubeide_1.10.1/plugins/com.st.stm32cube.ide.mcu.externaltools.gnu-tools-for-stm32.10.3-2021.10.linux64_1.0.0.202111181127/tools/bin/../lib/gcc/arm-none-eabi/10.3.1/thumb/v6-m/nofp/crtbegin.o
 .text          0x0000000008000108        0xe /opt/st/stm32cubeide_1.10.1/plugins/com.st.stm32cube.ide.mcu.externaltools.gnu-tools-for-stm32.10.3-2021.10.linux64_1.0.0.202111181127/tools/bin/../lib/gcc/arm-none-eabi/10.3.1/../../../../arm-none-eabi/lib/thumb/v6-m/nofp/libc_nano.a(lib_a-strlen.o)
                0x0000000008000108                strlen
 *fill*         0x0000000008000116        0x2 
 .text          0x0000000008000118       0x14 /opt/st/stm32cubeide_1.10.1/plugins/com.st.stm32cube.ide.mcu.externaltools.gnu-tools-for-stm32.10.3-2021.10.linux64_1.0.0.202111181127/tools/bin/../lib/gcc/arm-none-eabi/10.3.1/thumb/v6-m/nofp/libgcc.a(_thumb1_case_uqi.o)
                0x0000000008000118                __gnu_thumb1_case_uqi
 .text          0x000000000800012c       0x14 /opt/st/stm32cubeide_1.10.1/plugins/com.st.stm32cube.ide.mcu.externaltools.gnu-tools-for-stm32.10.3-2021.10.linux64_1.0.0.202111181127/tools/bin/../lib/gcc/arm-none-eabi/10.3.1/thumb/v6-m/nofp/libgcc.a(_thumb1_case_shi.o)
                0x000000000800012c                __gnu_thumb1_case_shi
 .text          0x0000000008000140      0x114 /opt/st/stm32cubeide_1.10.1/plugins/com.st.stm32cube.ide.mcu.externaltools.gnu-tools-for-stm32.10.3-2021.10.linux64_1.0.0.202111181127/tools/bin/../lib/gcc/arm-none-eabi/10.3.1/thumb/v6-m/nofp/libgcc.a(_udivsi3.o)
                0x0000000008000140                __udivsi3
                0x0000000008000140                __aeabi_uidiv
                0x000000000800024c                __aeabi_uidivmod
 .text          0x0000000008000254      0x1d4 /opt/st/stm32cubeide_1.10.1/plugins/com.st.stm32cube.ide.mcu.externaltools.gnu-tools-for-stm32.10.3-2021.10.linux64_1.0.0.202111181127/tools/bin/../lib/gcc/arm-none-eabi/10.3.1/thumb/v6-m/nofp/libgcc.a(_divsi3.o)
                0x0000000008000254                __aeabi_idiv
                0x0000000008000254                __divsi3
                0x0000000008000420                __aeabi_idivmod
 .text          0x0000000008000428        0x4 /opt/st/stm32cubeide_1.10.1/plugins/com.st.stm32cube.ide.mcu.externaltools.gnu-tools-for-stm32.10.3-2021.10.linux64_1.0.0.202111181127/tools/bin/../lib/gcc/arm-none-eabi/10.3.1/thumb/v6-m/nofp/libgcc.a(_dvmd_tls.o)
                0x0000000008000428                __aeabi_ldiv0
                0x0000000008000428                __aeabi_idiv0
 .text          0x000000000800042c       0x74 /opt/st/stm32cubeide_1.10.1/plugins/com.st.stm32cube.ide.mcu.externaltools.gnu-tools-for-stm32.10.3-2021.10.linux64_1.0.0.202111181127/tools/bin/../lib/gcc/arm-none-eabi/10.3.1/thumb/v6-m/nofp/libgcc.a(_arm_cmpsf2.o)
                0x000000000800042c                __aeabi_cfrcmple
                0x0000000008000434                __aeabi_cfcmple
                0x0000000008000434                __aeabi_cfcmpeq
                0x0000000008000444                __aeabi_fcmpeq
                0x0000000008000450                __aeabi_fcmplt
                0x0000000008000464                __aeabi_fcmple
                0x0000000008000478                __aeabi_fcmpgt
                0x000000000800048c                __aeabi_fcmpge
 .text          0x00000000080004a0      0x33c /opt/st/stm32cubeide_1.10.1/plugins/com.st.stm32cube.ide.mcu.externaltools.gnu-tools-for-stm32.10.3-2021.10.linux64_1.0.0.202111181127/tools/bin/../lib/gcc/arm-none-eabi/10.3.1/thumb/v6-m/nofp/libgcc.a(addsf3.o)
                0x00000000080004a0                __aeabi_fadd
 .text          0x00000000080007dc       0x4c /opt/st/stm32cubeide_1.10.1/plugins/com.st.stm32cube.ide.mcu.externaltools.gnu-tools-for-stm32.10.3-2021.10.linux64_1.0.0.202111181127/tools/bin/../lib/gcc/arm-none-eabi/10.3.1/thumb/v6-m/nofp/libgcc.a(eqsf2.o)
                0x00000000080007dc                __nesf2
                0x00000000080007dc                __eqsf2
 .text          0x0000000008000828       0x8c /opt/st/stm32cubeide_1.10.1/plugins/com.st.stm32cube.ide.mcu.externaltools.gnu-tools-for-stm32.10.3-2021.10.linux64_1.0.0.202111181127/tools/bin/../lib/gcc/arm-none-eabi/10.3.1/thumb/v6-m/nofp/libgcc.a(gesf2.o)
                0x0000000008000828                __gtsf2
                0x0000000008000828                __gesf2
 .text          0x00000000080008b4       0x88 /opt/st/stm32cubeide_1.10.1/plugins/com.st.stm32cube.ide.mcu.externaltools.gnu-tools-for-stm32.10.3-2021.10.linux64_1.0.0.202111181127/tools/bin/../lib/gcc/arm-none-eabi/10.3.1/thumb/v6-m/nofp/libgcc.a(lesf2.o)
                0x00000000080008b4                __lesf2
                0x00000000080008b4                __ltsf2
 .text          0x000000000800093c      0x24c /opt/st/stm32cubeide_1.10.1/plugins/com.st.stm32cube.ide.mcu.externaltools.gnu-tools-for-stm32.10.3-2021.10.linux64_1.0.0.202111181127/tools/bin/../lib/gcc/arm-none-eabi/10.3.1/thumb/v6-m/nofp/libgcc.a(mulsf3.o)
                0x000000000800093c                __aeabi_fmul
 .text          0x0000000008000b88      0x35c /opt/st/stm32cubeide_1.10.1/plugins/com.st.stm32cube.ide.mcu.externaltools.gnu-tools-for-stm32.10.3-2021.10.linux64_1.0.0.202111181127/tools/bin/../lib/gcc/arm-none-eabi/10.3.1/thumb/v6-m/nofp/libgcc.a(subsf3.o)
                0x0000000008000b88                __aeabi_fsub
 .text          0x0000000008000ee4       0x40 /opt/st/stm32cubeide_1.10.1/plugins/com.st.stm32cube.ide.mcu.externaltools.gnu-tools-for-stm32.10.3-2021.10.linux64_1.0.0.202111181127/tools/bin/../lib/gcc/arm-none-eabi/10.3.1/thumb/v6-m/nofp/libgcc.a(fixsfsi.o)
                0x0000000008000ee4                __aeabi_f2iz
 .text          0x0000000008000f24       0x9c /opt/st/stm32cubeide_1.10.1/plugins/com.st.stm32cube.ide.mcu.externaltools.gnu-tools-for-stm32.10.3-2021.10.linux64_1.0.0.202111181127/tools/bin/../lib/gcc/arm-none-eabi/10.3.1/thumb/v6-m/nofp/libgcc.a(floatsisf.o)
                0x0000000008000f24                __aeabi_i2f
 .text          0x0000000008000fc0       0x3c /opt/st/stm32cubeide_1.10.1/plugins/com.st.stm32cube.ide.mcu.externaltools.gnu-tools-for-stm32.10.3-2021.10.linux64_1.0.0.202111181127/tools/bin/../lib/gcc/arm-none-eabi/10.3.1/thumb/v6-m/nofp/libgcc.a(_clzsi2.o)
                0x0000000008000fc0                __clzsi2
 *(.text*)
 .text.SSD1306_i2cWrite
                0x0000000008000ffc       0x1c ./Core/Src/SSD1306.o
                0x0000000008000ffc                SSD1306_i2cWrite
 .text.SSD1306_command1
                0x0000000008001018       0x14 ./Core/Src/SSD1306.o
                0x0000000008001018                SSD1306_command1
 .text.SSD1306_sendCommand
                0x000000000800102c       0x1c ./Core/Src/SSD1306.o
                0x000000000800102c                SSD1306_sendCommand
 .text.SSD1306_sendData
                0x0000000008001048       0x14 ./Core/Src/SSD1306.o
                0x0000000008001048                SSD1306_sendData
 .text.SSD1306_setPageAddress
                0x000000000800105c        0xe ./Core/Src/SSD1306.o
                0x000000000800105c                SSD1306_setPageAddress
 .text.SSD1306_setColumnAddress
                0x000000000800106a        0xe ./Core/Src/SSD1306.o
                0x000000000800106a                SSD1306_setColumnAddress
 .text.SSD1306_setFont
                0x0000000008001078       0x24 ./Core/Src/SSD1306.o
                0x0000000008001078                SSD1306_setFont
 .text.SSD1306_writeCharToBuf
                0x000000000800109c       0x9c ./Core/Src/SSD1306.o
                0x000000000800109c                SSD1306_writeCharToBuf
 .text.SSD1306_writeString
                0x0000000008001138       0x40 ./Core/Src/SSD1306.o
                0x0000000008001138                SSD1306_writeString
 .text.SSD1306_writeFrameBufRow
                0x0000000008001178       0x14 ./Core/Src/SSD1306.o
                0x0000000008001178                SSD1306_writeFrameBufRow
 .text.SSD1306_WriteRow
                0x000000000800118c        0x8 ./Core/Src/SSD1306.o
                0x000000000800118c                SSD1306_WriteRow
 .text.SSD1306_ClearBuf
                0x0000000008001194       0x14 ./Core/Src/SSD1306.o
                0x0000000008001194                SSD1306_ClearBuf
 .text.SSD1306_clearDisplay
                0x00000000080011a8       0x30 ./Core/Src/SSD1306.o
                0x00000000080011a8                SSD1306_clearDisplay
 .text.SSD1306_SetupFrameBuf
                0x00000000080011d8       0x30 ./Core/Src/SSD1306.o
                0x00000000080011d8                SSD1306_SetupFrameBuf
 .text.SSD1306_InitScreen
                0x0000000008001208       0xdc ./Core/Src/SSD1306.o
                0x0000000008001208                SSD1306_InitScreen
 .text.backup_settings
                0x00000000080012e4       0x48 ./Core/Src/config.o
                0x00000000080012e4                backup_settings
 .text.reset_defaults
                0x000000000800132c       0x18 ./Core/Src/config.o
                0x000000000800132c                reset_defaults
 .text.restore_settings
                0x0000000008001344       0x4c ./Core/Src/config.o
                0x0000000008001344                restore_settings
 .text.config_to_setpoints
                0x0000000008001390       0x56 ./Core/Src/config.o
                0x0000000008001390                config_to_setpoints
 *fill*         0x00000000080013e6        0x2 
 .text.HAL_ADC_ConvCpltCallback
                0x00000000080013e8        0xc ./Core/Src/control.o
                0x00000000080013e8                HAL_ADC_ConvCpltCallback
 .text.lights_and_buzzers
                0x00000000080013f4       0xa8 ./Core/Src/control.o
                0x00000000080013f4                lights_and_buzzers
 .text.check_interlocks
                0x000000000800149c       0x54 ./Core/Src/control.o
                0x000000000800149c                check_interlocks
 .text.get_shunt_current
                0x00000000080014f0       0x34 ./Core/Src/control.o
                0x00000000080014f0                get_shunt_current
 .text.motor_pwm_update
                0x0000000008001524      0x160 ./Core/Src/control.o
                0x0000000008001524                motor_pwm_update
 .text.motor_state_machine
                0x0000000008001684      0x3a0 ./Core/Src/control.o
                0x0000000008001684                motor_state_machine
 .text.read_thermocouples
                0x0000000008001a24      0x114 ./Core/Src/control.o
                0x0000000008001a24                read_thermocouples
 .text.thermal_control_loop
                0x0000000008001b38      0x180 ./Core/Src/control.o
                0x0000000008001b38                thermal_control_loop
 .text.HAL_TIM_PeriodElapsedCallback
                0x0000000008001cb8       0x58 ./Core/Src/control.o
                0x0000000008001cb8                HAL_TIM_PeriodElapsedCallback
 .text.debounce
                0x0000000008001d10       0x28 ./Core/Src/debounce.o
                0x0000000008001d10                debounce
 .text.debounce_menu_buttons
                0x0000000008001d38       0x58 ./Core/Src/debounce.o
                0x0000000008001d38                debounce_menu_buttons
 .text.debounce_activate_buttons
                0x0000000008001d90       0x3c ./Core/Src/debounce.o
                0x0000000008001d90                debounce_activate_buttons
 .text.debounce_interlock
                0x0000000008001dcc       0x5c ./Core/Src/debounce.o
                0x0000000008001dcc                debounce_interlock
 .text.SystemClock_Config
                0x0000000008001e28       0x82 ./Core/Src/main.o
                0x0000000008001e28                SystemClock_Config
 *fill*         0x0000000008001eaa        0x2 
 .text.startup.main
                0x0000000008001eac      0x6f4 ./Core/Src/main.o
                0x0000000008001eac                main
 .text.Error_Handler
                0x00000000080025a0        0x4 ./Core/Src/main.o
                0x00000000080025a0                Error_Handler
 .text.link_menus
                0x00000000080025a4       0x16 ./Core/Src/menu.o
                0x00000000080025a4                link_menus
 *fill*         0x00000000080025ba        0x2 
 .text.init_menus
                0x00000000080025bc       0xc0 ./Core/Src/menu.o
                0x00000000080025bc                init_menus
 .text.menu_up  0x000000000800267c       0x90 ./Core/Src/menu.o
                0x000000000800267c                menu_up
 .text.menu_down
                0x000000000800270c       0xc0 ./Core/Src/menu.o
                0x000000000800270c                menu_down
 .text.menu_enter
                0x00000000080027cc      0x154 ./Core/Src/menu.o
                0x00000000080027cc                menu_enter
 .text.menu_return_home
                0x0000000008002920       0x28 ./Core/Src/menu.o
                0x0000000008002920                menu_return_home
 .text.write_row_innerfunc
                0x0000000008002948       0x6c ./Core/Src/menu.o
                0x0000000008002948                write_row_innerfunc
 .text.write_row
                0x00000000080029b4       0x24 ./Core/Src/menu.o
                0x00000000080029b4                write_row
 .text.set_row  0x00000000080029d8       0x40 ./Core/Src/menu.o
                0x00000000080029d8                set_row
 .text.debug_display
                0x0000000008002a18      0x1d0 ./Core/Src/menu.o
                0x0000000008002a18                debug_display
 .text.status_display
                0x0000000008002be8      0x16c ./Core/Src/menu.o
                0x0000000008002be8                status_display
 .text.generic_display
                0x0000000008002d54       0xf0 ./Core/Src/menu.o
                0x0000000008002d54                generic_display
 .text.temperature_display
                0x0000000008002e44       0x64 ./Core/Src/menu.o
                0x0000000008002e44                temperature_display
 .text.press_time_display
                0x0000000008002ea8       0x64 ./Core/Src/menu.o
                0x0000000008002ea8                press_time_display
 .text.manual_mode_display
                0x0000000008002f0c       0x3c ./Core/Src/menu.o
                0x0000000008002f0c                manual_mode_display
 .text.reset_display
                0x0000000008002f48       0x44 ./Core/Src/menu.o
                0x0000000008002f48                reset_display
 .text.units_display
                0x0000000008002f8c       0x3c ./Core/Src/menu.o
                0x0000000008002f8c                units_display
 .text.jog_display
                0x0000000008002fc8       0x30 ./Core/Src/menu.o
                0x0000000008002fc8                jog_display
 .text.HAL_MspInit
                0x0000000008002ff8       0x30 ./Core/Src/stm32f0xx_hal_msp.o
                0x0000000008002ff8                HAL_MspInit
 .text.HAL_ADC_MspInit
                0x0000000008003028       0xa8 ./Core/Src/stm32f0xx_hal_msp.o
                0x0000000008003028                HAL_ADC_MspInit
 .text.HAL_I2C_MspInit
                0x00000000080030d0       0xa8 ./Core/Src/stm32f0xx_hal_msp.o
                0x00000000080030d0                HAL_I2C_MspInit
 .text.HAL_RTC_MspInit
                0x0000000008003178       0x20 ./Core/Src/stm32f0xx_hal_msp.o
                0x0000000008003178                HAL_RTC_MspInit
 .text.HAL_SPI_MspInit
                0x0000000008003198       0x64 ./Core/Src/stm32f0xx_hal_msp.o
                0x0000000008003198                HAL_SPI_MspInit
 .text.HAL_TIM_PWM_MspInit
                0x00000000080031fc       0x54 ./Core/Src/stm32f0xx_hal_msp.o
                0x00000000080031fc                HAL_TIM_PWM_MspInit
 .text.HAL_TIM_MspPostInit
                0x0000000008003250       0xa4 ./Core/Src/stm32f0xx_hal_msp.o
                0x0000000008003250                HAL_TIM_MspPostInit
 .text.HAL_UART_MspInit
                0x00000000080032f4       0x60 ./Core/Src/stm32f0xx_hal_msp.o
                0x00000000080032f4                HAL_UART_MspInit
 .text.NMI_Handler
                0x0000000008003354        0x2 ./Core/Src/stm32f0xx_it.o
                0x0000000008003354                NMI_Handler
 .text.HardFault_Handler
                0x0000000008003356        0x2 ./Core/Src/stm32f0xx_it.o
                0x0000000008003356                HardFault_Handler
 .text.SVC_Handler
                0x0000000008003358        0x2 ./Core/Src/stm32f0xx_it.o
                0x0000000008003358                SVC_Handler
 .text.PendSV_Handler
                0x000000000800335a        0x2 ./Core/Src/stm32f0xx_it.o
                0x000000000800335a                PendSV_Handler
 .text.SysTick_Handler
                0x000000000800335c        0x8 ./Core/Src/stm32f0xx_it.o
                0x000000000800335c                SysTick_Handler
 .text.DMA1_Channel1_IRQHandler
                0x0000000008003364       0x10 ./Core/Src/stm32f0xx_it.o
                0x0000000008003364                DMA1_Channel1_IRQHandler
 .text.DMA1_Channel4_5_IRQHandler
                0x0000000008003374       0x10 ./Core/Src/stm32f0xx_it.o
                0x0000000008003374                DMA1_Channel4_5_IRQHandler
 .text.ADC1_COMP_IRQHandler
                0x0000000008003384       0x10 ./Core/Src/stm32f0xx_it.o
                0x0000000008003384                ADC1_COMP_IRQHandler
 .text.TIM1_BRK_UP_TRG_COM_IRQHandler
                0x0000000008003394       0x10 ./Core/Src/stm32f0xx_it.o
                0x0000000008003394                TIM1_BRK_UP_TRG_COM_IRQHandler
 .text.I2C2_IRQHandler
                0x00000000080033a4       0x20 ./Core/Src/stm32f0xx_it.o
                0x00000000080033a4                I2C2_IRQHandler
 .text._sbrk    0x00000000080033c4       0x40 ./Core/Src/sysmem.o
                0x00000000080033c4                _sbrk
 .text.SystemInit
                0x0000000008003404        0x2 ./Core/Src/system_stm32f0xx.o
                0x0000000008003404                SystemInit
 *fill*         0x0000000008003406        0x2 
 .text.Reset_Handler
                0x0000000008003408       0x50 ./Core/Startup/startup_stm32f051c8tx.o
                0x0000000008003408                Reset_Handler
 .text.Default_Handler
                0x0000000008003458        0x2 ./Core/Startup/startup_stm32f051c8tx.o
                0x0000000008003458                TIM1_CC_IRQHandler
                0x0000000008003458                TSC_IRQHandler
                0x0000000008003458                PVD_IRQHandler
                0x0000000008003458                I2C1_IRQHandler
                0x0000000008003458                RCC_CRS_IRQHandler
                0x0000000008003458                SPI1_IRQHandler
                0x0000000008003458                TIM6_DAC_IRQHandler
                0x0000000008003458                EXTI2_3_IRQHandler
                0x0000000008003458                TIM17_IRQHandler
                0x0000000008003458                CEC_CAN_IRQHandler
                0x0000000008003458                RTC_IRQHandler
                0x0000000008003458                TIM16_IRQHandler
                0x0000000008003458                TIM3_IRQHandler
                0x0000000008003458                EXTI4_15_IRQHandler
                0x0000000008003458                Default_Handler
                0x0000000008003458                TIM14_IRQHandler
                0x0000000008003458                TIM15_IRQHandler
                0x0000000008003458                EXTI0_1_IRQHandler
                0x0000000008003458                SPI2_IRQHandler
                0x0000000008003458                WWDG_IRQHandler
                0x0000000008003458                TIM2_IRQHandler
                0x0000000008003458                DMA1_Channel2_3_IRQHandler
                0x0000000008003458                USART2_IRQHandler
                0x0000000008003458                FLASH_IRQHandler
                0x0000000008003458                USART1_IRQHandler
 *fill*         0x000000000800345a        0x2 
 .text.HAL_InitTick
                0x000000000800345c       0x48 ./Drivers/STM32F0xx_HAL_Driver/Src/stm32f0xx_hal.o
                0x000000000800345c                HAL_InitTick
 .text.HAL_Init
                0x00000000080034a4       0x20 ./Drivers/STM32F0xx_HAL_Driver/Src/stm32f0xx_hal.o
                0x00000000080034a4                HAL_Init
 .text.HAL_IncTick
                0x00000000080034c4       0x18 ./Drivers/STM32F0xx_HAL_Driver/Src/stm32f0xx_hal.o
                0x00000000080034c4                HAL_IncTick
 .text.HAL_GetTick
                0x00000000080034dc        0xc ./Drivers/STM32F0xx_HAL_Driver/Src/stm32f0xx_hal.o
                0x00000000080034dc                HAL_GetTick
 .text.HAL_Delay
                0x00000000080034e8       0x24 ./Drivers/STM32F0xx_HAL_Driver/Src/stm32f0xx_hal.o
                0x00000000080034e8                HAL_Delay
 .text.ADC_Enable
                0x000000000800350c       0xa0 ./Drivers/STM32F0xx_HAL_Driver/Src/stm32f0xx_hal_adc.o
 .text.HAL_ADC_Init
                0x00000000080035ac      0x150 ./Drivers/STM32F0xx_HAL_Driver/Src/stm32f0xx_hal_adc.o
                0x00000000080035ac                HAL_ADC_Init
 .text.HAL_ADC_Start_DMA
                0x00000000080036fc       0x94 ./Drivers/STM32F0xx_HAL_Driver/Src/stm32f0xx_hal_adc.o
                0x00000000080036fc                HAL_ADC_Start_DMA
 .text.ADC_DMAConvCplt
                0x0000000008003790       0x70 ./Drivers/STM32F0xx_HAL_Driver/Src/stm32f0xx_hal_adc.o
 .text.HAL_ADC_ConvHalfCpltCallback
                0x0000000008003800        0x2 ./Drivers/STM32F0xx_HAL_Driver/Src/stm32f0xx_hal_adc.o
                0x0000000008003800                HAL_ADC_ConvHalfCpltCallback
 .text.ADC_DMAHalfConvCplt
                0x0000000008003802        0xa ./Drivers/STM32F0xx_HAL_Driver/Src/stm32f0xx_hal_adc.o
 .text.HAL_ADC_LevelOutOfWindowCallback
                0x000000000800380c        0x2 ./Drivers/STM32F0xx_HAL_Driver/Src/stm32f0xx_hal_adc.o
                0x000000000800380c                HAL_ADC_LevelOutOfWindowCallback
 .text.HAL_ADC_ErrorCallback
                0x000000000800380e        0x2 ./Drivers/STM32F0xx_HAL_Driver/Src/stm32f0xx_hal_adc.o
                0x000000000800380e                HAL_ADC_ErrorCallback
 .text.ADC_DMAError
                0x0000000008003810       0x1a ./Drivers/STM32F0xx_HAL_Driver/Src/stm32f0xx_hal_adc.o
 *fill*         0x000000000800382a        0x2 
 .text.HAL_ADC_IRQHandler
                0x000000000800382c       0xe0 ./Drivers/STM32F0xx_HAL_Driver/Src/stm32f0xx_hal_adc.o
                0x000000000800382c                HAL_ADC_IRQHandler
 .text.HAL_ADC_ConfigChannel
                0x000000000800390c      0x10c ./Drivers/STM32F0xx_HAL_Driver/Src/stm32f0xx_hal_adc.o
                0x000000000800390c                HAL_ADC_ConfigChannel
 .text.HAL_ADCEx_Calibration_Start
                0x0000000008003a18       0xb0 ./Drivers/STM32F0xx_HAL_Driver/Src/stm32f0xx_hal_adc_ex.o
                0x0000000008003a18                HAL_ADCEx_Calibration_Start
 .text.HAL_NVIC_SetPriority
                0x0000000008003ac8       0x54 ./Drivers/STM32F0xx_HAL_Driver/Src/stm32f0xx_hal_cortex.o
                0x0000000008003ac8                HAL_NVIC_SetPriority
 .text.HAL_NVIC_EnableIRQ
                0x0000000008003b1c       0x18 ./Drivers/STM32F0xx_HAL_Driver/Src/stm32f0xx_hal_cortex.o
                0x0000000008003b1c                HAL_NVIC_EnableIRQ
 .text.HAL_SYSTICK_Config
                0x0000000008003b34       0x34 ./Drivers/STM32F0xx_HAL_Driver/Src/stm32f0xx_hal_cortex.o
                0x0000000008003b34                HAL_SYSTICK_Config
 .text.HAL_DMA_Init
                0x0000000008003b68       0x64 ./Drivers/STM32F0xx_HAL_Driver/Src/stm32f0xx_hal_dma.o
                0x0000000008003b68                HAL_DMA_Init
 .text.HAL_DMA_Start_IT
                0x0000000008003bcc       0x7c ./Drivers/STM32F0xx_HAL_Driver/Src/stm32f0xx_hal_dma.o
                0x0000000008003bcc                HAL_DMA_Start_IT
 .text.HAL_DMA_Abort_IT
                0x0000000008003c48       0x46 ./Drivers/STM32F0xx_HAL_Driver/Src/stm32f0xx_hal_dma.o
                0x0000000008003c48                HAL_DMA_Abort_IT
 .text.HAL_DMA_IRQHandler
                0x0000000008003c8e       0x92 ./Drivers/STM32F0xx_HAL_Driver/Src/stm32f0xx_hal_dma.o
                0x0000000008003c8e                HAL_DMA_IRQHandler
 .text.HAL_DMA_GetState
                0x0000000008003d20        0x8 ./Drivers/STM32F0xx_HAL_Driver/Src/stm32f0xx_hal_dma.o
                0x0000000008003d20                HAL_DMA_GetState
 .text.HAL_GPIO_Init
                0x0000000008003d28      0x16c ./Drivers/STM32F0xx_HAL_Driver/Src/stm32f0xx_hal_gpio.o
                0x0000000008003d28                HAL_GPIO_Init
 .text.HAL_GPIO_ReadPin
                0x0000000008003e94        0xc ./Drivers/STM32F0xx_HAL_Driver/Src/stm32f0xx_hal_gpio.o
                0x0000000008003e94                HAL_GPIO_ReadPin
 .text.HAL_GPIO_WritePin
                0x0000000008003ea0        0xc ./Drivers/STM32F0xx_HAL_Driver/Src/stm32f0xx_hal_gpio.o
                0x0000000008003ea0                HAL_GPIO_WritePin
 .text.HAL_GPIO_TogglePin
                0x0000000008003eac       0x10 ./Drivers/STM32F0xx_HAL_Driver/Src/stm32f0xx_hal_gpio.o
                0x0000000008003eac                HAL_GPIO_TogglePin
 .text.I2C_Flush_TXDR
                0x0000000008003ebc       0x1c ./Drivers/STM32F0xx_HAL_Driver/Src/stm32f0xx_hal_i2c.o
 .text.I2C_TransferConfig
                0x0000000008003ed8       0x28 ./Drivers/STM32F0xx_HAL_Driver/Src/stm32f0xx_hal_i2c.o
 .text.I2C_Disable_IRQ
                0x0000000008003f00       0x48 ./Drivers/STM32F0xx_HAL_Driver/Src/stm32f0xx_hal_i2c.o
 .text.I2C_IsAcknowledgeFailed
                0x0000000008003f48       0x88 ./Drivers/STM32F0xx_HAL_Driver/Src/stm32f0xx_hal_i2c.o
 .text.I2C_WaitOnTXISFlagUntilTimeout
                0x0000000008003fd0       0x54 ./Drivers/STM32F0xx_HAL_Driver/Src/stm32f0xx_hal_i2c.o
 .text.I2C_WaitOnFlagUntilTimeout
                0x0000000008004024       0x50 ./Drivers/STM32F0xx_HAL_Driver/Src/stm32f0xx_hal_i2c.o
 .text.I2C_WaitOnSTOPFlagUntilTimeout
                0x0000000008004074       0x50 ./Drivers/STM32F0xx_HAL_Driver/Src/stm32f0xx_hal_i2c.o
 .text.HAL_I2C_Init
                0x00000000080040c4       0xac ./Drivers/STM32F0xx_HAL_Driver/Src/stm32f0xx_hal_i2c.o
                0x00000000080040c4                HAL_I2C_Init
 .text.HAL_I2C_Master_Transmit
                0x0000000008004170      0x124 ./Drivers/STM32F0xx_HAL_Driver/Src/stm32f0xx_hal_i2c.o
                0x0000000008004170                HAL_I2C_Master_Transmit
 .text.HAL_I2C_EV_IRQHandler
                0x0000000008004294       0x12 ./Drivers/STM32F0xx_HAL_Driver/Src/stm32f0xx_hal_i2c.o
                0x0000000008004294                HAL_I2C_EV_IRQHandler
 .text.HAL_I2C_SlaveTxCpltCallback
                0x00000000080042a6        0x2 ./Drivers/STM32F0xx_HAL_Driver/Src/stm32f0xx_hal_i2c.o
                0x00000000080042a6                HAL_I2C_SlaveTxCpltCallback
 .text.HAL_I2C_SlaveRxCpltCallback
                0x00000000080042a8        0x2 ./Drivers/STM32F0xx_HAL_Driver/Src/stm32f0xx_hal_i2c.o
                0x00000000080042a8                HAL_I2C_SlaveRxCpltCallback
 *fill*         0x00000000080042aa        0x2 
 .text.I2C_ITSlaveSeqCplt
                0x00000000080042ac       0x84 ./Drivers/STM32F0xx_HAL_Driver/Src/stm32f0xx_hal_i2c.o
 .text.HAL_I2C_AddrCallback
                0x0000000008004330        0x2 ./Drivers/STM32F0xx_HAL_Driver/Src/stm32f0xx_hal_i2c.o
                0x0000000008004330                HAL_I2C_AddrCallback
 .text.I2C_ITAddrCplt.constprop.0
                0x0000000008004332       0x9a ./Drivers/STM32F0xx_HAL_Driver/Src/stm32f0xx_hal_i2c.o
 .text.HAL_I2C_ListenCpltCallback
                0x00000000080043cc        0x2 ./Drivers/STM32F0xx_HAL_Driver/Src/stm32f0xx_hal_i2c.o
                0x00000000080043cc                HAL_I2C_ListenCpltCallback
 *fill*         0x00000000080043ce        0x2 
 .text.I2C_ITListenCplt
                0x00000000080043d0       0x6c ./Drivers/STM32F0xx_HAL_Driver/Src/stm32f0xx_hal_i2c.o
 .text.HAL_I2C_ErrorCallback
                0x000000000800443c        0x2 ./Drivers/STM32F0xx_HAL_Driver/Src/stm32f0xx_hal_i2c.o
                0x000000000800443c                HAL_I2C_ErrorCallback
 .text.HAL_I2C_AbortCpltCallback
                0x000000000800443e        0x2 ./Drivers/STM32F0xx_HAL_Driver/Src/stm32f0xx_hal_i2c.o
                0x000000000800443e                HAL_I2C_AbortCpltCallback
 .text.I2C_TreatErrorCallback
                0x0000000008004440       0x2a ./Drivers/STM32F0xx_HAL_Driver/Src/stm32f0xx_hal_i2c.o
 *fill*         0x000000000800446a        0x2 
 .text.I2C_ITError
                0x000000000800446c       0xf4 ./Drivers/STM32F0xx_HAL_Driver/Src/stm32f0xx_hal_i2c.o
 .text.I2C_ITSlaveCplt
                0x0000000008004560      0x138 ./Drivers/STM32F0xx_HAL_Driver/Src/stm32f0xx_hal_i2c.o
 .text.I2C_Slave_ISR_IT
                0x0000000008004698      0x130 ./Drivers/STM32F0xx_HAL_Driver/Src/stm32f0xx_hal_i2c.o
 .text.HAL_I2C_ER_IRQHandler
                0x00000000080047c8       0x62 ./Drivers/STM32F0xx_HAL_Driver/Src/stm32f0xx_hal_i2c.o
                0x00000000080047c8                HAL_I2C_ER_IRQHandler
 .text.I2C_DMAAbort
                0x000000000800482a       0x1e ./Drivers/STM32F0xx_HAL_Driver/Src/stm32f0xx_hal_i2c.o
 .text.HAL_I2CEx_ConfigAnalogFilter
                0x0000000008004848       0x4c ./Drivers/STM32F0xx_HAL_Driver/Src/stm32f0xx_hal_i2c_ex.o
                0x0000000008004848                HAL_I2CEx_ConfigAnalogFilter
 .text.HAL_I2CEx_ConfigDigitalFilter
                0x0000000008004894       0x48 ./Drivers/STM32F0xx_HAL_Driver/Src/stm32f0xx_hal_i2c_ex.o
                0x0000000008004894                HAL_I2CEx_ConfigDigitalFilter
 .text.HAL_IWDG_Init
                0x00000000080048dc       0x64 ./Drivers/STM32F0xx_HAL_Driver/Src/stm32f0xx_hal_iwdg.o
                0x00000000080048dc                HAL_IWDG_Init
 .text.HAL_IWDG_Refresh
                0x0000000008004940       0x10 ./Drivers/STM32F0xx_HAL_Driver/Src/stm32f0xx_hal_iwdg.o
                0x0000000008004940                HAL_IWDG_Refresh
 .text.HAL_PWR_EnableBkUpAccess
                0x0000000008004950       0x14 ./Drivers/STM32F0xx_HAL_Driver/Src/stm32f0xx_hal_pwr.o
                0x0000000008004950                HAL_PWR_EnableBkUpAccess
 .text.HAL_RCC_OscConfig
                0x0000000008004964      0x400 ./Drivers/STM32F0xx_HAL_Driver/Src/stm32f0xx_hal_rcc.o
                0x0000000008004964                HAL_RCC_OscConfig
 .text.HAL_RCC_GetSysClockFreq
                0x0000000008004d64       0x64 ./Drivers/STM32F0xx_HAL_Driver/Src/stm32f0xx_hal_rcc.o
                0x0000000008004d64                HAL_RCC_GetSysClockFreq
 .text.HAL_RCC_ClockConfig
                0x0000000008004dc8      0x108 ./Drivers/STM32F0xx_HAL_Driver/Src/stm32f0xx_hal_rcc.o
                0x0000000008004dc8                HAL_RCC_ClockConfig
 .text.HAL_RCC_GetPCLK1Freq
                0x0000000008004ed0       0x20 ./Drivers/STM32F0xx_HAL_Driver/Src/stm32f0xx_hal_rcc.o
                0x0000000008004ed0                HAL_RCC_GetPCLK1Freq
 .text.HAL_RCCEx_PeriphCLKConfig
                0x0000000008004ef0      0x11c ./Drivers/STM32F0xx_HAL_Driver/Src/stm32f0xx_hal_rcc_ex.o
                0x0000000008004ef0                HAL_RCCEx_PeriphCLKConfig
 .text.HAL_RTC_WaitForSynchro
                0x000000000800500c       0x34 ./Drivers/STM32F0xx_HAL_Driver/Src/stm32f0xx_hal_rtc.o
                0x000000000800500c                HAL_RTC_WaitForSynchro
 .text.RTC_EnterInitMode
                0x0000000008005040       0x38 ./Drivers/STM32F0xx_HAL_Driver/Src/stm32f0xx_hal_rtc.o
                0x0000000008005040                RTC_EnterInitMode
 .text.HAL_RTC_Init
                0x0000000008005078       0xa8 ./Drivers/STM32F0xx_HAL_Driver/Src/stm32f0xx_hal_rtc.o
                0x0000000008005078                HAL_RTC_Init
 .text.HAL_RTCEx_BKUPWrite
                0x0000000008005120        0xc ./Drivers/STM32F0xx_HAL_Driver/Src/stm32f0xx_hal_rtc_ex.o
                0x0000000008005120                HAL_RTCEx_BKUPWrite
 .text.HAL_RTCEx_BKUPRead
                0x000000000800512c        0xc ./Drivers/STM32F0xx_HAL_Driver/Src/stm32f0xx_hal_rtc_ex.o
                0x000000000800512c                HAL_RTCEx_BKUPRead
 .text.SPI_WaitFifoStateUntilTimeout.constprop.0
                0x0000000008005138       0xd8 ./Drivers/STM32F0xx_HAL_Driver/Src/stm32f0xx_hal_spi.o
 .text.SPI_WaitFlagStateUntilTimeout.constprop.0
                0x0000000008005210       0xb8 ./Drivers/STM32F0xx_HAL_Driver/Src/stm32f0xx_hal_spi.o
 .text.SPI_EndRxTransaction
                0x00000000080052c8       0x7a ./Drivers/STM32F0xx_HAL_Driver/Src/stm32f0xx_hal_spi.o
 .text.SPI_EndRxTxTransaction
                0x0000000008005342       0x46 ./Drivers/STM32F0xx_HAL_Driver/Src/stm32f0xx_hal_spi.o
 .text.HAL_SPI_Init
                0x0000000008005388       0xf0 ./Drivers/STM32F0xx_HAL_Driver/Src/stm32f0xx_hal_spi.o
                0x0000000008005388                HAL_SPI_Init
 .text.HAL_SPI_TransmitReceive
                0x0000000008005478      0x218 ./Drivers/STM32F0xx_HAL_Driver/Src/stm32f0xx_hal_spi.o
                0x0000000008005478                HAL_SPI_TransmitReceive
 .text.HAL_SPI_Receive
                0x0000000008005690      0x184 ./Drivers/STM32F0xx_HAL_Driver/Src/stm32f0xx_hal_spi.o
                0x0000000008005690                HAL_SPI_Receive
 .text.TIM_OC1_SetConfig
                0x0000000008005814       0x88 ./Drivers/STM32F0xx_HAL_Driver/Src/stm32f0xx_hal_tim.o
 .text.TIM_OC3_SetConfig
                0x000000000800589c       0x88 ./Drivers/STM32F0xx_HAL_Driver/Src/stm32f0xx_hal_tim.o
 .text.TIM_OC4_SetConfig
                0x0000000008005924       0x74 ./Drivers/STM32F0xx_HAL_Driver/Src/stm32f0xx_hal_tim.o
 .text.HAL_TIM_Base_Start_IT
                0x0000000008005998       0x60 ./Drivers/STM32F0xx_HAL_Driver/Src/stm32f0xx_hal_tim.o
                0x0000000008005998                HAL_TIM_Base_Start_IT
 .text.HAL_TIM_OC_DelayElapsedCallback
                0x00000000080059f8        0x2 ./Drivers/STM32F0xx_HAL_Driver/Src/stm32f0xx_hal_tim.o
                0x00000000080059f8                HAL_TIM_OC_DelayElapsedCallback
 .text.HAL_TIM_IC_CaptureCallback
                0x00000000080059fa        0x2 ./Drivers/STM32F0xx_HAL_Driver/Src/stm32f0xx_hal_tim.o
                0x00000000080059fa                HAL_TIM_IC_CaptureCallback
 .text.HAL_TIM_PWM_PulseFinishedCallback
                0x00000000080059fc        0x2 ./Drivers/STM32F0xx_HAL_Driver/Src/stm32f0xx_hal_tim.o
                0x00000000080059fc                HAL_TIM_PWM_PulseFinishedCallback
 .text.HAL_TIM_TriggerCallback
                0x00000000080059fe        0x2 ./Drivers/STM32F0xx_HAL_Driver/Src/stm32f0xx_hal_tim.o
                0x00000000080059fe                HAL_TIM_TriggerCallback
 .text.HAL_TIM_IRQHandler
                0x0000000008005a00      0x148 ./Drivers/STM32F0xx_HAL_Driver/Src/stm32f0xx_hal_tim.o
                0x0000000008005a00                HAL_TIM_IRQHandler
 .text.TIM_Base_SetConfig
                0x0000000008005b48       0xa0 ./Drivers/STM32F0xx_HAL_Driver/Src/stm32f0xx_hal_tim.o
                0x0000000008005b48                TIM_Base_SetConfig
 .text.HAL_TIM_PWM_Init
                0x0000000008005be8       0x50 ./Drivers/STM32F0xx_HAL_Driver/Src/stm32f0xx_hal_tim.o
                0x0000000008005be8                HAL_TIM_PWM_Init
 .text.TIM_OC2_SetConfig
                0x0000000008005c38       0x80 ./Drivers/STM32F0xx_HAL_Driver/Src/stm32f0xx_hal_tim.o
                0x0000000008005c38                TIM_OC2_SetConfig
 .text.HAL_TIM_PWM_ConfigChannel
                0x0000000008005cb8       0xbc ./Drivers/STM32F0xx_HAL_Driver/Src/stm32f0xx_hal_tim.o
                0x0000000008005cb8                HAL_TIM_PWM_ConfigChannel
 .text.TIM_CCxChannelCmd
                0x0000000008005d74       0x1a ./Drivers/STM32F0xx_HAL_Driver/Src/stm32f0xx_hal_tim.o
                0x0000000008005d74                TIM_CCxChannelCmd
 *fill*         0x0000000008005d8e        0x2 
 .text.HAL_TIM_OC_Start
                0x0000000008005d90       0xc8 ./Drivers/STM32F0xx_HAL_Driver/Src/stm32f0xx_hal_tim.o
                0x0000000008005d90                HAL_TIM_OC_Start
 .text.HAL_TIM_PWM_Start
                0x0000000008005e58        0x8 ./Drivers/STM32F0xx_HAL_Driver/Src/stm32f0xx_hal_tim.o
                0x0000000008005e58                HAL_TIM_PWM_Start
 .text.HAL_TIM_OC_Stop
                0x0000000008005e60       0x94 ./Drivers/STM32F0xx_HAL_Driver/Src/stm32f0xx_hal_tim.o
                0x0000000008005e60                HAL_TIM_OC_Stop
 .text.HAL_TIM_PWM_Stop
                0x0000000008005ef4        0x8 ./Drivers/STM32F0xx_HAL_Driver/Src/stm32f0xx_hal_tim.o
                0x0000000008005ef4                HAL_TIM_PWM_Stop
 .text.TIM_CCxNChannelCmd
                0x0000000008005efc       0x1a ./Drivers/STM32F0xx_HAL_Driver/Src/stm32f0xx_hal_tim_ex.o
 *fill*         0x0000000008005f16        0x2 
 .text.HAL_TIMEx_OCN_Start
                0x0000000008005f18       0x8c ./Drivers/STM32F0xx_HAL_Driver/Src/stm32f0xx_hal_tim_ex.o
                0x0000000008005f18                HAL_TIMEx_OCN_Start
 .text.HAL_TIMEx_PWMN_Start
                0x0000000008005fa4        0x8 ./Drivers/STM32F0xx_HAL_Driver/Src/stm32f0xx_hal_tim_ex.o
                0x0000000008005fa4                HAL_TIMEx_PWMN_Start
 .text.HAL_TIMEx_MasterConfigSynchronization
                0x0000000008005fac       0x64 ./Drivers/STM32F0xx_HAL_Driver/Src/stm32f0xx_hal_tim_ex.o
                0x0000000008005fac                HAL_TIMEx_MasterConfigSynchronization
 .text.HAL_TIMEx_ConfigBreakDeadTime
                0x0000000008006010       0x64 ./Drivers/STM32F0xx_HAL_Driver/Src/stm32f0xx_hal_tim_ex.o
                0x0000000008006010                HAL_TIMEx_ConfigBreakDeadTime
 .text.HAL_TIMEx_CommutCallback
                0x0000000008006074        0x2 ./Drivers/STM32F0xx_HAL_Driver/Src/stm32f0xx_hal_tim_ex.o
                0x0000000008006074                HAL_TIMEx_CommutCallback
 .text.HAL_TIMEx_BreakCallback
                0x0000000008006076        0x2 ./Drivers/STM32F0xx_HAL_Driver/Src/stm32f0xx_hal_tim_ex.o
                0x0000000008006076                HAL_TIMEx_BreakCallback
 .text.UART_SetConfig
                0x0000000008006078      0x134 ./Drivers/STM32F0xx_HAL_Driver/Src/stm32f0xx_hal_uart.o
                0x0000000008006078                UART_SetConfig
 .text.UART_AdvFeatureConfig
                0x00000000080061ac       0xd0 ./Drivers/STM32F0xx_HAL_Driver/Src/stm32f0xx_hal_uart.o
                0x00000000080061ac                UART_AdvFeatureConfig
 .text.UART_WaitOnFlagUntilTimeout
                0x000000000800627c       0xc4 ./Drivers/STM32F0xx_HAL_Driver/Src/stm32f0xx_hal_uart.o
                0x000000000800627c                UART_WaitOnFlagUntilTimeout
 .text.HAL_UART_Transmit
                0x0000000008006340       0xe2 ./Drivers/STM32F0xx_HAL_Driver/Src/stm32f0xx_hal_uart.o
                0x0000000008006340                HAL_UART_Transmit
 *fill*         0x0000000008006422        0x2 
 .text.UART_CheckIdleState
                0x0000000008006424       0x64 ./Drivers/STM32F0xx_HAL_Driver/Src/stm32f0xx_hal_uart.o
                0x0000000008006424                UART_CheckIdleState
 .text.HAL_UART_Init
                0x0000000008006488       0x64 ./Drivers/STM32F0xx_HAL_Driver/Src/stm32f0xx_hal_uart.o
                0x0000000008006488                HAL_UART_Init
 .text.__errno  0x00000000080064ec        0xc /opt/st/stm32cubeide_1.10.1/plugins/com.st.stm32cube.ide.mcu.externaltools.gnu-tools-for-stm32.10.3-2021.10.linux64_1.0.0.202111181127/tools/bin/../lib/gcc/arm-none-eabi/10.3.1/../../../../arm-none-eabi/lib/thumb/v6-m/nofp/libc_nano.a(lib_a-errno.o)
                0x00000000080064ec                __errno
 .text.__libc_init_array
                0x00000000080064f8       0x48 /opt/st/stm32cubeide_1.10.1/plugins/com.st.stm32cube.ide.mcu.externaltools.gnu-tools-for-stm32.10.3-2021.10.linux64_1.0.0.202111181127/tools/bin/../lib/gcc/arm-none-eabi/10.3.1/../../../../arm-none-eabi/lib/thumb/v6-m/nofp/libc_nano.a(lib_a-init.o)
                0x00000000080064f8                __libc_init_array
 .text.memcpy   0x0000000008006540       0x12 /opt/st/stm32cubeide_1.10.1/plugins/com.st.stm32cube.ide.mcu.externaltools.gnu-tools-for-stm32.10.3-2021.10.linux64_1.0.0.202111181127/tools/bin/../lib/gcc/arm-none-eabi/10.3.1/../../../../arm-none-eabi/lib/thumb/v6-m/nofp/libc_nano.a(lib_a-memcpy-stub.o)
                0x0000000008006540                memcpy
 .text.memset   0x0000000008006552       0x10 /opt/st/stm32cubeide_1.10.1/plugins/com.st.stm32cube.ide.mcu.externaltools.gnu-tools-for-stm32.10.3-2021.10.linux64_1.0.0.202111181127/tools/bin/../lib/gcc/arm-none-eabi/10.3.1/../../../../arm-none-eabi/lib/thumb/v6-m/nofp/libc_nano.a(lib_a-memset.o)
                0x0000000008006552                memset
 *fill*         0x0000000008006562        0x2 
 .text.sprintf  0x0000000008006564       0x40 /opt/st/stm32cubeide_1.10.1/plugins/com.st.stm32cube.ide.mcu.externaltools.gnu-tools-for-stm32.10.3-2021.10.linux64_1.0.0.202111181127/tools/bin/../lib/gcc/arm-none-eabi/10.3.1/../../../../arm-none-eabi/lib/thumb/v6-m/nofp/libc_nano.a(lib_a-sprintf.o)
                0x0000000008006564                sprintf
                0x0000000008006564                siprintf
 .text.strncpy  0x00000000080065a4       0x28 /opt/st/stm32cubeide_1.10.1/plugins/com.st.stm32cube.ide.mcu.externaltools.gnu-tools-for-stm32.10.3-2021.10.linux64_1.0.0.202111181127/tools/bin/../lib/gcc/arm-none-eabi/10.3.1/../../../../arm-none-eabi/lib/thumb/v6-m/nofp/libc_nano.a(lib_a-strncpy.o)
                0x00000000080065a4                strncpy
 .text.__ssputs_r
                0x00000000080065cc       0xc4 /opt/st/stm32cubeide_1.10.1/plugins/com.st.stm32cube.ide.mcu.externaltools.gnu-tools-for-stm32.10.3-2021.10.linux64_1.0.0.202111181127/tools/bin/../lib/gcc/arm-none-eabi/10.3.1/../../../../arm-none-eabi/lib/thumb/v6-m/nofp/libc_nano.a(lib_a-nano-svfprintf.o)
                0x00000000080065cc                __ssputs_r
 .text._svfprintf_r
                0x0000000008006690      0x200 /opt/st/stm32cubeide_1.10.1/plugins/com.st.stm32cube.ide.mcu.externaltools.gnu-tools-for-stm32.10.3-2021.10.linux64_1.0.0.202111181127/tools/bin/../lib/gcc/arm-none-eabi/10.3.1/../../../../arm-none-eabi/lib/thumb/v6-m/nofp/libc_nano.a(lib_a-nano-svfprintf.o)
                0x0000000008006690                _svfprintf_r
                0x0000000008006690                _svfiprintf_r
 .text._printf_common
                0x0000000008006890       0xde /opt/st/stm32cubeide_1.10.1/plugins/com.st.stm32cube.ide.mcu.externaltools.gnu-tools-for-stm32.10.3-2021.10.linux64_1.0.0.202111181127/tools/bin/../lib/gcc/arm-none-eabi/10.3.1/../../../../arm-none-eabi/lib/thumb/v6-m/nofp/libc_nano.a(lib_a-nano-vfprintf_i.o)
                0x0000000008006890                _printf_common
 *fill*         0x000000000800696e        0x2 
 .text._printf_i
                0x0000000008006970      0x224 /opt/st/stm32cubeide_1.10.1/plugins/com.st.stm32cube.ide.mcu.externaltools.gnu-tools-for-stm32.10.3-2021.10.linux64_1.0.0.202111181127/tools/bin/../lib/gcc/arm-none-eabi/10.3.1/../../../../arm-none-eabi/lib/thumb/v6-m/nofp/libc_nano.a(lib_a-nano-vfprintf_i.o)
                0x0000000008006970                _printf_i
 .text.memchr   0x0000000008006b94       0x16 /opt/st/stm32cubeide_1.10.1/plugins/com.st.stm32cube.ide.mcu.externaltools.gnu-tools-for-stm32.10.3-2021.10.linux64_1.0.0.202111181127/tools/bin/../lib/gcc/arm-none-eabi/10.3.1/../../../../arm-none-eabi/lib/thumb/v6-m/nofp/libc_nano.a(lib_a-memchr-stub.o)
                0x0000000008006b94                memchr
 .text.memmove  0x0000000008006baa       0x26 /opt/st/stm32cubeide_1.10.1/plugins/com.st.stm32cube.ide.mcu.externaltools.gnu-tools-for-stm32.10.3-2021.10.linux64_1.0.0.202111181127/tools/bin/../lib/gcc/arm-none-eabi/10.3.1/../../../../arm-none-eabi/lib/thumb/v6-m/nofp/libc_nano.a(lib_a-memmove.o)
                0x0000000008006baa                memmove
 .text._free_r  0x0000000008006bd0       0x94 /opt/st/stm32cubeide_1.10.1/plugins/com.st.stm32cube.ide.mcu.externaltools.gnu-tools-for-stm32.10.3-2021.10.linux64_1.0.0.202111181127/tools/bin/../lib/gcc/arm-none-eabi/10.3.1/../../../../arm-none-eabi/lib/thumb/v6-m/nofp/libc_nano.a(lib_a-nano-freer.o)
                0x0000000008006bd0                _free_r
 .text.sbrk_aligned
                0x0000000008006c64       0x44 /opt/st/stm32cubeide_1.10.1/plugins/com.st.stm32cube.ide.mcu.externaltools.gnu-tools-for-stm32.10.3-2021.10.linux64_1.0.0.202111181127/tools/bin/../lib/gcc/arm-none-eabi/10.3.1/../../../../arm-none-eabi/lib/thumb/v6-m/nofp/libc_nano.a(lib_a-nano-mallocr.o)
 .text._malloc_r
                0x0000000008006ca8       0xec /opt/st/stm32cubeide_1.10.1/plugins/com.st.stm32cube.ide.mcu.externaltools.gnu-tools-for-stm32.10.3-2021.10.linux64_1.0.0.202111181127/tools/bin/../lib/gcc/arm-none-eabi/10.3.1/../../../../arm-none-eabi/lib/thumb/v6-m/nofp/libc_nano.a(lib_a-nano-mallocr.o)
                0x0000000008006ca8                _malloc_r
 .text._realloc_r
                0x0000000008006d94       0x5e /opt/st/stm32cubeide_1.10.1/plugins/com.st.stm32cube.ide.mcu.externaltools.gnu-tools-for-stm32.10.3-2021.10.linux64_1.0.0.202111181127/tools/bin/../lib/gcc/arm-none-eabi/10.3.1/../../../../arm-none-eabi/lib/thumb/v6-m/nofp/libc_nano.a(lib_a-nano-reallocr.o)
                0x0000000008006d94                _realloc_r
 *fill*         0x0000000008006df2        0x2 
 .text._sbrk_r  0x0000000008006df4       0x24 /opt/st/stm32cubeide_1.10.1/plugins/com.st.stm32cube.ide.mcu.externaltools.gnu-tools-for-stm32.10.3-2021.10.linux64_1.0.0.202111181127/tools/bin/../lib/gcc/arm-none-eabi/10.3.1/../../../../arm-none-eabi/lib/thumb/v6-m/nofp/libc_nano.a(lib_a-sbrkr.o)
                0x0000000008006df4                _sbrk_r
 .text.__malloc_lock
                0x0000000008006e18       0x10 /opt/st/stm32cubeide_1.10.1/plugins/com.st.stm32cube.ide.mcu.externaltools.gnu-tools-for-stm32.10.3-2021.10.linux64_1.0.0.202111181127/tools/bin/../lib/gcc/arm-none-eabi/10.3.1/../../../../arm-none-eabi/lib/thumb/v6-m/nofp/libc_nano.a(lib_a-mlock.o)
                0x0000000008006e18                __malloc_lock
 .text.__malloc_unlock
                0x0000000008006e28       0x10 /opt/st/stm32cubeide_1.10.1/plugins/com.st.stm32cube.ide.mcu.externaltools.gnu-tools-for-stm32.10.3-2021.10.linux64_1.0.0.202111181127/tools/bin/../lib/gcc/arm-none-eabi/10.3.1/../../../../arm-none-eabi/lib/thumb/v6-m/nofp/libc_nano.a(lib_a-mlock.o)
                0x0000000008006e28                __malloc_unlock
 .text._malloc_usable_size_r
                0x0000000008006e38       0x10 /opt/st/stm32cubeide_1.10.1/plugins/com.st.stm32cube.ide.mcu.externaltools.gnu-tools-for-stm32.10.3-2021.10.linux64_1.0.0.202111181127/tools/bin/../lib/gcc/arm-none-eabi/10.3.1/../../../../arm-none-eabi/lib/thumb/v6-m/nofp/libc_nano.a(lib_a-nano-msizer.o)
                0x0000000008006e38                _malloc_usable_size_r
 .text.__retarget_lock_acquire_recursive
                0x0000000008006e48        0x2 /opt/st/stm32cubeide_1.10.1/plugins/com.st.stm32cube.ide.mcu.externaltools.gnu-tools-for-stm32.10.3-2021.10.linux64_1.0.0.202111181127/tools/bin/../lib/gcc/arm-none-eabi/10.3.1/../../../../arm-none-eabi/lib/thumb/v6-m/nofp/libc_nano.a(lib_a-lock.o)
                0x0000000008006e48                __retarget_lock_acquire_recursive
 .text.__retarget_lock_release_recursive
                0x0000000008006e4a        0x2 /opt/st/stm32cubeide_1.10.1/plugins/com.st.stm32cube.ide.mcu.externaltools.gnu-tools-for-stm32.10.3-2021.10.linux64_1.0.0.202111181127/tools/bin/../lib/gcc/arm-none-eabi/10.3.1/../../../../arm-none-eabi/lib/thumb/v6-m/nofp/libc_nano.a(lib_a-lock.o)
                0x0000000008006e4a                __retarget_lock_release_recursive
 *(.glue_7)
 .glue_7        0x0000000008006e4c        0x0 linker stubs
 *(.glue_7t)
 .glue_7t       0x0000000008006e4c        0x0 linker stubs
 *(.eh_frame)
 .eh_frame      0x0000000008006e4c        0x0 /opt/st/stm32cubeide_1.10.1/plugins/com.st.stm32cube.ide.mcu.externaltools.gnu-tools-for-stm32.10.3-2021.10.linux64_1.0.0.202111181127/tools/bin/../lib/gcc/arm-none-eabi/10.3.1/thumb/v6-m/nofp/crtbegin.o
 *(.init)
 .init          0x0000000008006e4c        0x4 /opt/st/stm32cubeide_1.10.1/plugins/com.st.stm32cube.ide.mcu.externaltools.gnu-tools-for-stm32.10.3-2021.10.linux64_1.0.0.202111181127/tools/bin/../lib/gcc/arm-none-eabi/10.3.1/thumb/v6-m/nofp/crti.o
                0x0000000008006e4c                _init
 .init          0x0000000008006e50        0x8 /opt/st/stm32cubeide_1.10.1/plugins/com.st.stm32cube.ide.mcu.externaltools.gnu-tools-for-stm32.10.3-2021.10.linux64_1.0.0.202111181127/tools/bin/../lib/gcc/arm-none-eabi/10.3.1/thumb/v6-m/nofp/crtn.o
 *(.fini)
 .fini          0x0000000008006e58        0x4 /opt/st/stm32cubeide_1.10.1/plugins/com.st.stm32cube.ide.mcu.externaltools.gnu-tools-for-stm32.10.3-2021.10.linux64_1.0.0.202111181127/tools/bin/../lib/gcc/arm-none-eabi/10.3.1/thumb/v6-m/nofp/crti.o
                0x0000000008006e58                _fini
 .fini          0x0000000008006e5c        0x8 /opt/st/stm32cubeide_1.10.1/plugins/com.st.stm32cube.ide.mcu.externaltools.gnu-tools-for-stm32.10.3-2021.10.linux64_1.0.0.202111181127/tools/bin/../lib/gcc/arm-none-eabi/10.3.1/thumb/v6-m/nofp/crtn.o
                0x0000000008006e64                . = ALIGN (0x4)
                0x0000000008006e64                _etext = .

.vfp11_veneer   0x0000000008006e64        0x0
 .vfp11_veneer  0x0000000008006e64        0x0 linker stubs

.v4_bx          0x0000000008006e64        0x0
 .v4_bx         0x0000000008006e64        0x0 linker stubs

.iplt           0x0000000008006e64        0x0
 .iplt          0x0000000008006e64        0x0 /opt/st/stm32cubeide_1.10.1/plugins/com.st.stm32cube.ide.mcu.externaltools.gnu-tools-for-stm32.10.3-2021.10.linux64_1.0.0.202111181127/tools/bin/../lib/gcc/arm-none-eabi/10.3.1/thumb/v6-m/nofp/crtbegin.o

.rodata         0x0000000008006e64      0xe84
                0x0000000008006e64                . = ALIGN (0x4)
 *(.rodata)
 .rodata        0x0000000008006e64       0x40 /opt/st/stm32cubeide_1.10.1/plugins/com.st.stm32cube.ide.mcu.externaltools.gnu-tools-for-stm32.10.3-2021.10.linux64_1.0.0.202111181127/tools/bin/../lib/gcc/arm-none-eabi/10.3.1/thumb/v6-m/nofp/libgcc.a(mulsf3.o)
 *(.rodata*)
 .rodata.font_16x12_0
                0x0000000008006ea4      0x480 ./Core/Src/SSD1306.o
 .rodata.font_16x12_1
                0x0000000008007324      0x480 ./Core/Src/SSD1306.o
 .rodata.font_8x8
                0x00000000080077a4      0x2a0 ./Core/Src/SSD1306.o
 .rodata.main.str1.1
                0x0000000008007a44       0x7b ./Core/Src/main.o
 .rodata.write_row_innerfunc.str1.1
                0x0000000008007abf       0x14 ./Core/Src/menu.o
 .rodata.debug_display.str1.1
                0x0000000008007ad3       0x76 ./Core/Src/menu.o
 .rodata.status_display.str1.1
                0x0000000008007b49       0x63 ./Core/Src/menu.o
 .rodata.generic_display.str1.1
                0x0000000008007bac       0x36 ./Core/Src/menu.o
 .rodata.temperature_display.str1.1
                0x0000000008007be2       0x24 ./Core/Src/menu.o
 .rodata.press_time_display.str1.1
                0x0000000008007c06        0xe ./Core/Src/menu.o
 .rodata.manual_mode_display.str1.1
                0x0000000008007c14       0x18 ./Core/Src/menu.o
 .rodata.reset_display.str1.1
                0x0000000008007c2c        0xe ./Core/Src/menu.o
                                         0x15 (size before relaxing)
 .rodata.units_display.str1.1
                0x0000000008007c3a       0x21 ./Core/Src/menu.o
 .rodata.jog_display.str1.1
                0x0000000008007c5b       0x1d ./Core/Src/menu.o
 .rodata.AHBPrescTable
                0x0000000008007c78       0x10 ./Core/Src/system_stm32f0xx.o
                0x0000000008007c78                AHBPrescTable
 .rodata.APBPrescTable
                0x0000000008007c88        0x8 ./Core/Src/system_stm32f0xx.o
                0x0000000008007c88                APBPrescTable
 .rodata.HAL_RCC_GetSysClockFreq.str1.1
                0x0000000008007c90       0x22 ./Drivers/STM32F0xx_HAL_Driver/Src/stm32f0xx_hal_rcc.o
 .rodata.CSWTCH.59
                0x0000000008007cb2        0x3 ./Drivers/STM32F0xx_HAL_Driver/Src/stm32f0xx_hal_uart.o
 .rodata._svfprintf_r.str1.1
                0x0000000008007cb5       0x11 /opt/st/stm32cubeide_1.10.1/plugins/com.st.stm32cube.ide.mcu.externaltools.gnu-tools-for-stm32.10.3-2021.10.linux64_1.0.0.202111181127/tools/bin/../lib/gcc/arm-none-eabi/10.3.1/../../../../arm-none-eabi/lib/thumb/v6-m/nofp/libc_nano.a(lib_a-nano-svfprintf.o)
 .rodata._printf_i.str1.1
                0x0000000008007cc6       0x22 /opt/st/stm32cubeide_1.10.1/plugins/com.st.stm32cube.ide.mcu.externaltools.gnu-tools-for-stm32.10.3-2021.10.linux64_1.0.0.202111181127/tools/bin/../lib/gcc/arm-none-eabi/10.3.1/../../../../arm-none-eabi/lib/thumb/v6-m/nofp/libc_nano.a(lib_a-nano-vfprintf_i.o)
                0x0000000008007ce8                . = ALIGN (0x4)

.rel.dyn        0x0000000008007ce8        0x0
 .rel.iplt      0x0000000008007ce8        0x0 /opt/st/stm32cubeide_1.10.1/plugins/com.st.stm32cube.ide.mcu.externaltools.gnu-tools-for-stm32.10.3-2021.10.linux64_1.0.0.202111181127/tools/bin/../lib/gcc/arm-none-eabi/10.3.1/thumb/v6-m/nofp/crtbegin.o

.ARM.extab      0x0000000008007ce8        0x0
                0x0000000008007ce8                . = ALIGN (0x4)
 *(.ARM.extab* .gnu.linkonce.armextab.*)
                0x0000000008007ce8                . = ALIGN (0x4)

.ARM            0x0000000008007ce8        0x0
                0x0000000008007ce8                . = ALIGN (0x4)
                0x0000000008007ce8                __exidx_start = .
 *(.ARM.exidx*)
                0x0000000008007ce8                __exidx_end = .
                0x0000000008007ce8                . = ALIGN (0x4)

.preinit_array  0x0000000008007ce8        0x0
                0x0000000008007ce8                . = ALIGN (0x4)
                0x0000000008007ce8                PROVIDE (__preinit_array_start = .)
 *(.preinit_array*)
                0x0000000008007ce8                PROVIDE (__preinit_array_end = .)
                0x0000000008007ce8                . = ALIGN (0x4)

.init_array     0x0000000008007ce8        0x4
                0x0000000008007ce8                . = ALIGN (0x4)
                0x0000000008007ce8                PROVIDE (__init_array_start = .)
 *(SORT_BY_NAME(.init_array.*))
 *(.init_array*)
 .init_array    0x0000000008007ce8        0x4 /opt/st/stm32cubeide_1.10.1/plugins/com.st.stm32cube.ide.mcu.externaltools.gnu-tools-for-stm32.10.3-2021.10.linux64_1.0.0.202111181127/tools/bin/../lib/gcc/arm-none-eabi/10.3.1/thumb/v6-m/nofp/crtbegin.o
                0x0000000008007cec                PROVIDE (__init_array_end = .)
                0x0000000008007cec                . = ALIGN (0x4)

.fini_array     0x0000000008007cec        0x4
                0x0000000008007cec                . = ALIGN (0x4)
                [!provide]                        PROVIDE (__fini_array_start = .)
 *(SORT_BY_NAME(.fini_array.*))
 *(.fini_array*)
 .fini_array    0x0000000008007cec        0x4 /opt/st/stm32cubeide_1.10.1/plugins/com.st.stm32cube.ide.mcu.externaltools.gnu-tools-for-stm32.10.3-2021.10.linux64_1.0.0.202111181127/tools/bin/../lib/gcc/arm-none-eabi/10.3.1/thumb/v6-m/nofp/crtbegin.o
                [!provide]                        PROVIDE (__fini_array_end = .)
                0x0000000008007cf0                . = ALIGN (0x4)
                0x0000000008007cf0                _sidata = LOADADDR (.data)

.data           0x0000000020000000      0x75c load address 0x0000000008007cf0
                0x0000000020000000                . = ALIGN (0x4)
                0x0000000020000000                _sdata = .
 *(.data)
 *(.data*)
 .data.press    0x0000000020000000       0x64 ./Core/Src/config.o
                0x0000000020000000                press
 .data.cycle_ticks
                0x0000000020000064        0x4 ./Core/Src/control.o
                0x0000000020000064                cycle_ticks
 .data.bottom_temp_menu
                0x0000000020000068       0x68 ./Core/Src/menu.o
                0x0000000020000068                bottom_temp_menu
 .data.burps_menu
                0x00000000200000d0       0x68 ./Core/Src/menu.o
                0x00000000200000d0                burps_menu
 .data.buzzer_menu
                0x0000000020000138       0x68 ./Core/Src/menu.o
                0x0000000020000138                buzzer_menu
 .data.current_menu
                0x00000000200001a0        0x4 ./Core/Src/menu.o
                0x00000000200001a0                current_menu
 .data.cycle_menu
                0x00000000200001a4       0x68 ./Core/Src/menu.o
                0x00000000200001a4                cycle_menu
 .data.debug_menu
                0x000000002000020c       0x68 ./Core/Src/menu.o
                0x000000002000020c                debug_menu
 .data.eco_mode_menu
                0x0000000020000274       0x68 ./Core/Src/menu.o
                0x0000000020000274                eco_mode_menu
 .data.jog_menu
                0x00000000200002dc       0x68 ./Core/Src/menu.o
                0x00000000200002dc                jog_menu
 .data.main_menu
                0x0000000020000344       0x68 ./Core/Src/menu.o
                0x0000000020000344                main_menu
 .data.mode_menu
                0x00000000200003ac       0x68 ./Core/Src/menu.o
                0x00000000200003ac                mode_menu
 .data.press_reset_count
                0x0000000020000414       0x68 ./Core/Src/menu.o
                0x0000000020000414                press_reset_count
 .data.press_time_menu
                0x000000002000047c       0x68 ./Core/Src/menu.o
                0x000000002000047c                press_time_menu
 .data.reset_menu
                0x00000000200004e4       0x68 ./Core/Src/menu.o
                0x00000000200004e4                reset_menu
 .data.service_menu
                0x000000002000054c       0x68 ./Core/Src/menu.o
                0x000000002000054c                service_menu
 .data.status_menu
                0x00000000200005b4       0x68 ./Core/Src/menu.o
                0x00000000200005b4                status_menu
 .data.top_temp_menu
                0x000000002000061c       0x68 ./Core/Src/menu.o
                0x000000002000061c                top_temp_menu
 .data.units_menu
                0x0000000020000684       0x68 ./Core/Src/menu.o
                0x0000000020000684                units_menu
 .data.SystemCoreClock
                0x00000000200006ec        0x4 ./Core/Src/system_stm32f0xx.o
                0x00000000200006ec                SystemCoreClock
 .data.uwTickFreq
                0x00000000200006f0        0x1 ./Drivers/STM32F0xx_HAL_Driver/Src/stm32f0xx_hal.o
                0x00000000200006f0                uwTickFreq
 *fill*         0x00000000200006f1        0x3 
 .data.uwTickPrio
                0x00000000200006f4        0x4 ./Drivers/STM32F0xx_HAL_Driver/Src/stm32f0xx_hal.o
                0x00000000200006f4                uwTickPrio
 .data._impure_ptr
                0x00000000200006f8        0x4 /opt/st/stm32cubeide_1.10.1/plugins/com.st.stm32cube.ide.mcu.externaltools.gnu-tools-for-stm32.10.3-2021.10.linux64_1.0.0.202111181127/tools/bin/../lib/gcc/arm-none-eabi/10.3.1/../../../../arm-none-eabi/lib/thumb/v6-m/nofp/libc_nano.a(lib_a-impure.o)
                0x00000000200006f8                _impure_ptr
 .data.impure_data
                0x00000000200006fc       0x60 /opt/st/stm32cubeide_1.10.1/plugins/com.st.stm32cube.ide.mcu.externaltools.gnu-tools-for-stm32.10.3-2021.10.linux64_1.0.0.202111181127/tools/bin/../lib/gcc/arm-none-eabi/10.3.1/../../../../arm-none-eabi/lib/thumb/v6-m/nofp/libc_nano.a(lib_a-impure.o)
 *(.RamFunc)
 *(.RamFunc*)
                0x000000002000075c                . = ALIGN (0x4)
                0x000000002000075c                _edata = .

.igot.plt       0x000000002000075c        0x0 load address 0x000000000800844c
 .igot.plt      0x000000002000075c        0x0 /opt/st/stm32cubeide_1.10.1/plugins/com.st.stm32cube.ide.mcu.externaltools.gnu-tools-for-stm32.10.3-2021.10.linux64_1.0.0.202111181127/tools/bin/../lib/gcc/arm-none-eabi/10.3.1/thumb/v6-m/nofp/crtbegin.o
                0x000000002000075c                . = ALIGN (0x4)

.bss            0x000000002000075c      0x508 load address 0x000000000800844c
                0x000000002000075c                _sbss = .
                0x000000002000075c                __bss_start__ = _sbss
 *(.bss)
 .bss           0x000000002000075c       0x1c /opt/st/stm32cubeide_1.10.1/plugins/com.st.stm32cube.ide.mcu.externaltools.gnu-tools-for-stm32.10.3-2021.10.linux64_1.0.0.202111181127/tools/bin/../lib/gcc/arm-none-eabi/10.3.1/thumb/v6-m/nofp/crtbegin.o
 *(.bss*)
 .bss._char_width
                0x0000000020000778        0x1 ./Core/Src/SSD1306.o
                0x0000000020000778                _char_width
 .bss._font     0x0000000020000779        0x1 ./Core/Src/SSD1306.o
                0x0000000020000779                _font
 .bss.framebuf  0x000000002000077a       0x8d ./Core/Src/SSD1306.o
                0x000000002000077a                framebuf
 *fill*         0x0000000020000807        0x1 
 .bss.ssd1306_i2c
                0x0000000020000808        0x4 ./Core/Src/SSD1306.o
                0x0000000020000808                ssd1306_i2c
 .bss.timeout_cnt
                0x000000002000080c        0x4 ./Core/Src/SSD1306.o
                0x000000002000080c                timeout_cnt
 .bss.active_thermocouple
                0x0000000020000810        0x1 ./Core/Src/control.o
                0x0000000020000810                active_thermocouple
 .bss.adc_ready
                0x0000000020000811        0x1 ./Core/Src/control.o
                0x0000000020000811                adc_ready
 .bss.blue_led_ctr
                0x0000000020000812        0x2 ./Core/Src/control.o
                0x0000000020000812                blue_led_ctr
 .bss.buzzer_ctr
                0x0000000020000814        0x2 ./Core/Src/control.o
                0x0000000020000814                buzzer_ctr
 .bss.cycle_mode
                0x0000000020000816        0x1 ./Core/Src/control.o
                0x0000000020000816                cycle_mode
 .bss.cycle_state
                0x0000000020000817        0x1 ./Core/Src/control.o
                0x0000000020000817                cycle_state
 .bss.press_count
                0x0000000020000818        0x4 ./Core/Src/control.o
                0x0000000020000818                press_count
 .bss.shunt_current_sqr_filt
                0x000000002000081c        0x4 ./Core/Src/control.o
                0x000000002000081c                shunt_current_sqr_filt
 .bss.thermo_buf
                0x0000000020000820        0x4 ./Core/Src/control.o
                0x0000000020000820                thermo_buf
 .bss.ticks     0x0000000020000824        0x4 ./Core/Src/control.o
                0x0000000020000824                ticks
 .bss.white_led_ctr
                0x0000000020000828        0x2 ./Core/Src/control.o
                0x0000000020000828                white_led_ctr
 *fill*         0x000000002000082a        0x2 
 .bss.activate_left_button
                0x000000002000082c        0x8 ./Core/Src/debounce.o
                0x000000002000082c                activate_left_button
 .bss.activate_right_button
                0x0000000020000834        0x8 ./Core/Src/debounce.o
                0x0000000020000834                activate_right_button
 .bss.menu_down_button
                0x000000002000083c        0x8 ./Core/Src/debounce.o
                0x000000002000083c                menu_down_button
 .bss.menu_enter_button
                0x0000000020000844        0x8 ./Core/Src/debounce.o
                0x0000000020000844                menu_enter_button
 .bss.menu_up_button
                0x000000002000084c        0x8 ./Core/Src/debounce.o
                0x000000002000084c                menu_up_button
 .bss.press_bottom_limit
                0x0000000020000854        0x8 ./Core/Src/debounce.o
                0x0000000020000854                press_bottom_limit
 .bss.press_top_limit
                0x000000002000085c        0x8 ./Core/Src/debounce.o
                0x000000002000085c                press_top_limit
 .bss.tray_interlock
                0x0000000020000864        0x8 ./Core/Src/debounce.o
                0x0000000020000864                tray_interlock
 .bss.adc_output
                0x000000002000086c        0x2 ./Core/Src/main.o
                0x000000002000086c                adc_output
 *fill*         0x000000002000086e        0x2 
 .bss.hadc      0x0000000020000870       0x40 ./Core/Src/main.o
                0x0000000020000870                hadc
 .bss.hdma_adc  0x00000000200008b0       0x44 ./Core/Src/main.o
                0x00000000200008b0                hdma_adc
 .bss.hdma_i2c2_tx
                0x00000000200008f4       0x44 ./Core/Src/main.o
                0x00000000200008f4                hdma_i2c2_tx
 .bss.hi2c2     0x0000000020000938       0x4c ./Core/Src/main.o
                0x0000000020000938                hi2c2
 .bss.hiwdg     0x0000000020000984       0x10 ./Core/Src/main.o
                0x0000000020000984                hiwdg
 .bss.hrtc      0x0000000020000994       0x20 ./Core/Src/main.o
                0x0000000020000994                hrtc
 .bss.hspi1     0x00000000200009b4       0x64 ./Core/Src/main.o
                0x00000000200009b4                hspi1
 .bss.htim1     0x0000000020000a18       0x48 ./Core/Src/main.o
                0x0000000020000a18                htim1
 .bss.htim2     0x0000000020000a60       0x48 ./Core/Src/main.o
                0x0000000020000a60                htim2
 .bss.huart2    0x0000000020000aa8       0x84 ./Core/Src/main.o
                0x0000000020000aa8                huart2
 .bss.last_button_press
                0x0000000020000b2c        0x4 ./Core/Src/main.o
                0x0000000020000b2c                last_button_press
 .bss.max_current
                0x0000000020000b30        0x4 ./Core/Src/main.o
                0x0000000020000b30                max_current
 .bss.menu_awake
                0x0000000020000b34        0x1 ./Core/Src/main.o
                0x0000000020000b34                menu_awake
 *fill*         0x0000000020000b35        0x3 
 .bss.menu_last_used
                0x0000000020000b38        0x4 ./Core/Src/main.o
                0x0000000020000b38                menu_last_used
 .bss.shunt_current
                0x0000000020000b3c        0x4 ./Core/Src/main.o
                0x0000000020000b3c                shunt_current
 .bss.busy_flag
                0x0000000020000b40        0x1 ./Core/Src/menu.o
                0x0000000020000b40                busy_flag
 .bss.display_row
                0x0000000020000b41        0x1 ./Core/Src/menu.o
                0x0000000020000b41                display_row
 .bss.screen_buf
                0x0000000020000b42      0x100 ./Core/Src/menu.o
                0x0000000020000b42                screen_buf
 .bss.screen_fonts
                0x0000000020000c42        0x8 ./Core/Src/menu.o
                0x0000000020000c42                screen_fonts
 *fill*         0x0000000020000c4a        0x2 
 .bss.__sbrk_heap_end
                0x0000000020000c4c        0x4 ./Core/Src/sysmem.o
 .bss.uwTick    0x0000000020000c50        0x4 ./Drivers/STM32F0xx_HAL_Driver/Src/stm32f0xx_hal.o
                0x0000000020000c50                uwTick
 .bss.__malloc_free_list
                0x0000000020000c54        0x4 /opt/st/stm32cubeide_1.10.1/plugins/com.st.stm32cube.ide.mcu.externaltools.gnu-tools-for-stm32.10.3-2021.10.linux64_1.0.0.202111181127/tools/bin/../lib/gcc/arm-none-eabi/10.3.1/../../../../arm-none-eabi/lib/thumb/v6-m/nofp/libc_nano.a(lib_a-nano-mallocr.o)
                0x0000000020000c54                __malloc_free_list
 .bss.__malloc_sbrk_start
                0x0000000020000c58        0x4 /opt/st/stm32cubeide_1.10.1/plugins/com.st.stm32cube.ide.mcu.externaltools.gnu-tools-for-stm32.10.3-2021.10.linux64_1.0.0.202111181127/tools/bin/../lib/gcc/arm-none-eabi/10.3.1/../../../../arm-none-eabi/lib/thumb/v6-m/nofp/libc_nano.a(lib_a-nano-mallocr.o)
                0x0000000020000c58                __malloc_sbrk_start
 .bss.errno     0x0000000020000c5c        0x4 /opt/st/stm32cubeide_1.10.1/plugins/com.st.stm32cube.ide.mcu.externaltools.gnu-tools-for-stm32.10.3-2021.10.linux64_1.0.0.202111181127/tools/bin/../lib/gcc/arm-none-eabi/10.3.1/../../../../arm-none-eabi/lib/thumb/v6-m/nofp/libc_nano.a(lib_a-reent.o)
                0x0000000020000c5c                errno
 .bss.__lock___malloc_recursive_mutex
                0x0000000020000c60        0x1 /opt/st/stm32cubeide_1.10.1/plugins/com.st.stm32cube.ide.mcu.externaltools.gnu-tools-for-stm32.10.3-2021.10.linux64_1.0.0.202111181127/tools/bin/../lib/gcc/arm-none-eabi/10.3.1/../../../../arm-none-eabi/lib/thumb/v6-m/nofp/libc_nano.a(lib_a-lock.o)
                0x0000000020000c60                __lock___malloc_recursive_mutex
 *(COMMON)
                0x0000000020000c64                . = ALIGN (0x4)
 *fill*         0x0000000020000c61        0x3 
                0x0000000020000c64                _ebss = .
                0x0000000020000c64                __bss_end__ = _ebss

._user_heap_stack
                0x0000000020000c64      0x604 load address 0x000000000800844c
                0x0000000020000c68                . = ALIGN (0x8)
 *fill*         0x0000000020000c64        0x4 
                [!provide]                        PROVIDE (end = .)
                0x0000000020000c68                PROVIDE (_end = .)
                0x0000000020000e68                . = (. + _Min_Heap_Size)
 *fill*         0x0000000020000c68      0x200 
                0x0000000020001268                . = (. + _Min_Stack_Size)
 *fill*         0x0000000020000e68      0x400 
                0x0000000020001268                . = ALIGN (0x8)

/DISCARD/
 libc.a(*)
 libm.a(*)
 libgcc.a(*)

.ARM.attributes
                0x0000000000000000       0x28
 *(.ARM.attributes)
 .ARM.attributes
                0x0000000000000000       0x1e /opt/st/stm32cubeide_1.10.1/plugins/com.st.stm32cube.ide.mcu.externaltools.gnu-tools-for-stm32.10.3-2021.10.linux64_1.0.0.202111181127/tools/bin/../lib/gcc/arm-none-eabi/10.3.1/thumb/v6-m/nofp/crti.o
 .ARM.attributes
                0x000000000000001e       0x2c /opt/st/stm32cubeide_1.10.1/plugins/com.st.stm32cube.ide.mcu.externaltools.gnu-tools-for-stm32.10.3-2021.10.linux64_1.0.0.202111181127/tools/bin/../lib/gcc/arm-none-eabi/10.3.1/thumb/v6-m/nofp/crtbegin.o
 .ARM.attributes
                0x000000000000004a       0x2c ./Core/Src/SSD1306.o
 .ARM.attributes
                0x0000000000000076       0x2c ./Core/Src/config.o
 .ARM.attributes
                0x00000000000000a2       0x2c ./Core/Src/control.o
 .ARM.attributes
                0x00000000000000ce       0x2c ./Core/Src/debounce.o
 .ARM.attributes
                0x00000000000000fa       0x2c ./Core/Src/main.o
 .ARM.attributes
                0x0000000000000126       0x2c ./Core/Src/menu.o
 .ARM.attributes
                0x0000000000000152       0x2c ./Core/Src/stm32f0xx_hal_msp.o
 .ARM.attributes
                0x000000000000017e       0x2c ./Core/Src/stm32f0xx_it.o
 .ARM.attributes
                0x00000000000001aa       0x2c ./Core/Src/sysmem.o
 .ARM.attributes
                0x00000000000001d6       0x2c ./Core/Src/system_stm32f0xx.o
 .ARM.attributes
                0x0000000000000202       0x21 ./Core/Startup/startup_stm32f051c8tx.o
 .ARM.attributes
                0x0000000000000223       0x2c ./Drivers/STM32F0xx_HAL_Driver/Src/stm32f0xx_hal.o
 .ARM.attributes
                0x000000000000024f       0x2c ./Drivers/STM32F0xx_HAL_Driver/Src/stm32f0xx_hal_adc.o
 .ARM.attributes
                0x000000000000027b       0x2c ./Drivers/STM32F0xx_HAL_Driver/Src/stm32f0xx_hal_adc_ex.o
 .ARM.attributes
                0x00000000000002a7       0x2c ./Drivers/STM32F0xx_HAL_Driver/Src/stm32f0xx_hal_cortex.o
 .ARM.attributes
                0x00000000000002d3       0x2c ./Drivers/STM32F0xx_HAL_Driver/Src/stm32f0xx_hal_dma.o
 .ARM.attributes
                0x00000000000002ff       0x2c ./Drivers/STM32F0xx_HAL_Driver/Src/stm32f0xx_hal_gpio.o
 .ARM.attributes
                0x000000000000032b       0x2c ./Drivers/STM32F0xx_HAL_Driver/Src/stm32f0xx_hal_i2c.o
 .ARM.attributes
                0x0000000000000357       0x2c ./Drivers/STM32F0xx_HAL_Driver/Src/stm32f0xx_hal_i2c_ex.o
 .ARM.attributes
                0x0000000000000383       0x2c ./Drivers/STM32F0xx_HAL_Driver/Src/stm32f0xx_hal_iwdg.o
 .ARM.attributes
                0x00000000000003af       0x2c ./Drivers/STM32F0xx_HAL_Driver/Src/stm32f0xx_hal_pwr.o
 .ARM.attributes
                0x00000000000003db       0x2c ./Drivers/STM32F0xx_HAL_Driver/Src/stm32f0xx_hal_rcc.o
 .ARM.attributes
                0x0000000000000407       0x2c ./Drivers/STM32F0xx_HAL_Driver/Src/stm32f0xx_hal_rcc_ex.o
 .ARM.attributes
                0x0000000000000433       0x2c ./Drivers/STM32F0xx_HAL_Driver/Src/stm32f0xx_hal_rtc.o
 .ARM.attributes
                0x000000000000045f       0x2c ./Drivers/STM32F0xx_HAL_Driver/Src/stm32f0xx_hal_rtc_ex.o
 .ARM.attributes
                0x000000000000048b       0x2c ./Drivers/STM32F0xx_HAL_Driver/Src/stm32f0xx_hal_spi.o
 .ARM.attributes
                0x00000000000004b7       0x2c ./Drivers/STM32F0xx_HAL_Driver/Src/stm32f0xx_hal_tim.o
 .ARM.attributes
                0x00000000000004e3       0x2c ./Drivers/STM32F0xx_HAL_Driver/Src/stm32f0xx_hal_tim_ex.o
 .ARM.attributes
                0x000000000000050f       0x2c ./Drivers/STM32F0xx_HAL_Driver/Src/stm32f0xx_hal_uart.o
 .ARM.attributes
                0x000000000000053b       0x2c /opt/st/stm32cubeide_1.10.1/plugins/com.st.stm32cube.ide.mcu.externaltools.gnu-tools-for-stm32.10.3-2021.10.linux64_1.0.0.202111181127/tools/bin/../lib/gcc/arm-none-eabi/10.3.1/../../../../arm-none-eabi/lib/thumb/v6-m/nofp/libc_nano.a(lib_a-errno.o)
 .ARM.attributes
                0x0000000000000567       0x2c /opt/st/stm32cubeide_1.10.1/plugins/com.st.stm32cube.ide.mcu.externaltools.gnu-tools-for-stm32.10.3-2021.10.linux64_1.0.0.202111181127/tools/bin/../lib/gcc/arm-none-eabi/10.3.1/../../../../arm-none-eabi/lib/thumb/v6-m/nofp/libc_nano.a(lib_a-impure.o)
 .ARM.attributes
                0x0000000000000593       0x2c /opt/st/stm32cubeide_1.10.1/plugins/com.st.stm32cube.ide.mcu.externaltools.gnu-tools-for-stm32.10.3-2021.10.linux64_1.0.0.202111181127/tools/bin/../lib/gcc/arm-none-eabi/10.3.1/../../../../arm-none-eabi/lib/thumb/v6-m/nofp/libc_nano.a(lib_a-init.o)
 .ARM.attributes
                0x00000000000005bf       0x2c /opt/st/stm32cubeide_1.10.1/plugins/com.st.stm32cube.ide.mcu.externaltools.gnu-tools-for-stm32.10.3-2021.10.linux64_1.0.0.202111181127/tools/bin/../lib/gcc/arm-none-eabi/10.3.1/../../../../arm-none-eabi/lib/thumb/v6-m/nofp/libc_nano.a(lib_a-memcpy-stub.o)
 .ARM.attributes
                0x00000000000005eb       0x2c /opt/st/stm32cubeide_1.10.1/plugins/com.st.stm32cube.ide.mcu.externaltools.gnu-tools-for-stm32.10.3-2021.10.linux64_1.0.0.202111181127/tools/bin/../lib/gcc/arm-none-eabi/10.3.1/../../../../arm-none-eabi/lib/thumb/v6-m/nofp/libc_nano.a(lib_a-memset.o)
 .ARM.attributes
                0x0000000000000617       0x2c /opt/st/stm32cubeide_1.10.1/plugins/com.st.stm32cube.ide.mcu.externaltools.gnu-tools-for-stm32.10.3-2021.10.linux64_1.0.0.202111181127/tools/bin/../lib/gcc/arm-none-eabi/10.3.1/../../../../arm-none-eabi/lib/thumb/v6-m/nofp/libc_nano.a(lib_a-sprintf.o)
 .ARM.attributes
                0x0000000000000643       0x1c /opt/st/stm32cubeide_1.10.1/plugins/com.st.stm32cube.ide.mcu.externaltools.gnu-tools-for-stm32.10.3-2021.10.linux64_1.0.0.202111181127/tools/bin/../lib/gcc/arm-none-eabi/10.3.1/../../../../arm-none-eabi/lib/thumb/v6-m/nofp/libc_nano.a(lib_a-strlen.o)
 .ARM.attributes
                0x000000000000065f       0x2c /opt/st/stm32cubeide_1.10.1/plugins/com.st.stm32cube.ide.mcu.externaltools.gnu-tools-for-stm32.10.3-2021.10.linux64_1.0.0.202111181127/tools/bin/../lib/gcc/arm-none-eabi/10.3.1/../../../../arm-none-eabi/lib/thumb/v6-m/nofp/libc_nano.a(lib_a-strncpy.o)
 .ARM.attributes
                0x000000000000068b       0x2c /opt/st/stm32cubeide_1.10.1/plugins/com.st.stm32cube.ide.mcu.externaltools.gnu-tools-for-stm32.10.3-2021.10.linux64_1.0.0.202111181127/tools/bin/../lib/gcc/arm-none-eabi/10.3.1/../../../../arm-none-eabi/lib/thumb/v6-m/nofp/libc_nano.a(lib_a-nano-svfprintf.o)
 .ARM.attributes
                0x00000000000006b7       0x2c /opt/st/stm32cubeide_1.10.1/plugins/com.st.stm32cube.ide.mcu.externaltools.gnu-tools-for-stm32.10.3-2021.10.linux64_1.0.0.202111181127/tools/bin/../lib/gcc/arm-none-eabi/10.3.1/../../../../arm-none-eabi/lib/thumb/v6-m/nofp/libc_nano.a(lib_a-nano-vfprintf_i.o)
 .ARM.attributes
                0x00000000000006e3       0x2c /opt/st/stm32cubeide_1.10.1/plugins/com.st.stm32cube.ide.mcu.externaltools.gnu-tools-for-stm32.10.3-2021.10.linux64_1.0.0.202111181127/tools/bin/../lib/gcc/arm-none-eabi/10.3.1/../../../../arm-none-eabi/lib/thumb/v6-m/nofp/libc_nano.a(lib_a-memchr-stub.o)
 .ARM.attributes
                0x000000000000070f       0x2c /opt/st/stm32cubeide_1.10.1/plugins/com.st.stm32cube.ide.mcu.externaltools.gnu-tools-for-stm32.10.3-2021.10.linux64_1.0.0.202111181127/tools/bin/../lib/gcc/arm-none-eabi/10.3.1/../../../../arm-none-eabi/lib/thumb/v6-m/nofp/libc_nano.a(lib_a-memmove.o)
 .ARM.attributes
                0x000000000000073b       0x2c /opt/st/stm32cubeide_1.10.1/plugins/com.st.stm32cube.ide.mcu.externaltools.gnu-tools-for-stm32.10.3-2021.10.linux64_1.0.0.202111181127/tools/bin/../lib/gcc/arm-none-eabi/10.3.1/../../../../arm-none-eabi/lib/thumb/v6-m/nofp/libc_nano.a(lib_a-nano-freer.o)
 .ARM.attributes
                0x0000000000000767       0x2c /opt/st/stm32cubeide_1.10.1/plugins/com.st.stm32cube.ide.mcu.externaltools.gnu-tools-for-stm32.10.3-2021.10.linux64_1.0.0.202111181127/tools/bin/../lib/gcc/arm-none-eabi/10.3.1/../../../../arm-none-eabi/lib/thumb/v6-m/nofp/libc_nano.a(lib_a-nano-mallocr.o)
 .ARM.attributes
                0x0000000000000793       0x2c /opt/st/stm32cubeide_1.10.1/plugins/com.st.stm32cube.ide.mcu.externaltools.gnu-tools-for-stm32.10.3-2021.10.linux64_1.0.0.202111181127/tools/bin/../lib/gcc/arm-none-eabi/10.3.1/../../../../arm-none-eabi/lib/thumb/v6-m/nofp/libc_nano.a(lib_a-nano-reallocr.o)
 .ARM.attributes
                0x00000000000007bf       0x2c /opt/st/stm32cubeide_1.10.1/plugins/com.st.stm32cube.ide.mcu.externaltools.gnu-tools-for-stm32.10.3-2021.10.linux64_1.0.0.202111181127/tools/bin/../lib/gcc/arm-none-eabi/10.3.1/../../../../arm-none-eabi/lib/thumb/v6-m/nofp/libc_nano.a(lib_a-sbrkr.o)
 .ARM.attributes
                0x00000000000007eb       0x2c /opt/st/stm32cubeide_1.10.1/plugins/com.st.stm32cube.ide.mcu.externaltools.gnu-tools-for-stm32.10.3-2021.10.linux64_1.0.0.202111181127/tools/bin/../lib/gcc/arm-none-eabi/10.3.1/../../../../arm-none-eabi/lib/thumb/v6-m/nofp/libc_nano.a(lib_a-mlock.o)
 .ARM.attributes
                0x0000000000000817       0x2c /opt/st/stm32cubeide_1.10.1/plugins/com.st.stm32cube.ide.mcu.externaltools.gnu-tools-for-stm32.10.3-2021.10.linux64_1.0.0.202111181127/tools/bin/../lib/gcc/arm-none-eabi/10.3.1/../../../../arm-none-eabi/lib/thumb/v6-m/nofp/libc_nano.a(lib_a-nano-msizer.o)
 .ARM.attributes
                0x0000000000000843       0x2c /opt/st/stm32cubeide_1.10.1/plugins/com.st.stm32cube.ide.mcu.externaltools.gnu-tools-for-stm32.10.3-2021.10.linux64_1.0.0.202111181127/tools/bin/../lib/gcc/arm-none-eabi/10.3.1/../../../../arm-none-eabi/lib/thumb/v6-m/nofp/libc_nano.a(lib_a-reent.o)
 .ARM.attributes
                0x000000000000086f       0x2c /opt/st/stm32cubeide_1.10.1/plugins/com.st.stm32cube.ide.mcu.externaltools.gnu-tools-for-stm32.10.3-2021.10.linux64_1.0.0.202111181127/tools/bin/../lib/gcc/arm-none-eabi/10.3.1/../../../../arm-none-eabi/lib/thumb/v6-m/nofp/libc_nano.a(lib_a-lock.o)
 .ARM.attributes
                0x000000000000089b       0x1e /opt/st/stm32cubeide_1.10.1/plugins/com.st.stm32cube.ide.mcu.externaltools.gnu-tools-for-stm32.10.3-2021.10.linux64_1.0.0.202111181127/tools/bin/../lib/gcc/arm-none-eabi/10.3.1/thumb/v6-m/nofp/libgcc.a(_thumb1_case_uqi.o)
 .ARM.attributes
                0x00000000000008b9       0x1e /opt/st/stm32cubeide_1.10.1/plugins/com.st.stm32cube.ide.mcu.externaltools.gnu-tools-for-stm32.10.3-2021.10.linux64_1.0.0.202111181127/tools/bin/../lib/gcc/arm-none-eabi/10.3.1/thumb/v6-m/nofp/libgcc.a(_thumb1_case_shi.o)
 .ARM.attributes
                0x00000000000008d7       0x1e /opt/st/stm32cubeide_1.10.1/plugins/com.st.stm32cube.ide.mcu.externaltools.gnu-tools-for-stm32.10.3-2021.10.linux64_1.0.0.202111181127/tools/bin/../lib/gcc/arm-none-eabi/10.3.1/thumb/v6-m/nofp/libgcc.a(_udivsi3.o)
 .ARM.attributes
                0x00000000000008f5       0x1e /opt/st/stm32cubeide_1.10.1/plugins/com.st.stm32cube.ide.mcu.externaltools.gnu-tools-for-stm32.10.3-2021.10.linux64_1.0.0.202111181127/tools/bin/../lib/gcc/arm-none-eabi/10.3.1/thumb/v6-m/nofp/libgcc.a(_divsi3.o)
 .ARM.attributes
                0x0000000000000913       0x1e /opt/st/stm32cubeide_1.10.1/plugins/com.st.stm32cube.ide.mcu.externaltools.gnu-tools-for-stm32.10.3-2021.10.linux64_1.0.0.202111181127/tools/bin/../lib/gcc/arm-none-eabi/10.3.1/thumb/v6-m/nofp/libgcc.a(_dvmd_tls.o)
 .ARM.attributes
                0x0000000000000931       0x1e /opt/st/stm32cubeide_1.10.1/plugins/com.st.stm32cube.ide.mcu.externaltools.gnu-tools-for-stm32.10.3-2021.10.linux64_1.0.0.202111181127/tools/bin/../lib/gcc/arm-none-eabi/10.3.1/thumb/v6-m/nofp/libgcc.a(_arm_cmpsf2.o)
 .ARM.attributes
                0x000000000000094f       0x2c /opt/st/stm32cubeide_1.10.1/plugins/com.st.stm32cube.ide.mcu.externaltools.gnu-tools-for-stm32.10.3-2021.10.linux64_1.0.0.202111181127/tools/bin/../lib/gcc/arm-none-eabi/10.3.1/thumb/v6-m/nofp/libgcc.a(addsf3.o)
 .ARM.attributes
                0x000000000000097b       0x2c /opt/st/stm32cubeide_1.10.1/plugins/com.st.stm32cube.ide.mcu.externaltools.gnu-tools-for-stm32.10.3-2021.10.linux64_1.0.0.202111181127/tools/bin/../lib/gcc/arm-none-eabi/10.3.1/thumb/v6-m/nofp/libgcc.a(eqsf2.o)
 .ARM.attributes
                0x00000000000009a7       0x2c /opt/st/stm32cubeide_1.10.1/plugins/com.st.stm32cube.ide.mcu.externaltools.gnu-tools-for-stm32.10.3-2021.10.linux64_1.0.0.202111181127/tools/bin/../lib/gcc/arm-none-eabi/10.3.1/thumb/v6-m/nofp/libgcc.a(gesf2.o)
 .ARM.attributes
                0x00000000000009d3       0x2c /opt/st/stm32cubeide_1.10.1/plugins/com.st.stm32cube.ide.mcu.externaltools.gnu-tools-for-stm32.10.3-2021.10.linux64_1.0.0.202111181127/tools/bin/../lib/gcc/arm-none-eabi/10.3.1/thumb/v6-m/nofp/libgcc.a(lesf2.o)
 .ARM.attributes
                0x00000000000009ff       0x2c /opt/st/stm32cubeide_1.10.1/plugins/com.st.stm32cube.ide.mcu.externaltools.gnu-tools-for-stm32.10.3-2021.10.linux64_1.0.0.202111181127/tools/bin/../lib/gcc/arm-none-eabi/10.3.1/thumb/v6-m/nofp/libgcc.a(mulsf3.o)
 .ARM.attributes
                0x0000000000000a2b       0x2c /opt/st/stm32cubeide_1.10.1/plugins/com.st.stm32cube.ide.mcu.externaltools.gnu-tools-for-stm32.10.3-2021.10.linux64_1.0.0.202111181127/tools/bin/../lib/gcc/arm-none-eabi/10.3.1/thumb/v6-m/nofp/libgcc.a(subsf3.o)
 .ARM.attributes
                0x0000000000000a57       0x2c /opt/st/stm32cubeide_1.10.1/plugins/com.st.stm32cube.ide.mcu.externaltools.gnu-tools-for-stm32.10.3-2021.10.linux64_1.0.0.202111181127/tools/bin/../lib/gcc/arm-none-eabi/10.3.1/thumb/v6-m/nofp/libgcc.a(fixsfsi.o)
 .ARM.attributes
                0x0000000000000a83       0x2c /opt/st/stm32cubeide_1.10.1/plugins/com.st.stm32cube.ide.mcu.externaltools.gnu-tools-for-stm32.10.3-2021.10.linux64_1.0.0.202111181127/tools/bin/../lib/gcc/arm-none-eabi/10.3.1/thumb/v6-m/nofp/libgcc.a(floatsisf.o)
 .ARM.attributes
                0x0000000000000aaf       0x1e /opt/st/stm32cubeide_1.10.1/plugins/com.st.stm32cube.ide.mcu.externaltools.gnu-tools-for-stm32.10.3-2021.10.linux64_1.0.0.202111181127/tools/bin/../lib/gcc/arm-none-eabi/10.3.1/thumb/v6-m/nofp/libgcc.a(_clzsi2.o)
 .ARM.attributes
                0x0000000000000acd       0x1e /opt/st/stm32cubeide_1.10.1/plugins/com.st.stm32cube.ide.mcu.externaltools.gnu-tools-for-stm32.10.3-2021.10.linux64_1.0.0.202111181127/tools/bin/../lib/gcc/arm-none-eabi/10.3.1/thumb/v6-m/nofp/crtn.o
OUTPUT(Pizza_Press_F0_ayeiser_rev5.elf elf32-littlearm)
LOAD linker stubs
LOAD /opt/st/stm32cubeide_1.10.1/plugins/com.st.stm32cube.ide.mcu.externaltools.gnu-tools-for-stm32.10.3-2021.10.linux64_1.0.0.202111181127/tools/bin/../lib/gcc/arm-none-eabi/10.3.1/../../../../arm-none-eabi/lib/thumb/v6-m/nofp/libc.a
LOAD /opt/st/stm32cubeide_1.10.1/plugins/com.st.stm32cube.ide.mcu.externaltools.gnu-tools-for-stm32.10.3-2021.10.linux64_1.0.0.202111181127/tools/bin/../lib/gcc/arm-none-eabi/10.3.1/../../../../arm-none-eabi/lib/thumb/v6-m/nofp/libm.a
LOAD /opt/st/stm32cubeide_1.10.1/plugins/com.st.stm32cube.ide.mcu.externaltools.gnu-tools-for-stm32.10.3-2021.10.linux64_1.0.0.202111181127/tools/bin/../lib/gcc/arm-none-eabi/10.3.1/thumb/v6-m/nofp/libgcc.a

.comment        0x0000000000000000       0x50
 .comment       0x0000000000000000       0x50 ./Core/Src/SSD1306.o
                                         0x51 (size before relaxing)
 .comment       0x0000000000000050       0x51 ./Core/Src/config.o
 .comment       0x0000000000000050       0x51 ./Core/Src/control.o
 .comment       0x0000000000000050       0x51 ./Core/Src/debounce.o
 .comment       0x0000000000000050       0x51 ./Core/Src/main.o
 .comment       0x0000000000000050       0x51 ./Core/Src/menu.o
 .comment       0x0000000000000050       0x51 ./Core/Src/stm32f0xx_hal_msp.o
 .comment       0x0000000000000050       0x51 ./Core/Src/stm32f0xx_it.o
 .comment       0x0000000000000050       0x51 ./Core/Src/sysmem.o
 .comment       0x0000000000000050       0x51 ./Core/Src/system_stm32f0xx.o
 .comment       0x0000000000000050       0x51 ./Drivers/STM32F0xx_HAL_Driver/Src/stm32f0xx_hal.o
 .comment       0x0000000000000050       0x51 ./Drivers/STM32F0xx_HAL_Driver/Src/stm32f0xx_hal_adc.o
 .comment       0x0000000000000050       0x51 ./Drivers/STM32F0xx_HAL_Driver/Src/stm32f0xx_hal_adc_ex.o
 .comment       0x0000000000000050       0x51 ./Drivers/STM32F0xx_HAL_Driver/Src/stm32f0xx_hal_cortex.o
 .comment       0x0000000000000050       0x51 ./Drivers/STM32F0xx_HAL_Driver/Src/stm32f0xx_hal_dma.o
 .comment       0x0000000000000050       0x51 ./Drivers/STM32F0xx_HAL_Driver/Src/stm32f0xx_hal_gpio.o
 .comment       0x0000000000000050       0x51 ./Drivers/STM32F0xx_HAL_Driver/Src/stm32f0xx_hal_i2c.o
 .comment       0x0000000000000050       0x51 ./Drivers/STM32F0xx_HAL_Driver/Src/stm32f0xx_hal_i2c_ex.o
 .comment       0x0000000000000050       0x51 ./Drivers/STM32F0xx_HAL_Driver/Src/stm32f0xx_hal_iwdg.o
 .comment       0x0000000000000050       0x51 ./Drivers/STM32F0xx_HAL_Driver/Src/stm32f0xx_hal_pwr.o
 .comment       0x0000000000000050       0x51 ./Drivers/STM32F0xx_HAL_Driver/Src/stm32f0xx_hal_rcc.o
 .comment       0x0000000000000050       0x51 ./Drivers/STM32F0xx_HAL_Driver/Src/stm32f0xx_hal_rcc_ex.o
 .comment       0x0000000000000050       0x51 ./Drivers/STM32F0xx_HAL_Driver/Src/stm32f0xx_hal_rtc.o
 .comment       0x0000000000000050       0x51 ./Drivers/STM32F0xx_HAL_Driver/Src/stm32f0xx_hal_rtc_ex.o
 .comment       0x0000000000000050       0x51 ./Drivers/STM32F0xx_HAL_Driver/Src/stm32f0xx_hal_spi.o
 .comment       0x0000000000000050       0x51 ./Drivers/STM32F0xx_HAL_Driver/Src/stm32f0xx_hal_tim.o
 .comment       0x0000000000000050       0x51 ./Drivers/STM32F0xx_HAL_Driver/Src/stm32f0xx_hal_tim_ex.o